===JSON===
{
 "mongoVersion": "7.0.39",
 "celeryVersion": "5.4.0",
 "pymongoVersion": "4.9.1",
 "redisVersion": "5.0.8",
 "prefetch": 1,
 "acksLate": true,
 "acksLateVacuousZeroDuplicates": false,
 "visibilityTimeout": 30,
 "retryPolicy": "none",
 "retryDeadline": 120.0,
 "secondsPerRate": 30.0,
 "docs": 1500000,
 "dataSizeBytes": 1086000000,
 "oversubscription": 4.05,
 "results": [
  {
   "targetRatePerSecond": 400,
   "seconds": 30.0,
   "enqueued": 12000,
   "completedDuringLoad": 1899,
   "completedTotal": 11862,
   "throughputPerSecond": 63.3,
   "queueDepthAtEnd": 10030,
   "queueDepthMax": 9883,
   "executionsTotal": 12000,
   "duplicateExecutions": 0,
   "duplicateRatePct": 0.0,
   "drainSeconds": null,
   "drainTimedOut": true,
   "ticketsMax": 9,
   "ticketsOutMax": 8,
   "queuedMicrosDelta": 8813966,
   "pagesReadIntoCache": 12019,
   "samples": 60,
   "sampleSeries": [
    {
     "t": 0.0,
     "queue": 0,
     "readTotal": 4,
     "readOut": 0,
     "queuedMicros": 0,
     "pagesRead": 6,
     "executions": 0,
     "completed": 0,
     "duplicates": 0
    },
    {
     "t": 0.5,
     "queue": 160,
     "readTotal": 5,
     "readOut": 5,
     "queuedMicros": 827562,
     "pagesRead": 89,
     "executions": 41,
     "completed": 33,
     "duplicates": 0
    },
    {
     "t": 1.0,
     "queue": 315,
     "readTotal": 5,
     "readOut": 5,
     "queuedMicros": 2037679,
     "pagesRead": 181,
     "executions": 86,
     "completed": 78,
     "duplicates": 0
    },
    {
     "t": 1.5,
     "queue": 471,
     "readTotal": 6,
     "readOut": 6,
     "queuedMicros": 2907570,
     "pagesRead": 270,
     "executions": 130,
     "completed": 122,
     "duplicates": 0
    },
    {
     "t": 2.0,
     "queue": 626,
     "readTotal": 5,
     "readOut": 5,
     "queuedMicros": 3753609,
     "pagesRead": 356,
     "executions": 175,
     "completed": 167,
     "duplicates": 0
    },
    {
     "t": 2.5,
     "queue": 782,
     "readTotal": 6,
     "readOut": 6,
     "queuedMicros": 4607752,
     "pagesRead": 440,
     "executions": 219,
     "completed": 211,
     "duplicates": 0
    },
    {
     "t": 3.0,
     "queue": 937,
     "readTotal": 5,
     "readOut": 5,
     "queuedMicros": 5508454,
     "pagesRead": 513,
     "executions": 264,
     "completed": 256,
     "duplicates": 0
    },
    {
     "t": 3.5,
     "queue": 1088,
     "readTotal": 6,
     "readOut": 6,
     "queuedMicros": 6276848,
     "pagesRead": 591,
     "executions": 313,
     "completed": 305,
     "duplicates": 0
    },
    {
     "t": 4.0,
     "queue": 1245,
     "readTotal": 5,
     "readOut": 5,
     "queuedMicros": 7057544,
     "pagesRead": 664,
     "executions": 356,
     "completed": 348,
     "duplicates": 0
    },
    {
     "t": 4.5,
     "queue": 1400,
     "readTotal": 7,
     "readOut": 7,
     "queuedMicros": 7664526,
     "pagesRead": 730,
     "executions": 401,
     "completed": 393,
     "duplicates": 0
    },
    {
     "t": 5.0,
     "queue": 1550,
     "readTotal": 6,
     "readOut": 6,
     "queuedMicros": 8150041,
     "pagesRead": 804,
     "executions": 451,
     "completed": 443,
     "duplicates": 0
    },
    {
     "t": 5.5,
     "queue": 1706,
     "readTotal": 8,
     "readOut": 8,
     "queuedMicros": 8538208,
     "pagesRead": 870,
     "executions": 495,
     "completed": 487,
     "duplicates": 0
    },
    {
     "t": 6.0,
     "queue": 1865,
     "readTotal": 7,
     "readOut": 7,
     "queuedMicros": 8602176,
     "pagesRead": 931,
     "executions": 536,
     "completed": 529,
     "duplicates": 0
    },
    {
     "t": 6.5,
     "queue": 2017,
     "readTotal": 8,
     "readOut": 8,
     "queuedMicros": 8688294,
     "pagesRead": 1004,
     "executions": 585,
     "completed": 577,
     "duplicates": 0
    },
    {
     "t": 7.0,
     "queue": 2187,
     "readTotal": 8,
     "readOut": 7,
     "queuedMicros": 8813966,
     "pagesRead": 1052,
     "executions": 616,
     "completed": 608,
     "duplicates": 0
    },
    {
     "t": 7.5,
     "queue": 2341,
     "readTotal": 8,
     "readOut": 8,
     "queuedMicros": 8813966,
     "pagesRead": 1113,
     "executions": 661,
     "completed": 653,
     "duplicates": 0
    },
    {
     "t": 8.0,
     "queue": 2541,
     "readTotal": 9,
     "readOut": 8,
     "queuedMicros": 8813966,
     "pagesRead": 1113,
     "executions": 661,
     "completed": 653,
     "duplicates": 0
    },
    {
     "t": 8.5,
     "queue": 2730,
     "readTotal": 8,
     "readOut": 8,
     "queuedMicros": 8813966,
     "pagesRead": 1129,
     "executions": 672,
     "completed": 657,
     "duplicates": 0
    },
    {
     "t": 9.0,
     "queue": 2927,
     "readTotal": 9,
     "readOut": 8,
     "queuedMicros": 8813966,
     "pagesRead": 1133,
     "executions": 675,
     "completed": 657,
     "duplicates": 0
    },
    {
     "t": 9.5,
     "queue": 3127,
     "readTotal": 8,
     "readOut": 8,
     "queuedMicros": 8813966,
     "pagesRead": 1133,
     "executions": 675,
     "completed": 657,
     "duplicates": 0
    },
    {
     "t": 10.0,
     "queue": 3323,
     "readTotal": 9,
     "readOut": 8,
     "queuedMicros": 8813966,
     "pagesRead": 1141,
     "executions": 679,
     "completed": 658,
     "duplicates": 0
    },
    {
     "t": 10.5,
     "queue": 3518,
     "readTotal": 8,
     "readOut": 8,
     "queuedMicros": 8813966,
     "pagesRead": 1146,
     "executions": 684,
     "completed": 659,
     "duplicates": 0
    },
    {
     "t": 11.0,
     "queue": 3716,
     "readTotal": 9,
     "readOut": 8,
     "queuedMicros": 8813966,
     "pagesRead": 1151,
     "executions": 686,
     "completed": 660,
     "duplicates": 0
    },
    {
     "t": 11.5,
     "queue": 3907,
     "readTotal": 8,
     "readOut": 8,
     "queuedMicros": 8813966,
     "pagesRead": 1162,
     "executions": 695,
     "completed": 663,
     "duplicates": 0
    },
    {
     "t": 12.0,
     "queue": 4081,
     "readTotal": 8,
     "readOut": 8,
     "queuedMicros": 8813966,
     "pagesRead": 1199,
     "executions": 721,
     "completed": 685,
     "duplicates": 0
    },
    {
     "t": 12.5,
     "queue": 4241,
     "readTotal": 8,
     "readOut": 8,
     "queuedMicros": 8813966,
     "pagesRead": 1252,
     "executions": 761,
     "completed": 725,
     "duplicates": 0
    },
    {
     "t": 13.0,
     "queue": 4401,
     "readTotal": 8,
     "readOut": 8,
     "queuedMicros": 8813966,
     "pagesRead": 1307,
     "executions": 801,
     "completed": 765,
     "duplicates": 0
    },
    {
     "t": 13.5,
     "queue": 4549,
     "readTotal": 9,
     "readOut": 8,
     "queuedMicros": 8813966,
     "pagesRead": 1374,
     "executions": 853,
     "completed": 817,
     "duplicates": 0
    },
    {
     "t": 14.0,
     "queue": 4705,
     "readTotal": 9,
     "readOut": 8,
     "queuedMicros": 8813966,
     "pagesRead": 1433,
     "executions": 897,
     "completed": 861,
     "duplicates": 0
    },
    {
     "t": 14.5,
     "queue": 4857,
     "readTotal": 8,
     "readOut": 8,
     "queuedMicros": 8813966,
     "pagesRead": 1492,
     "executions": 946,
     "completed": 910,
     "duplicates": 0
    },
    {
     "t": 15.0,
     "queue": 5004,
     "readTotal": 9,
     "readOut": 8,
     "queuedMicros": 8813966,
     "pagesRead": 1553,
     "executions": 999,
     "completed": 963,
     "duplicates": 0
    },
    {
     "t": 15.5,
     "queue": 5183,
     "readTotal": 8,
     "readOut": 8,
     "queuedMicros": 8813966,
     "pagesRead": 1580,
     "executions": 1020,
     "completed": 984,
     "duplicates": 0
    },
    {
     "t": 16.0,
     "queue": 5374,
     "readTotal": 9,
     "readOut": 8,
     "queuedMicros": 8813966,
     "pagesRead": 1593,
     "executions": 1029,
     "completed": 992,
     "duplicates": 0
    },
    {
     "t": 16.5,
     "queue": 5567,
     "readTotal": 8,
     "readOut": 8,
     "queuedMicros": 8813966,
     "pagesRead": 1600,
     "executions": 1036,
     "completed": 994,
     "duplicates": 0
    },
    {
     "t": 17.0,
     "queue": 5765,
     "readTotal": 9,
     "readOut": 8,
     "queuedMicros": 8813966,
     "pagesRead": 1603,
     "executions": 1038,
     "completed": 994,
     "duplicates": 0
    },
    {
     "t": 17.5,
     "queue": 5965,
     "readTotal": 8,
     "readOut": 8,
     "queuedMicros": 8813966,
     "pagesRead": 1604,
     "executions": 1038,
     "completed": 994,
     "duplicates": 0
    },
    {
     "t": 18.0,
     "queue": 6132,
     "readTotal": 9,
     "readOut": 8,
     "queuedMicros": 8813966,
     "pagesRead": 1641,
     "executions": 1071,
     "completed": 1019,
     "duplicates": 0
    },
    {
     "t": 18.5,
     "queue": 6288,
     "readTotal": 9,
     "readOut": 8,
     "queuedMicros": 8813966,
     "pagesRead": 1695,
     "executions": 1115,
     "completed": 1063,
     "duplicates": 0
    },
    {
     "t": 19.0,
     "queue": 6435,
     "readTotal": 9,
     "readOut": 8,
     "queuedMicros": 8813966,
     "pagesRead": 1756,
     "executions": 1168,
     "completed": 1116,
     "duplicates": 0
    },
    {
     "t": 19.5,
     "queue": 6583,
     "readTotal": 9,
     "readOut": 8,
     "queuedMicros": 8813966,
     "pagesRead": 1818,
     "executions": 1220,
     "completed": 1168,
     "duplicates": 0
    },
    {
     "t": 20.0,
     "queue": 6726,
     "readTotal": 8,
     "readOut": 8,
     "queuedMicros": 8813966,
     "pagesRead": 1883,
     "executions": 1277,
     "completed": 1225,
     "duplicates": 0
    },
    {
     "t": 20.5,
     "queue": 6877,
     "readTotal": 8,
     "readOut": 8,
     "queuedMicros": 8813966,
     "pagesRead": 1940,
     "executions": 1326,
     "completed": 1274,
     "duplicates": 0
    },
    {
     "t": 21.0,
     "queue": 7046,
     "readTotal": 8,
     "readOut": 8,
     "queuedMicros": 8813966,
     "pagesRead": 1981,
     "executions": 1357,
     "completed": 1305,
     "duplicates": 0
    },
    {
     "t": 21.5,
     "queue": 7197,
     "readTotal": 9,
     "readOut": 8,
     "queuedMicros": 8813966,
     "pagesRead": 2039,
     "executions": 1406,
     "completed": 1354,
     "duplicates": 0
    },
    {
     "t": 22.0,
     "queue": 7362,
     "readTotal": 8,
     "readOut": 8,
     "queuedMicros": 8813966,
     "pagesRead": 2083,
     "executions": 1441,
     "completed": 1389,
     "duplicates": 0
    },
    {
     "t": 22.5,
     "queue": 7523,
     "readTotal": 9,
     "readOut": 8,
     "queuedMicros": 8813966,
     "pagesRead": 2135,
     "executions": 1481,
     "completed": 1429,
     "duplicates": 0
    },
    {
     "t": 23.0,
     "queue": 7690,
     "readTotal": 9,
     "readOut": 8,
     "queuedMicros": 8813966,
     "pagesRead": 2171,
     "executions": 1514,
     "completed": 1462,
     "duplicates": 0
    },
    {
     "t": 23.5,
     "queue": 7882,
     "readTotal": 9,
     "readOut": 8,
     "queuedMicros": 8813966,
     "pagesRead": 2178,
     "executions": 1522,
     "completed": 1465,
     "duplicates": 0
    },
    {
     "t": 24.0,
     "queue": 8076,
     "readTotal": 8,
     "readOut": 8,
     "queuedMicros": 8813966,
     "pagesRead": 2181,
     "executions": 1528,
     "completed": 1468,
     "duplicates": 0
    },
    {
     "t": 24.5,
     "queue": 8273,
     "readTotal": 8,
     "readOut": 8,
     "queuedMicros": 8813966,
     "pagesRead": 2186,
     "executions": 1531,
     "completed": 1469,
     "duplicates": 0
    },
    {
     "t": 25.0,
     "queue": 8471,
     "readTotal": 8,
     "readOut": 8,
     "queuedMicros": 8813966,
     "pagesRead": 2188,
     "executions": 1533,
     "completed": 1469,
     "duplicates": 0
    },
    {
     "t": 25.5,
     "queue": 8650,
     "readTotal": 8,
     "readOut": 8,
     "queuedMicros": 8813966,
     "pagesRead": 2211,
     "executions": 1554,
     "completed": 1483,
     "duplicates": 0
    },
    {
     "t": 26.0,
     "queue": 8787,
     "readTotal": 8,
     "readOut": 8,
     "queuedMicros": 8813966,
     "pagesRead": 2271,
     "executions": 1617,
     "completed": 1546,
     "duplicates": 0
    },
    {
     "t": 26.5,
     "queue": 8939,
     "readTotal": 9,
     "readOut": 8,
     "queuedMicros": 8813966,
     "pagesRead": 2324,
     "executions": 1665,
     "completed": 1594,
     "duplicates": 0
    },
    {
     "t": 27.0,
     "queue": 9104,
     "readTotal": 9,
     "readOut": 8,
     "queuedMicros": 8813966,
     "pagesRead": 2354,
     "executions": 1700,
     "completed": 1629,
     "duplicates": 0
    },
    {
     "t": 27.5,
     "queue": 9261,
     "readTotal": 8,
     "readOut": 8,
     "queuedMicros": 8813966,
     "pagesRead": 2404,
     "executions": 1743,
     "completed": 1672,
     "duplicates": 0
    },
    {
     "t": 28.0,
     "queue": 9411,
     "readTotal": 8,
     "readOut": 8,
     "queuedMicros": 8813966,
     "pagesRead": 2464,
     "executions": 1793,
     "completed": 1722,
     "duplicates": 0
    },
    {
     "t": 28.5,
     "queue": 9568,
     "readTotal": 9,
     "readOut": 8,
     "queuedMicros": 8813966,
     "pagesRead": 2514,
     "executions": 1837,
     "completed": 1766,
     "duplicates": 0
    },
    {
     "t": 29.0,
     "queue": 9739,
     "readTotal": 9,
     "readOut": 8,
     "queuedMicros": 8813966,
     "pagesRead": 2541,
     "executions": 1866,
     "completed": 1795,
     "duplicates": 0
    },
    {
     "t": 29.5,
     "queue": 9883,
     "readTotal": 8,
     "readOut": 8,
     "queuedMicros": 8813966,
     "pagesRead": 2597,
     "executions": 1922,
     "completed": 1851,
     "duplicates": 0
    }
   ]
  }
 ],
 "at": "2026-08-21T19:34:20+0000"
}
