===JSON===
{
 "mongoVersion": "7.0.39",
 "celeryVersion": "5.4.0",
 "pymongoVersion": "4.9.1",
 "redisVersion": "5.0.8",
 "prefetch": 4,
 "acksLate": true,
 "acksLateVacuousZeroDuplicates": false,
 "visibilityTimeout": 30,
 "retryPolicy": "none",
 "retryDeadline": 120.0,
 "secondsPerRate": 30.0,
 "docs": 1500000,
 "dataSizeBytes": 1086000000,
 "oversubscription": 4.05,
 "results": [
  {
   "targetRatePerSecond": 400,
   "seconds": 30.0,
   "enqueued": 12000,
   "completedDuringLoad": 2909,
   "completedTotal": 11985,
   "throughputPerSecond": 97.0,
   "queueDepthAtEnd": 9051,
   "queueDepthMax": 8912,
   "executionsTotal": 12000,
   "duplicateExecutions": 0,
   "duplicateRatePct": 0.0,
   "drainSeconds": null,
   "drainTimedOut": true,
   "ticketsMax": 9,
   "ticketsOutMax": 8,
   "queuedMicrosDelta": 0,
   "pagesReadIntoCache": 13644,
   "samples": 60,
   "sampleSeries": [
    {
     "t": 0.0,
     "queue": 0,
     "readTotal": 8,
     "readOut": 0,
     "queuedMicros": 8888610,
     "pagesRead": 26096,
     "executions": 0,
     "completed": 0,
     "duplicates": 0
    },
    {
     "t": 0.5,
     "queue": 148,
     "readTotal": 8,
     "readOut": 8,
     "queuedMicros": 8888610,
     "pagesRead": 26121,
     "executions": 29,
     "completed": 21,
     "duplicates": 0
    },
    {
     "t": 1.0,
     "queue": 348,
     "readTotal": 9,
     "readOut": 4,
     "queuedMicros": 8888610,
     "pagesRead": 26126,
     "executions": 29,
     "completed": 21,
     "duplicates": 0
    },
    {
     "t": 1.5,
     "queue": 535,
     "readTotal": 8,
     "readOut": 8,
     "queuedMicros": 8888610,
     "pagesRead": 26138,
     "executions": 42,
     "completed": 27,
     "duplicates": 0
    },
    {
     "t": 2.0,
     "queue": 733,
     "readTotal": 9,
     "readOut": 6,
     "queuedMicros": 8888610,
     "pagesRead": 26141,
     "executions": 44,
     "completed": 28,
     "duplicates": 0
    },
    {
     "t": 2.5,
     "queue": 900,
     "readTotal": 9,
     "readOut": 4,
     "queuedMicros": 8888610,
     "pagesRead": 26183,
     "executions": 84,
     "completed": 65,
     "duplicates": 0
    },
    {
     "t": 3.0,
     "queue": 1033,
     "readTotal": 9,
     "readOut": 7,
     "queuedMicros": 8888610,
     "pagesRead": 26256,
     "executions": 144,
     "completed": 121,
     "duplicates": 0
    },
    {
     "t": 3.5,
     "queue": 1190,
     "readTotal": 9,
     "readOut": 6,
     "queuedMicros": 8888610,
     "pagesRead": 26311,
     "executions": 194,
     "completed": 171,
     "duplicates": 0
    },
    {
     "t": 4.0,
     "queue": 1328,
     "readTotal": 8,
     "readOut": 8,
     "queuedMicros": 8888610,
     "pagesRead": 26375,
     "executions": 249,
     "completed": 226,
     "duplicates": 0
    },
    {
     "t": 4.5,
     "queue": 1495,
     "readTotal": 9,
     "readOut": 5,
     "queuedMicros": 8888610,
     "pagesRead": 26427,
     "executions": 289,
     "completed": 269,
     "duplicates": 0
    },
    {
     "t": 5.0,
     "queue": 1658,
     "readTotal": 9,
     "readOut": 8,
     "queuedMicros": 8888610,
     "pagesRead": 26461,
     "executions": 320,
     "completed": 297,
     "duplicates": 0
    },
    {
     "t": 5.5,
     "queue": 1823,
     "readTotal": 8,
     "readOut": 0,
     "queuedMicros": 8888610,
     "pagesRead": 26512,
     "executions": 363,
     "completed": 340,
     "duplicates": 0
    },
    {
     "t": 6.0,
     "queue": 1967,
     "readTotal": 9,
     "readOut": 2,
     "queuedMicros": 8888610,
     "pagesRead": 26571,
     "executions": 417,
     "completed": 394,
     "duplicates": 0
    },
    {
     "t": 6.5,
     "queue": 2118,
     "readTotal": 8,
     "readOut": 0,
     "queuedMicros": 8888610,
     "pagesRead": 26627,
     "executions": 465,
     "completed": 444,
     "duplicates": 0
    },
    {
     "t": 7.0,
     "queue": 2264,
     "readTotal": 8,
     "readOut": 7,
     "queuedMicros": 8888610,
     "pagesRead": 26687,
     "executions": 521,
     "completed": 499,
     "duplicates": 0
    },
    {
     "t": 7.5,
     "queue": 2409,
     "readTotal": 9,
     "readOut": 6,
     "queuedMicros": 8888610,
     "pagesRead": 26752,
     "executions": 579,
     "completed": 557,
     "duplicates": 0
    },
    {
     "t": 8.0,
     "queue": 2547,
     "readTotal": 8,
     "readOut": 8,
     "queuedMicros": 8888610,
     "pagesRead": 26812,
     "executions": 637,
     "completed": 614,
     "duplicates": 0
    },
    {
     "t": 8.5,
     "queue": 2695,
     "readTotal": 9,
     "readOut": 7,
     "queuedMicros": 8888610,
     "pagesRead": 26871,
     "executions": 689,
     "completed": 666,
     "duplicates": 0
    },
    {
     "t": 9.0,
     "queue": 2855,
     "readTotal": 9,
     "readOut": 8,
     "queuedMicros": 8888610,
     "pagesRead": 26918,
     "executions": 726,
     "completed": 703,
     "duplicates": 0
    },
    {
     "t": 9.5,
     "queue": 3010,
     "readTotal": 8,
     "readOut": 1,
     "queuedMicros": 8888610,
     "pagesRead": 26973,
     "executions": 772,
     "completed": 756,
     "duplicates": 0
    },
    {
     "t": 10.0,
     "queue": 3154,
     "readTotal": 8,
     "readOut": 8,
     "queuedMicros": 8888610,
     "pagesRead": 27040,
     "executions": 833,
     "completed": 810,
     "duplicates": 0
    },
    {
     "t": 10.5,
     "queue": 3311,
     "readTotal": 8,
     "readOut": 5,
     "queuedMicros": 8888610,
     "pagesRead": 27091,
     "executions": 878,
     "completed": 857,
     "duplicates": 0
    },
    {
     "t": 11.0,
     "queue": 3458,
     "readTotal": 8,
     "readOut": 8,
     "queuedMicros": 8888610,
     "pagesRead": 27133,
     "executions": 922,
     "completed": 899,
     "duplicates": 0
    },
    {
     "t": 11.5,
     "queue": 3606,
     "readTotal": 8,
     "readOut": 7,
     "queuedMicros": 8888610,
     "pagesRead": 27194,
     "executions": 983,
     "completed": 960,
     "duplicates": 0
    },
    {
     "t": 12.0,
     "queue": 3740,
     "readTotal": 8,
     "readOut": 7,
     "queuedMicros": 8888610,
     "pagesRead": 27264,
     "executions": 1044,
     "completed": 1021,
     "duplicates": 0
    },
    {
     "t": 12.5,
     "queue": 3883,
     "readTotal": 8,
     "readOut": 6,
     "queuedMicros": 8888610,
     "pagesRead": 27328,
     "executions": 1105,
     "completed": 1083,
     "duplicates": 0
    },
    {
     "t": 13.0,
     "queue": 4027,
     "readTotal": 8,
     "readOut": 7,
     "queuedMicros": 8888610,
     "pagesRead": 27387,
     "executions": 1160,
     "completed": 1138,
     "duplicates": 0
    },
    {
     "t": 13.5,
     "queue": 4165,
     "readTotal": 8,
     "readOut": 8,
     "queuedMicros": 8888610,
     "pagesRead": 27447,
     "executions": 1215,
     "completed": 1192,
     "duplicates": 0
    },
    {
     "t": 14.0,
     "queue": 4323,
     "readTotal": 8,
     "readOut": 4,
     "queuedMicros": 8888610,
     "pagesRead": 27506,
     "executions": 1268,
     "completed": 1245,
     "duplicates": 0
    },
    {
     "t": 14.5,
     "queue": 4456,
     "readTotal": 9,
     "readOut": 6,
     "queuedMicros": 8888610,
     "pagesRead": 27566,
     "executions": 1332,
     "completed": 1311,
     "duplicates": 0
    },
    {
     "t": 15.0,
     "queue": 4602,
     "readTotal": 9,
     "readOut": 5,
     "queuedMicros": 8888610,
     "pagesRead": 27631,
     "executions": 1388,
     "completed": 1367,
     "duplicates": 0
    },
    {
     "t": 15.5,
     "queue": 4744,
     "readTotal": 8,
     "readOut": 7,
     "queuedMicros": 8888610,
     "pagesRead": 27686,
     "executions": 1444,
     "completed": 1422,
     "duplicates": 0
    },
    {
     "t": 16.0,
     "queue": 4894,
     "readTotal": 9,
     "readOut": 8,
     "queuedMicros": 8888610,
     "pagesRead": 27741,
     "executions": 1488,
     "completed": 1465,
     "duplicates": 0
    },
    {
     "t": 16.5,
     "queue": 5047,
     "readTotal": 9,
     "readOut": 8,
     "queuedMicros": 8888610,
     "pagesRead": 27814,
     "executions": 1543,
     "completed": 1520,
     "duplicates": 0
    },
    {
     "t": 17.0,
     "queue": 5191,
     "readTotal": 8,
     "readOut": 5,
     "queuedMicros": 8888610,
     "pagesRead": 27880,
     "executions": 1602,
     "completed": 1579,
     "duplicates": 0
    },
    {
     "t": 17.5,
     "queue": 5330,
     "readTotal": 8,
     "readOut": 5,
     "queuedMicros": 8888610,
     "pagesRead": 27947,
     "executions": 1656,
     "completed": 1634,
     "duplicates": 0
    },
    {
     "t": 18.0,
     "queue": 5477,
     "readTotal": 9,
     "readOut": 8,
     "queuedMicros": 8888610,
     "pagesRead": 28013,
     "executions": 1706,
     "completed": 1683,
     "duplicates": 0
    },
    {
     "t": 18.5,
     "queue": 5642,
     "readTotal": 9,
     "readOut": 8,
     "queuedMicros": 8888610,
     "pagesRead": 28054,
     "executions": 1741,
     "completed": 1718,
     "duplicates": 0
    },
    {
     "t": 19.0,
     "queue": 5801,
     "readTotal": 8,
     "readOut": 3,
     "queuedMicros": 8888610,
     "pagesRead": 28113,
     "executions": 1793,
     "completed": 1770,
     "duplicates": 0
    },
    {
     "t": 19.5,
     "queue": 5951,
     "readTotal": 8,
     "readOut": 7,
     "queuedMicros": 8888610,
     "pagesRead": 28163,
     "executions": 1841,
     "completed": 1818,
     "duplicates": 0
    },
    {
     "t": 20.0,
     "queue": 6088,
     "readTotal": 8,
     "readOut": 7,
     "queuedMicros": 8888610,
     "pagesRead": 28231,
     "executions": 1900,
     "completed": 1878,
     "duplicates": 0
    },
    {
     "t": 20.5,
     "queue": 6229,
     "readTotal": 9,
     "readOut": 8,
     "queuedMicros": 8888610,
     "pagesRead": 28289,
     "executions": 1959,
     "completed": 1936,
     "duplicates": 0
    },
    {
     "t": 21.0,
     "queue": 6385,
     "readTotal": 9,
     "readOut": 8,
     "queuedMicros": 8888610,
     "pagesRead": 28333,
     "executions": 1998,
     "completed": 1975,
     "duplicates": 0
    },
    {
     "t": 21.5,
     "queue": 6540,
     "readTotal": 9,
     "readOut": 8,
     "queuedMicros": 8888610,
     "pagesRead": 28392,
     "executions": 2046,
     "completed": 2023,
     "duplicates": 0
    },
    {
     "t": 22.0,
     "queue": 6690,
     "readTotal": 9,
     "readOut": 8,
     "queuedMicros": 8888610,
     "pagesRead": 28446,
     "executions": 2093,
     "completed": 2070,
     "duplicates": 0
    },
    {
     "t": 22.5,
     "queue": 6838,
     "readTotal": 9,
     "readOut": 7,
     "queuedMicros": 8888610,
     "pagesRead": 28511,
     "executions": 2152,
     "completed": 2129,
     "duplicates": 0
    },
    {
     "t": 23.0,
     "queue": 6979,
     "readTotal": 8,
     "readOut": 7,
     "queuedMicros": 8888610,
     "pagesRead": 28573,
     "executions": 2207,
     "completed": 2184,
     "duplicates": 0
    },
    {
     "t": 23.5,
     "queue": 7126,
     "readTotal": 9,
     "readOut": 7,
     "queuedMicros": 8888610,
     "pagesRead": 28640,
     "executions": 2267,
     "completed": 2244,
     "duplicates": 0
    },
    {
     "t": 24.0,
     "queue": 7263,
     "readTotal": 9,
     "readOut": 7,
     "queuedMicros": 8888610,
     "pagesRead": 28713,
     "executions": 2327,
     "completed": 2304,
     "duplicates": 0
    },
    {
     "t": 24.5,
     "queue": 7413,
     "readTotal": 9,
     "readOut": 8,
     "queuedMicros": 8888610,
     "pagesRead": 28773,
     "executions": 2371,
     "completed": 2348,
     "duplicates": 0
    },
    {
     "t": 25.0,
     "queue": 7570,
     "readTotal": 9,
     "readOut": 8,
     "queuedMicros": 8888610,
     "pagesRead": 28828,
     "executions": 2414,
     "completed": 2391,
     "duplicates": 0
    },
    {
     "t": 25.5,
     "queue": 7721,
     "readTotal": 8,
     "readOut": 8,
     "queuedMicros": 8888610,
     "pagesRead": 28891,
     "executions": 2467,
     "completed": 2444,
     "duplicates": 0
    },
    {
     "t": 26.0,
     "queue": 7866,
     "readTotal": 9,
     "readOut": 8,
     "queuedMicros": 8888610,
     "pagesRead": 28957,
     "executions": 2518,
     "completed": 2495,
     "duplicates": 0
    },
    {
     "t": 26.5,
     "queue": 8013,
     "readTotal": 9,
     "readOut": 8,
     "queuedMicros": 8888610,
     "pagesRead": 29019,
     "executions": 2571,
     "completed": 2548,
     "duplicates": 0
    },
    {
     "t": 27.0,
     "queue": 8176,
     "readTotal": 8,
     "readOut": 8,
     "queuedMicros": 8888610,
     "pagesRead": 29071,
     "executions": 2614,
     "completed": 2591,
     "duplicates": 0
    },
    {
     "t": 27.5,
     "queue": 8324,
     "readTotal": 9,
     "readOut": 8,
     "queuedMicros": 8888610,
     "pagesRead": 29125,
     "executions": 2665,
     "completed": 2642,
     "duplicates": 0
    },
    {
     "t": 28.0,
     "queue": 8472,
     "readTotal": 9,
     "readOut": 4,
     "queuedMicros": 8888610,
     "pagesRead": 29187,
     "executions": 2722,
     "completed": 2700,
     "duplicates": 0
    },
    {
     "t": 28.5,
     "queue": 8600,
     "readTotal": 9,
     "readOut": 7,
     "queuedMicros": 8888610,
     "pagesRead": 29260,
     "executions": 2790,
     "completed": 2767,
     "duplicates": 0
    },
    {
     "t": 29.0,
     "queue": 8743,
     "readTotal": 9,
     "readOut": 8,
     "queuedMicros": 8888610,
     "pagesRead": 29329,
     "executions": 2842,
     "completed": 2819,
     "duplicates": 0
    },
    {
     "t": 29.5,
     "queue": 8912,
     "readTotal": 9,
     "readOut": 8,
     "queuedMicros": 8888610,
     "pagesRead": 29373,
     "executions": 2878,
     "completed": 2855,
     "duplicates": 0
    }
   ]
  }
 ],
 "at": "2026-08-21T19:39:44+0000"
}
