===JSON===
{
 "mongoVersion": "7.0.39",
 "celeryVersion": "5.4.0",
 "pymongoVersion": "4.9.1",
 "redisVersion": "5.0.8",
 "prefetch": 16,
 "acksLate": true,
 "acksLateVacuousZeroDuplicates": false,
 "visibilityTimeout": 30,
 "retryPolicy": "none",
 "retryDeadline": 120.0,
 "secondsPerRate": 30.0,
 "docs": 1500000,
 "dataSizeBytes": 1086000000,
 "oversubscription": 4.05,
 "results": [
  {
   "targetRatePerSecond": 400,
   "seconds": 30.0,
   "enqueued": 12000,
   "completedDuringLoad": 3546,
   "completedTotal": 12000,
   "throughputPerSecond": 118.2,
   "queueDepthAtEnd": 8333,
   "queueDepthMax": 8196,
   "executionsTotal": 12000,
   "duplicateExecutions": 0,
   "duplicateRatePct": 0.0,
   "drainSeconds": 72.1,
   "drainTimedOut": false,
   "ticketsMax": 9,
   "ticketsOutMax": 8,
   "queuedMicrosDelta": 66829,
   "pagesReadIntoCache": 13791,
   "samples": 60,
   "sampleSeries": [
    {
     "t": 0.0,
     "queue": 0,
     "readTotal": 8,
     "readOut": 0,
     "queuedMicros": 8888610,
     "pagesRead": 53546,
     "executions": 0,
     "completed": 0,
     "duplicates": 0
    },
    {
     "t": 0.5,
     "queue": 21,
     "readTotal": 8,
     "readOut": 0,
     "queuedMicros": 8955439,
     "pagesRead": 53613,
     "executions": 60,
     "completed": 60,
     "duplicates": 0
    },
    {
     "t": 1.0,
     "queue": 161,
     "readTotal": 9,
     "readOut": 0,
     "queuedMicros": 8955439,
     "pagesRead": 53678,
     "executions": 127,
     "completed": 120,
     "duplicates": 0
    },
    {
     "t": 1.5,
     "queue": 288,
     "readTotal": 8,
     "readOut": 0,
     "queuedMicros": 8955439,
     "pagesRead": 53760,
     "executions": 198,
     "completed": 193,
     "duplicates": 0
    },
    {
     "t": 2.0,
     "queue": 436,
     "readTotal": 9,
     "readOut": 7,
     "queuedMicros": 8955439,
     "pagesRead": 53823,
     "executions": 252,
     "completed": 244,
     "duplicates": 0
    },
    {
     "t": 2.5,
     "queue": 583,
     "readTotal": 8,
     "readOut": 4,
     "queuedMicros": 8955439,
     "pagesRead": 53895,
     "executions": 306,
     "completed": 302,
     "duplicates": 0
    },
    {
     "t": 3.0,
     "queue": 717,
     "readTotal": 9,
     "readOut": 4,
     "queuedMicros": 8955439,
     "pagesRead": 53971,
     "executions": 375,
     "completed": 367,
     "duplicates": 0
    },
    {
     "t": 3.5,
     "queue": 848,
     "readTotal": 9,
     "readOut": 6,
     "queuedMicros": 8955439,
     "pagesRead": 54050,
     "executions": 440,
     "completed": 434,
     "duplicates": 0
    },
    {
     "t": 4.0,
     "queue": 998,
     "readTotal": 8,
     "readOut": 1,
     "queuedMicros": 8955439,
     "pagesRead": 54111,
     "executions": 484,
     "completed": 483,
     "duplicates": 0
    },
    {
     "t": 4.5,
     "queue": 1131,
     "readTotal": 8,
     "readOut": 2,
     "queuedMicros": 8955439,
     "pagesRead": 54179,
     "executions": 555,
     "completed": 552,
     "duplicates": 0
    },
    {
     "t": 5.0,
     "queue": 1274,
     "readTotal": 9,
     "readOut": 5,
     "queuedMicros": 8955439,
     "pagesRead": 54244,
     "executions": 615,
     "completed": 610,
     "duplicates": 0
    },
    {
     "t": 5.5,
     "queue": 1413,
     "readTotal": 8,
     "readOut": 4,
     "queuedMicros": 8955439,
     "pagesRead": 54308,
     "executions": 680,
     "completed": 673,
     "duplicates": 0
    },
    {
     "t": 6.0,
     "queue": 1558,
     "readTotal": 9,
     "readOut": 4,
     "queuedMicros": 8955439,
     "pagesRead": 54376,
     "executions": 732,
     "completed": 728,
     "duplicates": 0
    },
    {
     "t": 6.5,
     "queue": 1685,
     "readTotal": 9,
     "readOut": 4,
     "queuedMicros": 8955439,
     "pagesRead": 54445,
     "executions": 806,
     "completed": 799,
     "duplicates": 0
    },
    {
     "t": 7.0,
     "queue": 1826,
     "readTotal": 8,
     "readOut": 3,
     "queuedMicros": 8955439,
     "pagesRead": 54508,
     "executions": 864,
     "completed": 861,
     "duplicates": 0
    },
    {
     "t": 7.5,
     "queue": 1962,
     "readTotal": 8,
     "readOut": 8,
     "queuedMicros": 8955439,
     "pagesRead": 54578,
     "executions": 927,
     "completed": 919,
     "duplicates": 0
    },
    {
     "t": 8.0,
     "queue": 2109,
     "readTotal": 8,
     "readOut": 0,
     "queuedMicros": 8955439,
     "pagesRead": 54638,
     "executions": 979,
     "completed": 974,
     "duplicates": 0
    },
    {
     "t": 8.5,
     "queue": 2253,
     "readTotal": 9,
     "readOut": 2,
     "queuedMicros": 8955439,
     "pagesRead": 54699,
     "executions": 1037,
     "completed": 1031,
     "duplicates": 0
    },
    {
     "t": 9.0,
     "queue": 2397,
     "readTotal": 9,
     "readOut": 1,
     "queuedMicros": 8955439,
     "pagesRead": 54761,
     "executions": 1093,
     "completed": 1087,
     "duplicates": 0
    },
    {
     "t": 9.5,
     "queue": 2539,
     "readTotal": 8,
     "readOut": 3,
     "queuedMicros": 8955439,
     "pagesRead": 54829,
     "executions": 1155,
     "completed": 1148,
     "duplicates": 0
    },
    {
     "t": 10.0,
     "queue": 2680,
     "readTotal": 9,
     "readOut": 2,
     "queuedMicros": 8955439,
     "pagesRead": 54889,
     "executions": 1211,
     "completed": 1203,
     "duplicates": 0
    },
    {
     "t": 10.5,
     "queue": 2825,
     "readTotal": 8,
     "readOut": 5,
     "queuedMicros": 8955439,
     "pagesRead": 54961,
     "executions": 1268,
     "completed": 1261,
     "duplicates": 0
    },
    {
     "t": 11.0,
     "queue": 2960,
     "readTotal": 9,
     "readOut": 2,
     "queuedMicros": 8955439,
     "pagesRead": 55030,
     "executions": 1334,
     "completed": 1326,
     "duplicates": 0
    },
    {
     "t": 11.5,
     "queue": 3106,
     "readTotal": 8,
     "readOut": 6,
     "queuedMicros": 8955439,
     "pagesRead": 55092,
     "executions": 1387,
     "completed": 1379,
     "duplicates": 0
    },
    {
     "t": 12.0,
     "queue": 3250,
     "readTotal": 9,
     "readOut": 5,
     "queuedMicros": 8955439,
     "pagesRead": 55165,
     "executions": 1442,
     "completed": 1437,
     "duplicates": 0
    },
    {
     "t": 12.5,
     "queue": 3386,
     "readTotal": 9,
     "readOut": 4,
     "queuedMicros": 8955439,
     "pagesRead": 55229,
     "executions": 1509,
     "completed": 1502,
     "duplicates": 0
    },
    {
     "t": 13.0,
     "queue": 3523,
     "readTotal": 8,
     "readOut": 4,
     "queuedMicros": 8955439,
     "pagesRead": 55300,
     "executions": 1572,
     "completed": 1565,
     "duplicates": 0
    },
    {
     "t": 13.5,
     "queue": 3647,
     "readTotal": 8,
     "readOut": 8,
     "queuedMicros": 8955439,
     "pagesRead": 55362,
     "executions": 1639,
     "completed": 1631,
     "duplicates": 0
    },
    {
     "t": 14.0,
     "queue": 3785,
     "readTotal": 9,
     "readOut": 8,
     "queuedMicros": 8955439,
     "pagesRead": 55426,
     "executions": 1707,
     "completed": 1700,
     "duplicates": 0
    },
    {
     "t": 14.5,
     "queue": 3922,
     "readTotal": 9,
     "readOut": 8,
     "queuedMicros": 8955439,
     "pagesRead": 55485,
     "executions": 1763,
     "completed": 1755,
     "duplicates": 0
    },
    {
     "t": 15.0,
     "queue": 4075,
     "readTotal": 8,
     "readOut": 7,
     "queuedMicros": 8955439,
     "pagesRead": 55550,
     "executions": 1818,
     "completed": 1810,
     "duplicates": 0
    },
    {
     "t": 15.5,
     "queue": 4212,
     "readTotal": 8,
     "readOut": 5,
     "queuedMicros": 8955439,
     "pagesRead": 55616,
     "executions": 1880,
     "completed": 1873,
     "duplicates": 0
    },
    {
     "t": 16.0,
     "queue": 4361,
     "readTotal": 9,
     "readOut": 7,
     "queuedMicros": 8955439,
     "pagesRead": 55671,
     "executions": 1932,
     "completed": 1924,
     "duplicates": 0
    },
    {
     "t": 16.5,
     "queue": 4494,
     "readTotal": 8,
     "readOut": 8,
     "queuedMicros": 8955439,
     "pagesRead": 55736,
     "executions": 1994,
     "completed": 1986,
     "duplicates": 0
    },
    {
     "t": 17.0,
     "queue": 4639,
     "readTotal": 9,
     "readOut": 8,
     "queuedMicros": 8955439,
     "pagesRead": 55806,
     "executions": 2047,
     "completed": 2039,
     "duplicates": 0
    },
    {
     "t": 17.5,
     "queue": 4793,
     "readTotal": 8,
     "readOut": 7,
     "queuedMicros": 8955439,
     "pagesRead": 55864,
     "executions": 2099,
     "completed": 2091,
     "duplicates": 0
    },
    {
     "t": 18.0,
     "queue": 4934,
     "readTotal": 8,
     "readOut": 7,
     "queuedMicros": 8955439,
     "pagesRead": 55920,
     "executions": 2158,
     "completed": 2150,
     "duplicates": 0
    },
    {
     "t": 18.5,
     "queue": 5076,
     "readTotal": 8,
     "readOut": 8,
     "queuedMicros": 8955439,
     "pagesRead": 55986,
     "executions": 2218,
     "completed": 2210,
     "duplicates": 0
    },
    {
     "t": 19.0,
     "queue": 5210,
     "readTotal": 9,
     "readOut": 8,
     "queuedMicros": 8955439,
     "pagesRead": 56057,
     "executions": 2277,
     "completed": 2269,
     "duplicates": 0
    },
    {
     "t": 19.5,
     "queue": 5357,
     "readTotal": 8,
     "readOut": 6,
     "queuedMicros": 8955439,
     "pagesRead": 56130,
     "executions": 2341,
     "completed": 2333,
     "duplicates": 0
    },
    {
     "t": 20.0,
     "queue": 5497,
     "readTotal": 9,
     "readOut": 7,
     "queuedMicros": 8955439,
     "pagesRead": 56194,
     "executions": 2396,
     "completed": 2389,
     "duplicates": 0
    },
    {
     "t": 20.5,
     "queue": 5639,
     "readTotal": 8,
     "readOut": 5,
     "queuedMicros": 8955439,
     "pagesRead": 56261,
     "executions": 2461,
     "completed": 2453,
     "duplicates": 0
    },
    {
     "t": 21.0,
     "queue": 5779,
     "readTotal": 8,
     "readOut": 6,
     "queuedMicros": 8955439,
     "pagesRead": 56323,
     "executions": 2517,
     "completed": 2509,
     "duplicates": 0
    },
    {
     "t": 21.5,
     "queue": 5921,
     "readTotal": 9,
     "readOut": 7,
     "queuedMicros": 8955439,
     "pagesRead": 56396,
     "executions": 2575,
     "completed": 2567,
     "duplicates": 0
    },
    {
     "t": 22.0,
     "queue": 6066,
     "readTotal": 8,
     "readOut": 8,
     "queuedMicros": 8955439,
     "pagesRead": 56457,
     "executions": 2625,
     "completed": 2617,
     "duplicates": 0
    },
    {
     "t": 22.5,
     "queue": 6215,
     "readTotal": 9,
     "readOut": 4,
     "queuedMicros": 8955439,
     "pagesRead": 56514,
     "executions": 2686,
     "completed": 2680,
     "duplicates": 0
    },
    {
     "t": 23.0,
     "queue": 6351,
     "readTotal": 8,
     "readOut": 6,
     "queuedMicros": 8955439,
     "pagesRead": 56584,
     "executions": 2748,
     "completed": 2741,
     "duplicates": 0
    },
    {
     "t": 23.5,
     "queue": 6483,
     "readTotal": 9,
     "readOut": 8,
     "queuedMicros": 8955439,
     "pagesRead": 56649,
     "executions": 2806,
     "completed": 2798,
     "duplicates": 0
    },
    {
     "t": 24.0,
     "queue": 6627,
     "readTotal": 8,
     "readOut": 8,
     "queuedMicros": 8955439,
     "pagesRead": 56715,
     "executions": 2866,
     "completed": 2858,
     "duplicates": 0
    },
    {
     "t": 24.5,
     "queue": 6757,
     "readTotal": 9,
     "readOut": 8,
     "queuedMicros": 8955439,
     "pagesRead": 56778,
     "executions": 2932,
     "completed": 2924,
     "duplicates": 0
    },
    {
     "t": 25.0,
     "queue": 6909,
     "readTotal": 8,
     "readOut": 8,
     "queuedMicros": 8955439,
     "pagesRead": 56838,
     "executions": 2985,
     "completed": 2977,
     "duplicates": 0
    },
    {
     "t": 25.5,
     "queue": 7050,
     "readTotal": 9,
     "readOut": 8,
     "queuedMicros": 8955439,
     "pagesRead": 56900,
     "executions": 3043,
     "completed": 3035,
     "duplicates": 0
    },
    {
     "t": 26.0,
     "queue": 7191,
     "readTotal": 9,
     "readOut": 8,
     "queuedMicros": 8955439,
     "pagesRead": 56977,
     "executions": 3098,
     "completed": 3090,
     "duplicates": 0
    },
    {
     "t": 26.5,
     "queue": 7333,
     "readTotal": 8,
     "readOut": 7,
     "queuedMicros": 8955439,
     "pagesRead": 57049,
     "executions": 3163,
     "completed": 3155,
     "duplicates": 0
    },
    {
     "t": 27.0,
     "queue": 7477,
     "readTotal": 8,
     "readOut": 8,
     "queuedMicros": 8955439,
     "pagesRead": 57114,
     "executions": 3212,
     "completed": 3204,
     "duplicates": 0
    },
    {
     "t": 27.5,
     "queue": 7628,
     "readTotal": 8,
     "readOut": 6,
     "queuedMicros": 8955439,
     "pagesRead": 57187,
     "executions": 3270,
     "completed": 3264,
     "duplicates": 0
    },
    {
     "t": 28.0,
     "queue": 7766,
     "readTotal": 9,
     "readOut": 8,
     "queuedMicros": 8955439,
     "pagesRead": 57259,
     "executions": 3324,
     "completed": 3316,
     "duplicates": 0
    },
    {
     "t": 28.5,
     "queue": 7904,
     "readTotal": 9,
     "readOut": 8,
     "queuedMicros": 8955439,
     "pagesRead": 57330,
     "executions": 3386,
     "completed": 3378,
     "duplicates": 0
    },
    {
     "t": 29.0,
     "queue": 8058,
     "readTotal": 8,
     "readOut": 5,
     "queuedMicros": 8955439,
     "pagesRead": 57397,
     "executions": 3443,
     "completed": 3436,
     "duplicates": 0
    },
    {
     "t": 29.5,
     "queue": 8196,
     "readTotal": 9,
     "readOut": 3,
     "queuedMicros": 8955439,
     "pagesRead": 57466,
     "executions": 3504,
     "completed": 3497,
     "duplicates": 0
    }
   ]
  }
 ],
 "at": "2026-08-21T19:43:30+0000"
}
