===JSON===
{
 "mongoVersion": "7.0.39",
 "celeryVersion": "5.4.0",
 "pymongoVersion": "4.9.1",
 "redisVersion": "5.0.8",
 "prefetch": 8,
 "acksLate": true,
 "acksLateVacuousZeroDuplicates": false,
 "visibilityTimeout": 30,
 "retryPolicy": "none",
 "retryDeadline": 120.0,
 "secondsPerRate": 30.0,
 "docs": 1500000,
 "dataSizeBytes": 1086000000,
 "oversubscription": 4.05,
 "results": [
  {
   "targetRatePerSecond": 400,
   "seconds": 30.0,
   "enqueued": 12000,
   "completedDuringLoad": 3508,
   "completedTotal": 12000,
   "throughputPerSecond": 116.9,
   "queueDepthAtEnd": 8428,
   "queueDepthMax": 8291,
   "executionsTotal": 12000,
   "duplicateExecutions": 0,
   "duplicateRatePct": 0.0,
   "drainSeconds": 70.6,
   "drainTimedOut": false,
   "ticketsMax": 9,
   "ticketsOutMax": 8,
   "queuedMicrosDelta": 0,
   "pagesReadIntoCache": 13806,
   "samples": 60,
   "sampleSeries": [
    {
     "t": 0.0,
     "queue": 0,
     "readTotal": 8,
     "readOut": 0,
     "queuedMicros": 8888610,
     "pagesRead": 39740,
     "executions": 0,
     "completed": 0,
     "duplicates": 0
    },
    {
     "t": 0.5,
     "queue": 85,
     "readTotal": 8,
     "readOut": 8,
     "queuedMicros": 8888610,
     "pagesRead": 39796,
     "executions": 60,
     "completed": 52,
     "duplicates": 0
    },
    {
     "t": 1.0,
     "queue": 223,
     "readTotal": 8,
     "readOut": 8,
     "queuedMicros": 8888610,
     "pagesRead": 39874,
     "executions": 122,
     "completed": 114,
     "duplicates": 0
    },
    {
     "t": 1.5,
     "queue": 361,
     "readTotal": 8,
     "readOut": 8,
     "queuedMicros": 8888610,
     "pagesRead": 39947,
     "executions": 184,
     "completed": 176,
     "duplicates": 0
    },
    {
     "t": 2.0,
     "queue": 494,
     "readTotal": 9,
     "readOut": 8,
     "queuedMicros": 8888610,
     "pagesRead": 40026,
     "executions": 251,
     "completed": 243,
     "duplicates": 0
    },
    {
     "t": 2.5,
     "queue": 634,
     "readTotal": 9,
     "readOut": 8,
     "queuedMicros": 8888610,
     "pagesRead": 40096,
     "executions": 311,
     "completed": 303,
     "duplicates": 0
    },
    {
     "t": 3.0,
     "queue": 777,
     "readTotal": 9,
     "readOut": 8,
     "queuedMicros": 8888610,
     "pagesRead": 40167,
     "executions": 368,
     "completed": 360,
     "duplicates": 0
    },
    {
     "t": 3.5,
     "queue": 917,
     "readTotal": 9,
     "readOut": 8,
     "queuedMicros": 8888610,
     "pagesRead": 40233,
     "executions": 428,
     "completed": 420,
     "duplicates": 0
    },
    {
     "t": 4.0,
     "queue": 1060,
     "readTotal": 8,
     "readOut": 8,
     "queuedMicros": 8888610,
     "pagesRead": 40295,
     "executions": 485,
     "completed": 477,
     "duplicates": 0
    },
    {
     "t": 4.5,
     "queue": 1198,
     "readTotal": 8,
     "readOut": 8,
     "queuedMicros": 8888610,
     "pagesRead": 40364,
     "executions": 547,
     "completed": 539,
     "duplicates": 0
    },
    {
     "t": 5.0,
     "queue": 1347,
     "readTotal": 9,
     "readOut": 8,
     "queuedMicros": 8888610,
     "pagesRead": 40427,
     "executions": 598,
     "completed": 590,
     "duplicates": 0
    },
    {
     "t": 5.5,
     "queue": 1492,
     "readTotal": 8,
     "readOut": 8,
     "queuedMicros": 8888610,
     "pagesRead": 40495,
     "executions": 653,
     "completed": 645,
     "duplicates": 0
    },
    {
     "t": 6.0,
     "queue": 1627,
     "readTotal": 8,
     "readOut": 8,
     "queuedMicros": 8888610,
     "pagesRead": 40567,
     "executions": 718,
     "completed": 710,
     "duplicates": 0
    },
    {
     "t": 6.5,
     "queue": 1770,
     "readTotal": 9,
     "readOut": 8,
     "queuedMicros": 8888610,
     "pagesRead": 40633,
     "executions": 776,
     "completed": 768,
     "duplicates": 0
    },
    {
     "t": 7.0,
     "queue": 1910,
     "readTotal": 8,
     "readOut": 8,
     "queuedMicros": 8888610,
     "pagesRead": 40702,
     "executions": 836,
     "completed": 828,
     "duplicates": 0
    },
    {
     "t": 7.5,
     "queue": 2054,
     "readTotal": 9,
     "readOut": 8,
     "queuedMicros": 8888610,
     "pagesRead": 40763,
     "executions": 892,
     "completed": 884,
     "duplicates": 0
    },
    {
     "t": 8.0,
     "queue": 2203,
     "readTotal": 8,
     "readOut": 8,
     "queuedMicros": 8888610,
     "pagesRead": 40832,
     "executions": 943,
     "completed": 935,
     "duplicates": 0
    },
    {
     "t": 8.5,
     "queue": 2352,
     "readTotal": 9,
     "readOut": 8,
     "queuedMicros": 8888610,
     "pagesRead": 40899,
     "executions": 994,
     "completed": 986,
     "duplicates": 0
    },
    {
     "t": 9.0,
     "queue": 2493,
     "readTotal": 9,
     "readOut": 8,
     "queuedMicros": 8888610,
     "pagesRead": 40966,
     "executions": 1053,
     "completed": 1045,
     "duplicates": 0
    },
    {
     "t": 9.5,
     "queue": 2635,
     "readTotal": 8,
     "readOut": 8,
     "queuedMicros": 8888610,
     "pagesRead": 41032,
     "executions": 1111,
     "completed": 1103,
     "duplicates": 0
    },
    {
     "t": 10.0,
     "queue": 2772,
     "readTotal": 8,
     "readOut": 8,
     "queuedMicros": 8888610,
     "pagesRead": 41108,
     "executions": 1174,
     "completed": 1166,
     "duplicates": 0
    },
    {
     "t": 10.5,
     "queue": 2910,
     "readTotal": 8,
     "readOut": 8,
     "queuedMicros": 8888610,
     "pagesRead": 41180,
     "executions": 1236,
     "completed": 1228,
     "duplicates": 0
    },
    {
     "t": 11.0,
     "queue": 3055,
     "readTotal": 9,
     "readOut": 8,
     "queuedMicros": 8888610,
     "pagesRead": 41245,
     "executions": 1291,
     "completed": 1283,
     "duplicates": 0
    },
    {
     "t": 11.5,
     "queue": 3194,
     "readTotal": 8,
     "readOut": 8,
     "queuedMicros": 8888610,
     "pagesRead": 41319,
     "executions": 1352,
     "completed": 1344,
     "duplicates": 0
    },
    {
     "t": 12.0,
     "queue": 3340,
     "readTotal": 9,
     "readOut": 8,
     "queuedMicros": 8888610,
     "pagesRead": 41388,
     "executions": 1406,
     "completed": 1398,
     "duplicates": 0
    },
    {
     "t": 12.5,
     "queue": 3484,
     "readTotal": 9,
     "readOut": 8,
     "queuedMicros": 8888610,
     "pagesRead": 41458,
     "executions": 1462,
     "completed": 1454,
     "duplicates": 0
    },
    {
     "t": 13.0,
     "queue": 3629,
     "readTotal": 8,
     "readOut": 8,
     "queuedMicros": 8888610,
     "pagesRead": 41519,
     "executions": 1518,
     "completed": 1510,
     "duplicates": 0
    },
    {
     "t": 13.5,
     "queue": 3774,
     "readTotal": 8,
     "readOut": 8,
     "queuedMicros": 8888610,
     "pagesRead": 41582,
     "executions": 1573,
     "completed": 1565,
     "duplicates": 0
    },
    {
     "t": 14.0,
     "queue": 3916,
     "readTotal": 8,
     "readOut": 8,
     "queuedMicros": 8888610,
     "pagesRead": 41653,
     "executions": 1631,
     "completed": 1623,
     "duplicates": 0
    },
    {
     "t": 14.5,
     "queue": 4059,
     "readTotal": 9,
     "readOut": 8,
     "queuedMicros": 8888610,
     "pagesRead": 41730,
     "executions": 1688,
     "completed": 1680,
     "duplicates": 0
    },
    {
     "t": 15.0,
     "queue": 4200,
     "readTotal": 8,
     "readOut": 8,
     "queuedMicros": 8888610,
     "pagesRead": 41809,
     "executions": 1747,
     "completed": 1739,
     "duplicates": 0
    },
    {
     "t": 15.5,
     "queue": 4349,
     "readTotal": 8,
     "readOut": 8,
     "queuedMicros": 8888610,
     "pagesRead": 41872,
     "executions": 1798,
     "completed": 1790,
     "duplicates": 0
    },
    {
     "t": 16.0,
     "queue": 4492,
     "readTotal": 9,
     "readOut": 8,
     "queuedMicros": 8888610,
     "pagesRead": 41952,
     "executions": 1855,
     "completed": 1847,
     "duplicates": 0
    },
    {
     "t": 16.5,
     "queue": 4638,
     "readTotal": 9,
     "readOut": 8,
     "queuedMicros": 8888610,
     "pagesRead": 42028,
     "executions": 1909,
     "completed": 1901,
     "duplicates": 0
    },
    {
     "t": 17.0,
     "queue": 4780,
     "readTotal": 8,
     "readOut": 8,
     "queuedMicros": 8888610,
     "pagesRead": 42096,
     "executions": 1967,
     "completed": 1959,
     "duplicates": 0
    },
    {
     "t": 17.5,
     "queue": 4912,
     "readTotal": 9,
     "readOut": 8,
     "queuedMicros": 8888610,
     "pagesRead": 42168,
     "executions": 2035,
     "completed": 2027,
     "duplicates": 0
    },
    {
     "t": 18.0,
     "queue": 5052,
     "readTotal": 9,
     "readOut": 8,
     "queuedMicros": 8888610,
     "pagesRead": 42241,
     "executions": 2095,
     "completed": 2087,
     "duplicates": 0
    },
    {
     "t": 18.5,
     "queue": 5200,
     "readTotal": 9,
     "readOut": 8,
     "queuedMicros": 8888610,
     "pagesRead": 42304,
     "executions": 2147,
     "completed": 2139,
     "duplicates": 0
    },
    {
     "t": 19.0,
     "queue": 5342,
     "readTotal": 8,
     "readOut": 8,
     "queuedMicros": 8888610,
     "pagesRead": 42373,
     "executions": 2205,
     "completed": 2197,
     "duplicates": 0
    },
    {
     "t": 19.5,
     "queue": 5477,
     "readTotal": 8,
     "readOut": 8,
     "queuedMicros": 8888610,
     "pagesRead": 42450,
     "executions": 2270,
     "completed": 2262,
     "duplicates": 0
    },
    {
     "t": 20.0,
     "queue": 5618,
     "readTotal": 9,
     "readOut": 8,
     "queuedMicros": 8888610,
     "pagesRead": 42518,
     "executions": 2329,
     "completed": 2321,
     "duplicates": 0
    },
    {
     "t": 20.5,
     "queue": 5751,
     "readTotal": 9,
     "readOut": 8,
     "queuedMicros": 8888610,
     "pagesRead": 42596,
     "executions": 2396,
     "completed": 2388,
     "duplicates": 0
    },
    {
     "t": 21.0,
     "queue": 5883,
     "readTotal": 9,
     "readOut": 8,
     "queuedMicros": 8888610,
     "pagesRead": 42675,
     "executions": 2465,
     "completed": 2457,
     "duplicates": 0
    },
    {
     "t": 21.5,
     "queue": 6020,
     "readTotal": 8,
     "readOut": 8,
     "queuedMicros": 8888610,
     "pagesRead": 42746,
     "executions": 2528,
     "completed": 2520,
     "duplicates": 0
    },
    {
     "t": 22.0,
     "queue": 6148,
     "readTotal": 8,
     "readOut": 8,
     "queuedMicros": 8888610,
     "pagesRead": 42832,
     "executions": 2600,
     "completed": 2592,
     "duplicates": 0
    },
    {
     "t": 22.5,
     "queue": 6297,
     "readTotal": 9,
     "readOut": 8,
     "queuedMicros": 8888610,
     "pagesRead": 42892,
     "executions": 2651,
     "completed": 2643,
     "duplicates": 0
    },
    {
     "t": 23.0,
     "queue": 6446,
     "readTotal": 9,
     "readOut": 8,
     "queuedMicros": 8888610,
     "pagesRead": 42948,
     "executions": 2702,
     "completed": 2694,
     "duplicates": 0
    },
    {
     "t": 23.5,
     "queue": 6593,
     "readTotal": 8,
     "readOut": 8,
     "queuedMicros": 8888610,
     "pagesRead": 43009,
     "executions": 2756,
     "completed": 2748,
     "duplicates": 0
    },
    {
     "t": 24.0,
     "queue": 6729,
     "readTotal": 9,
     "readOut": 8,
     "queuedMicros": 8888610,
     "pagesRead": 43082,
     "executions": 2820,
     "completed": 2812,
     "duplicates": 0
    },
    {
     "t": 24.5,
     "queue": 6874,
     "readTotal": 9,
     "readOut": 8,
     "queuedMicros": 8888610,
     "pagesRead": 43144,
     "executions": 2875,
     "completed": 2867,
     "duplicates": 0
    },
    {
     "t": 25.0,
     "queue": 7022,
     "readTotal": 9,
     "readOut": 8,
     "queuedMicros": 8888610,
     "pagesRead": 43202,
     "executions": 2927,
     "completed": 2919,
     "duplicates": 0
    },
    {
     "t": 25.5,
     "queue": 7169,
     "readTotal": 9,
     "readOut": 8,
     "queuedMicros": 8888610,
     "pagesRead": 43268,
     "executions": 2980,
     "completed": 2972,
     "duplicates": 0
    },
    {
     "t": 26.0,
     "queue": 7307,
     "readTotal": 8,
     "readOut": 8,
     "queuedMicros": 8888610,
     "pagesRead": 43331,
     "executions": 3042,
     "completed": 3034,
     "duplicates": 0
    },
    {
     "t": 26.5,
     "queue": 7440,
     "readTotal": 9,
     "readOut": 8,
     "queuedMicros": 8888610,
     "pagesRead": 43400,
     "executions": 3109,
     "completed": 3101,
     "duplicates": 0
    },
    {
     "t": 27.0,
     "queue": 7584,
     "readTotal": 8,
     "readOut": 8,
     "queuedMicros": 8888610,
     "pagesRead": 43465,
     "executions": 3165,
     "completed": 3157,
     "duplicates": 0
    },
    {
     "t": 27.5,
     "queue": 7723,
     "readTotal": 9,
     "readOut": 8,
     "queuedMicros": 8888610,
     "pagesRead": 43532,
     "executions": 3226,
     "completed": 3218,
     "duplicates": 0
    },
    {
     "t": 28.0,
     "queue": 7868,
     "readTotal": 9,
     "readOut": 8,
     "queuedMicros": 8888610,
     "pagesRead": 43595,
     "executions": 3281,
     "completed": 3273,
     "duplicates": 0
    },
    {
     "t": 28.5,
     "queue": 8008,
     "readTotal": 8,
     "readOut": 8,
     "queuedMicros": 8888610,
     "pagesRead": 43666,
     "executions": 3341,
     "completed": 3333,
     "duplicates": 0
    },
    {
     "t": 29.0,
     "queue": 8155,
     "readTotal": 8,
     "readOut": 8,
     "queuedMicros": 8888610,
     "pagesRead": 43727,
     "executions": 3394,
     "completed": 3386,
     "duplicates": 0
    },
    {
     "t": 29.5,
     "queue": 8291,
     "readTotal": 8,
     "readOut": 8,
     "queuedMicros": 8888610,
     "pagesRead": 43805,
     "executions": 3458,
     "completed": 3450,
     "duplicates": 0
    }
   ]
  }
 ],
 "at": "2026-08-21T19:41:36+0000"
}
