===JSON===
{
 "mongoVersion": "7.0.39",
 "celeryVersion": "5.4.0",
 "pymongoVersion": "4.9.1",
 "redisVersion": "5.0.8",
 "prefetch": 2,
 "acksLate": true,
 "acksLateVacuousZeroDuplicates": false,
 "visibilityTimeout": 30,
 "retryPolicy": "none",
 "retryDeadline": 120.0,
 "secondsPerRate": 30.0,
 "docs": 1500000,
 "dataSizeBytes": 1086000000,
 "oversubscription": 4.05,
 "results": [
  {
   "targetRatePerSecond": 400,
   "seconds": 30.0,
   "enqueued": 12000,
   "completedDuringLoad": 2838,
   "completedTotal": 11962,
   "throughputPerSecond": 94.6,
   "queueDepthAtEnd": 9139,
   "queueDepthMax": 8996,
   "executionsTotal": 12000,
   "duplicateExecutions": 0,
   "duplicateRatePct": 0.0,
   "drainSeconds": null,
   "drainTimedOut": true,
   "ticketsMax": 9,
   "ticketsOutMax": 8,
   "queuedMicrosDelta": 74644,
   "pagesReadIntoCache": 14071,
   "samples": 60,
   "sampleSeries": [
    {
     "t": 0.0,
     "queue": 0,
     "readTotal": 9,
     "readOut": 0,
     "queuedMicros": 8813966,
     "pagesRead": 12025,
     "executions": 0,
     "completed": 0,
     "duplicates": 0
    },
    {
     "t": 0.5,
     "queue": 130,
     "readTotal": 8,
     "readOut": 8,
     "queuedMicros": 8813966,
     "pagesRead": 12091,
     "executions": 63,
     "completed": 55,
     "duplicates": 0
    },
    {
     "t": 1.0,
     "queue": 284,
     "readTotal": 8,
     "readOut": 8,
     "queuedMicros": 8813966,
     "pagesRead": 12141,
     "executions": 109,
     "completed": 101,
     "duplicates": 0
    },
    {
     "t": 1.5,
     "queue": 473,
     "readTotal": 8,
     "readOut": 8,
     "queuedMicros": 8888610,
     "pagesRead": 12156,
     "executions": 120,
     "completed": 111,
     "duplicates": 0
    },
    {
     "t": 2.0,
     "queue": 656,
     "readTotal": 9,
     "readOut": 8,
     "queuedMicros": 8888610,
     "pagesRead": 12174,
     "executions": 137,
     "completed": 128,
     "duplicates": 0
    },
    {
     "t": 2.5,
     "queue": 846,
     "readTotal": 9,
     "readOut": 8,
     "queuedMicros": 8888610,
     "pagesRead": 12189,
     "executions": 147,
     "completed": 138,
     "duplicates": 0
    },
    {
     "t": 3.0,
     "queue": 1036,
     "readTotal": 9,
     "readOut": 8,
     "queuedMicros": 8888610,
     "pagesRead": 12201,
     "executions": 157,
     "completed": 143,
     "duplicates": 0
    },
    {
     "t": 3.5,
     "queue": 1210,
     "readTotal": 8,
     "readOut": 8,
     "queuedMicros": 8888610,
     "pagesRead": 12229,
     "executions": 183,
     "completed": 168,
     "duplicates": 0
    },
    {
     "t": 4.0,
     "queue": 1351,
     "readTotal": 9,
     "readOut": 8,
     "queuedMicros": 8888610,
     "pagesRead": 12301,
     "executions": 242,
     "completed": 227,
     "duplicates": 0
    },
    {
     "t": 4.5,
     "queue": 1496,
     "readTotal": 9,
     "readOut": 8,
     "queuedMicros": 8888610,
     "pagesRead": 12360,
     "executions": 297,
     "completed": 282,
     "duplicates": 0
    },
    {
     "t": 5.0,
     "queue": 1641,
     "readTotal": 9,
     "readOut": 8,
     "queuedMicros": 8888610,
     "pagesRead": 12423,
     "executions": 352,
     "completed": 337,
     "duplicates": 0
    },
    {
     "t": 5.5,
     "queue": 1789,
     "readTotal": 9,
     "readOut": 8,
     "queuedMicros": 8888610,
     "pagesRead": 12482,
     "executions": 404,
     "completed": 389,
     "duplicates": 0
    },
    {
     "t": 6.0,
     "queue": 1939,
     "readTotal": 9,
     "readOut": 8,
     "queuedMicros": 8888610,
     "pagesRead": 12532,
     "executions": 454,
     "completed": 439,
     "duplicates": 0
    },
    {
     "t": 6.5,
     "queue": 2095,
     "readTotal": 8,
     "readOut": 8,
     "queuedMicros": 8888610,
     "pagesRead": 12579,
     "executions": 498,
     "completed": 483,
     "duplicates": 0
    },
    {
     "t": 7.0,
     "queue": 2241,
     "readTotal": 8,
     "readOut": 8,
     "queuedMicros": 8888610,
     "pagesRead": 12637,
     "executions": 552,
     "completed": 537,
     "duplicates": 0
    },
    {
     "t": 7.5,
     "queue": 2388,
     "readTotal": 9,
     "readOut": 8,
     "queuedMicros": 8888610,
     "pagesRead": 12697,
     "executions": 606,
     "completed": 591,
     "duplicates": 0
    },
    {
     "t": 8.0,
     "queue": 2534,
     "readTotal": 9,
     "readOut": 8,
     "queuedMicros": 8888610,
     "pagesRead": 12763,
     "executions": 660,
     "completed": 645,
     "duplicates": 0
    },
    {
     "t": 8.5,
     "queue": 2669,
     "readTotal": 8,
     "readOut": 8,
     "queuedMicros": 8888610,
     "pagesRead": 12828,
     "executions": 725,
     "completed": 710,
     "duplicates": 0
    },
    {
     "t": 9.0,
     "queue": 2816,
     "readTotal": 9,
     "readOut": 8,
     "queuedMicros": 8888610,
     "pagesRead": 12896,
     "executions": 778,
     "completed": 763,
     "duplicates": 0
    },
    {
     "t": 9.5,
     "queue": 2966,
     "readTotal": 9,
     "readOut": 8,
     "queuedMicros": 8888610,
     "pagesRead": 12957,
     "executions": 828,
     "completed": 813,
     "duplicates": 0
    },
    {
     "t": 10.0,
     "queue": 3112,
     "readTotal": 9,
     "readOut": 8,
     "queuedMicros": 8888610,
     "pagesRead": 13024,
     "executions": 882,
     "completed": 867,
     "duplicates": 0
    },
    {
     "t": 10.5,
     "queue": 3254,
     "readTotal": 9,
     "readOut": 8,
     "queuedMicros": 8888610,
     "pagesRead": 13094,
     "executions": 940,
     "completed": 925,
     "duplicates": 0
    },
    {
     "t": 11.0,
     "queue": 3411,
     "readTotal": 8,
     "readOut": 8,
     "queuedMicros": 8888610,
     "pagesRead": 13147,
     "executions": 983,
     "completed": 968,
     "duplicates": 0
    },
    {
     "t": 11.5,
     "queue": 3555,
     "readTotal": 8,
     "readOut": 8,
     "queuedMicros": 8888610,
     "pagesRead": 13205,
     "executions": 1039,
     "completed": 1024,
     "duplicates": 0
    },
    {
     "t": 12.0,
     "queue": 3700,
     "readTotal": 8,
     "readOut": 8,
     "queuedMicros": 8888610,
     "pagesRead": 13274,
     "executions": 1094,
     "completed": 1079,
     "duplicates": 0
    },
    {
     "t": 12.5,
     "queue": 3852,
     "readTotal": 9,
     "readOut": 8,
     "queuedMicros": 8888610,
     "pagesRead": 13331,
     "executions": 1142,
     "completed": 1127,
     "duplicates": 0
    },
    {
     "t": 13.0,
     "queue": 4008,
     "readTotal": 9,
     "readOut": 8,
     "queuedMicros": 8888610,
     "pagesRead": 13381,
     "executions": 1186,
     "completed": 1171,
     "duplicates": 0
    },
    {
     "t": 13.5,
     "queue": 4153,
     "readTotal": 9,
     "readOut": 8,
     "queuedMicros": 8888610,
     "pagesRead": 13441,
     "executions": 1241,
     "completed": 1226,
     "duplicates": 0
    },
    {
     "t": 14.0,
     "queue": 4306,
     "readTotal": 9,
     "readOut": 8,
     "queuedMicros": 8888610,
     "pagesRead": 13493,
     "executions": 1288,
     "completed": 1273,
     "duplicates": 0
    },
    {
     "t": 14.5,
     "queue": 4450,
     "readTotal": 8,
     "readOut": 8,
     "queuedMicros": 8888610,
     "pagesRead": 13556,
     "executions": 1344,
     "completed": 1329,
     "duplicates": 0
    },
    {
     "t": 15.0,
     "queue": 4600,
     "readTotal": 8,
     "readOut": 8,
     "queuedMicros": 8888610,
     "pagesRead": 13607,
     "executions": 1394,
     "completed": 1379,
     "duplicates": 0
    },
    {
     "t": 15.5,
     "queue": 4764,
     "readTotal": 9,
     "readOut": 8,
     "queuedMicros": 8888610,
     "pagesRead": 13651,
     "executions": 1430,
     "completed": 1415,
     "duplicates": 0
    },
    {
     "t": 16.0,
     "queue": 4916,
     "readTotal": 9,
     "readOut": 8,
     "queuedMicros": 8888610,
     "pagesRead": 13708,
     "executions": 1478,
     "completed": 1463,
     "duplicates": 0
    },
    {
     "t": 16.5,
     "queue": 5088,
     "readTotal": 9,
     "readOut": 8,
     "queuedMicros": 8888610,
     "pagesRead": 13743,
     "executions": 1506,
     "completed": 1491,
     "duplicates": 0
    },
    {
     "t": 17.0,
     "queue": 5231,
     "readTotal": 9,
     "readOut": 8,
     "queuedMicros": 8888610,
     "pagesRead": 13809,
     "executions": 1564,
     "completed": 1549,
     "duplicates": 0
    },
    {
     "t": 17.5,
     "queue": 5379,
     "readTotal": 9,
     "readOut": 8,
     "queuedMicros": 8888610,
     "pagesRead": 13867,
     "executions": 1616,
     "completed": 1601,
     "duplicates": 0
    },
    {
     "t": 18.0,
     "queue": 5523,
     "readTotal": 8,
     "readOut": 8,
     "queuedMicros": 8888610,
     "pagesRead": 13931,
     "executions": 1672,
     "completed": 1657,
     "duplicates": 0
    },
    {
     "t": 18.5,
     "queue": 5659,
     "readTotal": 9,
     "readOut": 8,
     "queuedMicros": 8888610,
     "pagesRead": 14003,
     "executions": 1736,
     "completed": 1721,
     "duplicates": 0
    },
    {
     "t": 19.0,
     "queue": 5812,
     "readTotal": 8,
     "readOut": 8,
     "queuedMicros": 8888610,
     "pagesRead": 14058,
     "executions": 1783,
     "completed": 1768,
     "duplicates": 0
    },
    {
     "t": 19.5,
     "queue": 5951,
     "readTotal": 8,
     "readOut": 8,
     "queuedMicros": 8888610,
     "pagesRead": 14124,
     "executions": 1844,
     "completed": 1829,
     "duplicates": 0
    },
    {
     "t": 20.0,
     "queue": 6125,
     "readTotal": 9,
     "readOut": 8,
     "queuedMicros": 8888610,
     "pagesRead": 14155,
     "executions": 1870,
     "completed": 1855,
     "duplicates": 0
    },
    {
     "t": 20.5,
     "queue": 6269,
     "readTotal": 8,
     "readOut": 8,
     "queuedMicros": 8888610,
     "pagesRead": 14213,
     "executions": 1926,
     "completed": 1911,
     "duplicates": 0
    },
    {
     "t": 21.0,
     "queue": 6414,
     "readTotal": 9,
     "readOut": 8,
     "queuedMicros": 8888610,
     "pagesRead": 14273,
     "executions": 1981,
     "completed": 1966,
     "duplicates": 0
    },
    {
     "t": 21.5,
     "queue": 6555,
     "readTotal": 9,
     "readOut": 8,
     "queuedMicros": 8888610,
     "pagesRead": 14333,
     "executions": 2040,
     "completed": 2025,
     "duplicates": 0
    },
    {
     "t": 22.0,
     "queue": 6720,
     "readTotal": 9,
     "readOut": 8,
     "queuedMicros": 8888610,
     "pagesRead": 14377,
     "executions": 2076,
     "completed": 2061,
     "duplicates": 0
    },
    {
     "t": 22.5,
     "queue": 6872,
     "readTotal": 8,
     "readOut": 8,
     "queuedMicros": 8888610,
     "pagesRead": 14441,
     "executions": 2124,
     "completed": 2109,
     "duplicates": 0
    },
    {
     "t": 23.0,
     "queue": 7021,
     "readTotal": 9,
     "readOut": 8,
     "queuedMicros": 8888610,
     "pagesRead": 14502,
     "executions": 2175,
     "completed": 2160,
     "duplicates": 0
    },
    {
     "t": 23.5,
     "queue": 7170,
     "readTotal": 8,
     "readOut": 8,
     "queuedMicros": 8888610,
     "pagesRead": 14551,
     "executions": 2226,
     "completed": 2211,
     "duplicates": 0
    },
    {
     "t": 24.0,
     "queue": 7323,
     "readTotal": 8,
     "readOut": 8,
     "queuedMicros": 8888610,
     "pagesRead": 14596,
     "executions": 2273,
     "completed": 2258,
     "duplicates": 0
    },
    {
     "t": 24.5,
     "queue": 7468,
     "readTotal": 9,
     "readOut": 8,
     "queuedMicros": 8888610,
     "pagesRead": 14653,
     "executions": 2328,
     "completed": 2313,
     "duplicates": 0
    },
    {
     "t": 25.0,
     "queue": 7619,
     "readTotal": 9,
     "readOut": 8,
     "queuedMicros": 8888610,
     "pagesRead": 14700,
     "executions": 2377,
     "completed": 2362,
     "duplicates": 0
    },
    {
     "t": 25.5,
     "queue": 7784,
     "readTotal": 9,
     "readOut": 8,
     "queuedMicros": 8888610,
     "pagesRead": 14740,
     "executions": 2412,
     "completed": 2397,
     "duplicates": 0
    },
    {
     "t": 26.0,
     "queue": 7940,
     "readTotal": 8,
     "readOut": 8,
     "queuedMicros": 8888610,
     "pagesRead": 14787,
     "executions": 2456,
     "completed": 2441,
     "duplicates": 0
    },
    {
     "t": 26.5,
     "queue": 8078,
     "readTotal": 9,
     "readOut": 8,
     "queuedMicros": 8888610,
     "pagesRead": 14860,
     "executions": 2518,
     "completed": 2503,
     "duplicates": 0
    },
    {
     "t": 27.0,
     "queue": 8230,
     "readTotal": 8,
     "readOut": 8,
     "queuedMicros": 8888610,
     "pagesRead": 14916,
     "executions": 2566,
     "completed": 2551,
     "duplicates": 0
    },
    {
     "t": 27.5,
     "queue": 8381,
     "readTotal": 8,
     "readOut": 8,
     "queuedMicros": 8888610,
     "pagesRead": 14971,
     "executions": 2615,
     "completed": 2600,
     "duplicates": 0
    },
    {
     "t": 28.0,
     "queue": 8528,
     "readTotal": 9,
     "readOut": 8,
     "queuedMicros": 8888610,
     "pagesRead": 15034,
     "executions": 2668,
     "completed": 2653,
     "duplicates": 0
    },
    {
     "t": 28.5,
     "queue": 8679,
     "readTotal": 9,
     "readOut": 8,
     "queuedMicros": 8888610,
     "pagesRead": 15093,
     "executions": 2717,
     "completed": 2702,
     "duplicates": 0
    },
    {
     "t": 29.0,
     "queue": 8847,
     "readTotal": 8,
     "readOut": 8,
     "queuedMicros": 8888610,
     "pagesRead": 15136,
     "executions": 2749,
     "completed": 2734,
     "duplicates": 0
    },
    {
     "t": 29.5,
     "queue": 8996,
     "readTotal": 8,
     "readOut": 8,
     "queuedMicros": 8888610,
     "pagesRead": 15194,
     "executions": 2800,
     "completed": 2785,
     "duplicates": 0
    }
   ]
  }
 ],
 "at": "2026-08-21T19:37:02+0000"
}
