=== chain start 2026-08-21T14:53:58+00:00 ===
waiting for phase1 2026-08-21T14:53:58+00:00
waiting for phase1 2026-08-21T14:54:28+00:00
=== chain start 2026-08-21T14:56:43+00:00 ===
waiting for phase1 2026-08-21T14:56:43+00:00
waiting for phase1 2026-08-21T14:57:13+00:00
waiting for phase1 2026-08-21T14:57:43+00:00
waiting for phase1 2026-08-21T14:58:13+00:00
waiting for phase1 2026-08-21T14:58:44+00:00
waiting for phase1 2026-08-21T14:59:14+00:00
waiting for phase1 2026-08-21T14:59:44+00:00
waiting for phase1 2026-08-21T15:00:14+00:00
waiting for phase1 2026-08-21T15:00:44+00:00
waiting for phase1 2026-08-21T15:01:14+00:00
waiting for phase1 2026-08-21T15:01:44+00:00
waiting for phase1 2026-08-21T15:02:14+00:00
waiting for phase1 2026-08-21T15:02:44+00:00
waiting for phase1 2026-08-21T15:03:14+00:00
waiting for phase1 2026-08-21T15:03:44+00:00
waiting for phase1 2026-08-21T15:04:14+00:00
waiting for phase1 2026-08-21T15:04:44+00:00
waiting for phase1 2026-08-21T15:05:14+00:00
waiting for phase1 2026-08-21T15:05:44+00:00
waiting for phase1 2026-08-21T15:06:14+00:00
waiting for phase1 2026-08-21T15:06:44+00:00
waiting for phase1 2026-08-21T15:07:14+00:00
waiting for phase1 2026-08-21T15:07:44+00:00
waiting for phase1 2026-08-21T15:08:14+00:00
waiting for phase1 2026-08-21T15:08:44+00:00
waiting for phase1 2026-08-21T15:09:14+00:00
waiting for phase1 2026-08-21T15:09:44+00:00
waiting for phase1 2026-08-21T15:10:14+00:00
waiting for phase1 2026-08-21T15:10:44+00:00
waiting for phase1 2026-08-21T15:11:14+00:00
waiting for phase1 2026-08-21T15:11:44+00:00
waiting for phase1 2026-08-21T15:12:14+00:00
waiting for phase1 2026-08-21T15:12:44+00:00
waiting for phase1 2026-08-21T15:13:14+00:00
waiting for phase1 2026-08-21T15:13:44+00:00
waiting for phase1 2026-08-21T15:14:14+00:00
waiting for phase1 2026-08-21T15:14:44+00:00
waiting for phase1 2026-08-21T15:15:14+00:00
waiting for phase1 2026-08-21T15:15:45+00:00
=== phase1 done 2026-08-21T15:16:15+00:00; starting T6 out=/root/dev/xycalc/results/t6-prefetch-20260821-151615 ===
=== prefetch sweep start 2026-08-21T15:16:15+00:00 out=/root/dev/xycalc/results/t6-prefetch-20260821-151615 ===
 Network xycalc-celery-probe_default Creating 
 Network xycalc-celery-probe_default Created 
 Container xycalc-celery-probe-redis-1 Creating 
 Container xycalc-celery-probe-bookkeeping-1 Creating 
 Container xycalc-celery-probe-mongo-1 Creating 
 Container xycalc-celery-probe-redis-1 Created 
 Container xycalc-celery-probe-mongo-1 Created 
 Container xycalc-celery-probe-bookkeeping-1 Created 
 Container xycalc-celery-probe-redis-1 Starting 
 Container xycalc-celery-probe-bookkeeping-1 Starting 
 Container xycalc-celery-probe-mongo-1 Starting 
 Container xycalc-celery-probe-mongo-1 Started 
 Container xycalc-celery-probe-bookkeeping-1 Started 
 Container xycalc-celery-probe-redis-1 Started 
./sweep_prefetch.sh: line 37: syntax error near unexpected token `p="${p// /}"'
