device      /dev/sda  ->  8388608 B/s, 150 IOPS (this container only)
cache       0.25 GB wiredTiger, 640m container (bounds page cache)
workload    1500000 docs, 300s per level
WARNING: Running pip as the 'root' user can result in broken permissions and conflicting behaviour with the system package manager, possibly rendering your system unusable. It is recommended to use a virtual environment instead: https://pip.pypa.io/warnings/venv. Use the --root-user-action option if you know what you are doing and want to suppress this warning.

[notice] A new release of pip is available: 25.0.1 -> 26.2.1
[notice] To update, run: pip install --upgrade pip
probe launched detached in xycalc-ticket-probe-2471927-1787324911-driver; polling /tmp/probe.exit ...
loading 1,500,000 documents...
loading 1,500,000 documents...
loading 1,500,000 documents...
loading 1,500,000 documents...
loading 1,500,000 documents...
loading 1,500,000 documents...
loading 1,500,000 documents...
loading 1,500,000 documents...
loading 1,500,000 documents...
loading 1,500,000 documents...
  loaded. dataSize=1134 MB  storageSize=1153 MB  cache=268 MB  oversubscription=4.2x
probing MongoDB 7.0.39 mode=levels
loading 1,500,000 documents...
  loaded. dataSize=1134 MB  storageSize=1153 MB  cache=268 MB  oversubscription=4.2x
probing MongoDB 7.0.39 mode=levels
loading 1,500,000 documents...
  loaded. dataSize=1134 MB  storageSize=1153 MB  cache=268 MB  oversubscription=4.2x
probing MongoDB 7.0.39 mode=levels
loading 1,500,000 documents...
  loaded. dataSize=1134 MB  storageSize=1153 MB  cache=268 MB  oversubscription=4.2x
probing MongoDB 7.0.39 mode=levels
loading 1,500,000 documents...
  loaded. dataSize=1134 MB  storageSize=1153 MB  cache=268 MB  oversubscription=4.2x
probing MongoDB 7.0.39 mode=levels
loading 1,500,000 documents...
  loaded. dataSize=1134 MB  storageSize=1153 MB  cache=268 MB  oversubscription=4.2x
probing MongoDB 7.0.39 mode=levels
loading 1,500,000 documents...
  loaded. dataSize=1134 MB  storageSize=1153 MB  cache=268 MB  oversubscription=4.2x
probing MongoDB 7.0.39 mode=levels
loading 1,500,000 documents...
  loaded. dataSize=1134 MB  storageSize=1153 MB  cache=268 MB  oversubscription=4.2x
probing MongoDB 7.0.39 mode=levels
loading 1,500,000 documents...
  loaded. dataSize=1134 MB  storageSize=1153 MB  cache=268 MB  oversubscription=4.2x
probing MongoDB 7.0.39 mode=levels
loading 1,500,000 documents...
  loaded. dataSize=1134 MB  storageSize=1153 MB  cache=268 MB  oversubscription=4.2x
probing MongoDB 7.0.39 mode=levels
loading 1,500,000 documents...
  loaded. dataSize=1134 MB  storageSize=1153 MB  cache=268 MB  oversubscription=4.2x
probing MongoDB 7.0.39 mode=levels
loading 1,500,000 documents...
  loaded. dataSize=1134 MB  storageSize=1153 MB  cache=268 MB  oversubscription=4.2x
probing MongoDB 7.0.39 mode=levels
loading 1,500,000 documents...
  loaded. dataSize=1134 MB  storageSize=1153 MB  cache=268 MB  oversubscription=4.2x
probing MongoDB 7.0.39 mode=levels
loading 1,500,000 documents...
  loaded. dataSize=1134 MB  storageSize=1153 MB  cache=268 MB  oversubscription=4.2x
probing MongoDB 7.0.39 mode=levels
loading 1,500,000 documents...
  loaded. dataSize=1134 MB  storageSize=1153 MB  cache=268 MB  oversubscription=4.2x
probing MongoDB 7.0.39 mode=levels
loading 1,500,000 documents...
  loaded. dataSize=1134 MB  storageSize=1153 MB  cache=268 MB  oversubscription=4.2x
probing MongoDB 7.0.39 mode=levels
loading 1,500,000 documents...
  loaded. dataSize=1134 MB  storageSize=1153 MB  cache=268 MB  oversubscription=4.2x
probing MongoDB 7.0.39 mode=levels
loading 1,500,000 documents...
  loaded. dataSize=1134 MB  storageSize=1153 MB  cache=268 MB  oversubscription=4.2x
probing MongoDB 7.0.39 mode=levels
loading 1,500,000 documents...
  loaded. dataSize=1134 MB  storageSize=1153 MB  cache=268 MB  oversubscription=4.2x
probing MongoDB 7.0.39 mode=levels
loading 1,500,000 documents...
  loaded. dataSize=1134 MB  storageSize=1153 MB  cache=268 MB  oversubscription=4.2x
probing MongoDB 7.0.39 mode=levels
  c= 64     103.1 ops/s  lat   619.98 ms  tickets 4->63 (max 77)  out 70  queued 3334.13s  CONVERGED_DEMAND_CAPPED (Δ=0.2%)
