===JSON===
{
 "mode": "levels",
 "version": "7.0.39",
 "cache": {
  "inCache": 207148619,
  "maxCache": 268435456,
  "readIntoCache": 31653,
  "evictedByApp": 0,
  "bytesWrittenFromCache": 1174036420
 },
 "secondsPerLevel": 300.0,
 "docs": 1500000,
 "storageSizeBytes": 1150844928,
 "dataSizeBytes": 1134000000,
 "cacheOversubscription": 4.22,
 "totalPagesReadIntoCache": 31641,
 "results": [
  {
   "concurrency": 16,
   "seconds": 300.2,
   "ops": 26117,
   "opsPerSecond": 87.0,
   "meanLatencyMs": 183.82,
   "p95LatencyMs": 314.9,
   "queueWaitMs": 5.2,
   "holdTimeMs": 178.62,
   "ticketsStart": 4,
   "ticketsEnd": 18,
   "ticketsMax": 19,
   "outMax": 17,
   "queueLengthMax": 11,
   "queuedMicrosDelta": 135883280,
   "pagesReadIntoCache": 31641,
   "evictedByAppThreads": 0,
   "bytesWrittenFromCacheDelta": 1916307,
   "predictedCeiling": 103.4,
   "predictedCeilingHold": 106.4,
   "sampleCount": 586,
   "series": [
    {
     "t": 0.0,
     "readTotal": 4,
     "readOut": 0,
     "queueLength": 0,
     "ckptRunning": 0
    },
    {
     "t": 0.52,
     "readTotal": 5,
     "readOut": 5,
     "queueLength": 11,
     "ckptRunning": 0
    },
    {
     "t": 1.03,
     "readTotal": 5,
     "readOut": 4,
     "queueLength": 7,
     "ckptRunning": 0
    },
    {
     "t": 1.54,
     "readTotal": 5,
     "readOut": 5,
     "queueLength": 11,
     "ckptRunning": 0
    },
    {
     "t": 2.06,
     "readTotal": 5,
     "readOut": 5,
     "queueLength": 11,
     "ckptRunning": 0
    },
    {
     "t": 2.57,
     "readTotal": 6,
     "readOut": 6,
     "queueLength": 10,
     "ckptRunning": 0
    },
    {
     "t": 3.08,
     "readTotal": 6,
     "readOut": 6,
     "queueLength": 10,
     "ckptRunning": 0
    },
    {
     "t": 3.6,
     "readTotal": 6,
     "readOut": 6,
     "queueLength": 10,
     "ckptRunning": 0
    },
    {
     "t": 4.13,
     "readTotal": 7,
     "readOut": 7,
     "queueLength": 5,
     "ckptRunning": 0
    },
    {
     "t": 4.64,
     "readTotal": 7,
     "readOut": 7,
     "queueLength": 9,
     "ckptRunning": 0
    },
    {
     "t": 5.15,
     "readTotal": 8,
     "readOut": 8,
     "queueLength": 8,
     "ckptRunning": 0
    },
    {
     "t": 5.67,
     "readTotal": 8,
     "readOut": 8,
     "queueLength": 8,
     "ckptRunning": 0
    },
    {
     "t": 6.18,
     "readTotal": 8,
     "readOut": 8,
     "queueLength": 8,
     "ckptRunning": 0
    },
    {
     "t": 6.69,
     "readTotal": 7,
     "readOut": 7,
     "queueLength": 9,
     "ckptRunning": 0
    },
    {
     "t": 7.2,
     "readTotal": 9,
     "readOut": 9,
     "queueLength": 7,
     "ckptRunning": 0
    },
    {
     "t": 7.71,
     "readTotal": 9,
     "readOut": 9,
     "queueLength": 7,
     "ckptRunning": 0
    },
    {
     "t": 8.22,
     "readTotal": 9,
     "readOut": 9,
     "queueLength": 7,
     "ckptRunning": 0
    },
    {
     "t": 8.74,
     "readTotal": 10,
     "readOut": 10,
     "queueLength": 6,
     "ckptRunning": 0
    },
    {
     "t": 9.25,
     "readTotal": 10,
     "readOut": 10,
     "queueLength": 6,
     "ckptRunning": 0
    },
    {
     "t": 9.76,
     "readTotal": 10,
     "readOut": 10,
     "queueLength": 6,
     "ckptRunning": 0
    },
    {
     "t": 10.28,
     "readTotal": 9,
     "readOut": 9,
     "queueLength": 7,
     "ckptRunning": 0
    },
    {
     "t": 10.79,
     "readTotal": 10,
     "readOut": 10,
     "queueLength": 6,
     "ckptRunning": 0
    },
    {
     "t": 11.3,
     "readTotal": 11,
     "readOut": 11,
     "queueLength": 5,
     "ckptRunning": 0
    },
    {
     "t": 11.81,
     "readTotal": 11,
     "readOut": 11,
     "queueLength": 5,
     "ckptRunning": 0
    },
    {
     "t": 12.32,
     "readTotal": 11,
     "readOut": 11,
     "queueLength": 5,
     "ckptRunning": 0
    },
    {
     "t": 12.84,
     "readTotal": 12,
     "readOut": 12,
     "queueLength": 4,
     "ckptRunning": 0
    },
    {
     "t": 13.35,
     "readTotal": 12,
     "readOut": 12,
     "queueLength": 4,
     "ckptRunning": 0
    },
    {
     "t": 13.86,
     "readTotal": 12,
     "readOut": 12,
     "queueLength": 4,
     "ckptRunning": 0
    },
    {
     "t": 14.38,
     "readTotal": 12,
     "readOut": 12,
     "queueLength": 4,
     "ckptRunning": 0
    },
    {
     "t": 14.89,
     "readTotal": 11,
     "readOut": 11,
     "queueLength": 5,
     "ckptRunning": 0
    },
    {
     "t": 15.4,
     "readTotal": 12,
     "readOut": 12,
     "queueLength": 4,
     "ckptRunning": 0
    },
    {
     "t": 15.91,
     "readTotal": 12,
     "readOut": 12,
     "queueLength": 4,
     "ckptRunning": 0
    },
    {
     "t": 16.42,
     "readTotal": 12,
     "readOut": 12,
     "queueLength": 4,
     "ckptRunning": 0
    },
    {
     "t": 16.94,
     "readTotal": 13,
     "readOut": 13,
     "queueLength": 2,
     "ckptRunning": 0
    },
    {
     "t": 17.45,
     "readTotal": 12,
     "readOut": 12,
     "queueLength": 4,
     "ckptRunning": 0
    },
    {
     "t": 17.96,
     "readTotal": 13,
     "readOut": 13,
     "queueLength": 3,
     "ckptRunning": 0
    },
    {
     "t": 18.48,
     "readTotal": 13,
     "readOut": 13,
     "queueLength": 3,
     "ckptRunning": 0
    },
    {
     "t": 18.99,
     "readTotal": 13,
     "readOut": 13,
     "queueLength": 3,
     "ckptRunning": 0
    },
    {
     "t": 19.5,
     "readTotal": 13,
     "readOut": 13,
     "queueLength": 3,
     "ckptRunning": 0
    },
    {
     "t": 20.01,
     "readTotal": 14,
     "readOut": 14,
     "queueLength": 2,
     "ckptRunning": 0
    },
    {
     "t": 20.53,
     "readTotal": 13,
     "readOut": 13,
     "queueLength": 3,
     "ckptRunning": 0
    },
    {
     "t": 21.04,
     "readTotal": 15,
     "readOut": 15,
     "queueLength": 1,
     "ckptRunning": 0
    },
    {
     "t": 21.55,
     "readTotal": 15,
     "readOut": 15,
     "queueLength": 1,
     "ckptRunning": 0
    },
    {
     "t": 22.06,
     "readTotal": 15,
     "readOut": 15,
     "queueLength": 1,
     "ckptRunning": 0
    },
    {
     "t": 22.58,
     "readTotal": 15,
     "readOut": 15,
     "queueLength": 1,
     "ckptRunning": 0
    },
    {
     "t": 23.09,
     "readTotal": 16,
     "readOut": 16,
     "queueLength": 0,
     "ckptRunning": 0
    },
    {
     "t": 23.6,
     "readTotal": 16,
     "readOut": 16,
     "queueLength": 0,
     "ckptRunning": 0
    },
    {
     "t": 24.11,
     "readTotal": 15,
     "readOut": 15,
     "queueLength": 1,
     "ckptRunning": 0
    },
    {
     "t": 24.62,
     "readTotal": 16,
     "readOut": 16,
     "queueLength": 0,
     "ckptRunning": 0
    },
    {
     "t": 25.13,
     "readTotal": 17,
     "readOut": 13,
     "queueLength": 0,
     "ckptRunning": 0
    },
    {
     "t": 25.65,
     "readTotal": 15,
     "readOut": 15,
     "queueLength": 1,
     "ckptRunning": 0
    },
    {
     "t": 26.16,
     "readTotal": 17,
     "readOut": 16,
     "queueLength": 0,
     "ckptRunning": 0
    },
    {
     "t": 26.67,
     "readTotal": 16,
     "readOut": 16,
     "queueLength": 0,
     "ckptRunning": 0
    },
    {
     "t": 27.2,
     "readTotal": 17,
     "readOut": 16,
     "queueLength": 0,
     "ckptRunning": 0
    },
    {
     "t": 27.71,
     "readTotal": 16,
     "readOut": 16,
     "queueLength": 0,
     "ckptRunning": 0
    },
    {
     "t": 28.22,
     "readTotal": 18,
     "readOut": 16,
     "queueLength": 0,
     "ckptRunning": 0
    },
    {
     "t": 28.74,
     "readTotal": 15,
     "readOut": 15,
     "queueLength": 1,
     "ckptRunning": 0
    },
    {
     "t": 29.25,
     "readTotal": 17,
     "readOut": 16,
     "queueLength": 0,
     "ckptRunning": 0
    },
    {
     "t": 29.77,
     "readTotal": 17,
     "readOut": 17,
     "queueLength": 0,
     "ckptRunning": 0
    },
    {
     "t": 30.28,
     "readTotal": 16,
     "readOut": 16,
     "queueLength": 0,
     "ckptRunning": 0
    },
    {
     "t": 30.79,
     "readTotal": 18,
     "readOut": 16,
     "queueLength": 0,
     "ckptRunning": 0
    },
    {
     "t": 31.3,
     "readTotal": 16,
     "readOut": 16,
     "queueLength": 0,
     "ckptRunning": 0
    },
    {
     "t": 31.82,
     "readTotal": 17,
     "readOut": 17,
     "queueLength": 0,
     "ckptRunning": 0
    },
    {
     "t": 32.32,
     "readTotal": 17,
     "readOut": 9,
     "queueLength": 0,
     "ckptRunning": 0
    },
    {
     "t": 32.84,
     "readTotal": 17,
     "readOut": 16,
     "queueLength": 0,
     "ckptRunning": 0
    },
    {
     "t": 33.35,
     "readTotal": 15,
     "readOut": 15,
     "queueLength": 1,
     "ckptRunning": 0
    },
    {
     "t": 33.86,
     "readTotal": 16,
     "readOut": 16,
     "queueLength": 0,
     "ckptRunning": 0
    },
    {
     "t": 34.38,
     "readTotal": 17,
     "readOut": 17,
     "queueLength": 0,
     "ckptRunning": 0
    },
    {
     "t": 34.89,
     "readTotal": 17,
     "readOut": 16,
     "queueLength": 0,
     "ckptRunning": 0
    },
    {
     "t": 35.4,
     "readTotal": 18,
     "readOut": 16,
     "queueLength": 0,
     "ckptRunning": 0
    },
    {
     "t": 35.91,
     "readTotal": 17,
     "readOut": 16,
     "queueLength": 0,
     "ckptRunning": 0
    },
    {
     "t": 36.42,
     "readTotal": 18,
     "readOut": 11,
     "queueLength": 0,
     "ckptRunning": 0
    },
    {
     "t": 36.94,
     "readTotal": 17,
     "readOut": 16,
     "queueLength": 0,
     "ckptRunning": 0
    },
    {
     "t": 37.45,
     "readTotal": 16,
     "readOut": 16,
     "queueLength": 0,
     "ckptRunning": 0
    },
    {
     "t": 37.96,
     "readTotal": 18,
     "readOut": 16,
     "queueLength": 0,
     "ckptRunning": 0
    },
    {
     "t": 38.48,
     "readTotal": 16,
     "readOut": 16,
     "queueLength": 0,
     "ckptRunning": 1
    },
    {
     "t": 38.99,
     "readTotal": 18,
     "readOut": 16,
     "queueLength": 0,
     "ckptRunning": 1
    },
    {
     "t": 39.5,
     "readTotal": 16,
     "readOut": 16,
     "queueLength": 0,
     "ckptRunning": 1
    },
    {
     "t": 40.01,
     "readTotal": 17,
     "readOut": 17,
     "queueLength": 0,
     "ckptRunning": 1
    },
    {
     "t": 40.53,
     "readTotal": 17,
     "readOut": 16,
     "queueLength": 0,
     "ckptRunning": 0
    },
    {
     "t": 41.05,
     "readTotal": 16,
     "readOut": 16,
     "queueLength": 0,
     "ckptRunning": 0
    },
    {
     "t": 41.56,
     "readTotal": 18,
     "readOut": 16,
     "queueLength": 0,
     "ckptRunning": 0
    },
    {
     "t": 42.07,
     "readTotal": 17,
     "readOut": 16,
     "queueLength": 0,
     "ckptRunning": 0
    },
    {
     "t": 42.58,
     "readTotal": 17,
     "readOut": 17,
     "queueLength": 0,
     "ckptRunning": 0
    },
    {
     "t": 43.09,
     "readTotal": 17,
     "readOut": 16,
     "queueLength": 0,
     "ckptRunning": 0
    },
    {
     "t": 43.6,
     "readTotal": 17,
     "readOut": 17,
     "queueLength": 0,
     "ckptRunning": 0
    },
    {
     "t": 44.11,
     "readTotal": 17,
     "readOut": 16,
     "queueLength": 0,
     "ckptRunning": 0
    },
    {
     "t": 44.62,
     "readTotal": 18,
     "readOut": 16,
     "queueLength": 0,
     "ckptRunning": 0
    },
    {
     "t": 45.14,
     "readTotal": 18,
     "readOut": 16,
     "queueLength": 0,
     "ckptRunning": 0
    },
    {
     "t": 45.65,
     "readTotal": 16,
     "readOut": 16,
     "queueLength": 0,
     "ckptRunning": 0
    },
    {
     "t": 46.17,
     "readTotal": 18,
     "readOut": 16,
     "queueLength": 0,
     "ckptRunning": 0
    },
    {
     "t": 46.68,
     "readTotal": 16,
     "readOut": 16,
     "queueLength": 0,
     "ckptRunning": 0
    },
    {
     "t": 47.19,
     "readTotal": 18,
     "readOut": 16,
     "queueLength": 0,
     "ckptRunning": 0
    },
    {
     "t": 47.71,
     "readTotal": 17,
     "readOut": 16,
     "queueLength": 0,
     "ckptRunning": 0
    },
    {
     "t": 48.22,
     "readTotal": 17,
     "readOut": 12,
     "queueLength": 0,
     "ckptRunning": 0
    },
    {
     "t": 48.74,
     "readTotal": 17,
     "readOut": 15,
     "queueLength": 0,
     "ckptRunning": 0
    },
    {
     "t": 49.25,
     "readTotal": 16,
     "readOut": 16,
     "queueLength": 0,
     "ckptRunning": 0
    },
    {
     "t": 49.77,
     "readTotal": 17,
     "readOut": 17,
     "queueLength": 0,
     "ckptRunning": 0
    },
    {
     "t": 50.28,
     "readTotal": 16,
     "readOut": 16,
     "queueLength": 0,
     "ckptRunning": 0
    },
    {
     "t": 50.8,
     "readTotal": 18,
     "readOut": 16,
     "queueLength": 0,
     "ckptRunning": 0
    },
    {
     "t": 51.31,
     "readTotal": 16,
     "readOut": 16,
     "queueLength": 0,
     "ckptRunning": 0
    },
    {
     "t": 51.82,
     "readTotal": 18,
     "readOut": 16,
     "queueLength": 0,
     "ckptRunning": 0
    },
    {
     "t": 52.34,
     "readTotal": 17,
     "readOut": 16,
     "queueLength": 0,
     "ckptRunning": 0
    },
    {
     "t": 52.85,
     "readTotal": 16,
     "readOut": 16,
     "queueLength": 0,
     "ckptRunning": 0
    },
    {
     "t": 53.36,
     "readTotal": 18,
     "readOut": 16,
     "queueLength": 0,
     "ckptRunning": 0
    },
    {
     "t": 53.87,
     "readTotal": 16,
     "readOut": 16,
     "queueLength": 0,
     "ckptRunning": 0
    },
    {
     "t": 54.38,
     "readTotal": 17,
     "readOut": 17,
     "queueLength": 0,
     "ckptRunning": 0
    },
    {
     "t": 54.9,
     "readTotal": 16,
     "readOut": 16,
     "queueLength": 0,
     "ckptRunning": 0
    },
    {
     "t": 55.41,
     "readTotal": 18,
     "readOut": 16,
     "queueLength": 0,
     "ckptRunning": 0
    },
    {
     "t": 55.92,
     "readTotal": 17,
     "readOut": 16,
     "queueLength": 0,
     "ckptRunning": 0
    },
    {
     "t": 56.43,
     "readTotal": 18,
     "readOut": 10,
     "queueLength": 0,
     "ckptRunning": 0
    },
    {
     "t": 56.94,
     "readTotal": 18,
     "readOut": 16,
     "queueLength": 0,
     "ckptRunning": 0
    },
    {
     "t": 57.46,
     "readTotal": 17,
     "readOut": 16,
     "queueLength": 0,
     "ckptRunning": 0
    },
    {
     "t": 57.97,
     "readTotal": 18,
     "readOut": 16,
     "queueLength": 0,
     "ckptRunning": 0
    },
    {
     "t": 58.48,
     "readTotal": 17,
     "readOut": 16,
     "queueLength": 0,
     "ckptRunning": 0
    },
    {
     "t": 59.0,
     "readTotal": 17,
     "readOut": 17,
     "queueLength": 0,
     "ckptRunning": 0
    },
    {
     "t": 59.51,
     "readTotal": 16,
     "readOut": 16,
     "queueLength": 0,
     "ckptRunning": 0
    },
    {
     "t": 60.02,
     "readTotal": 18,
     "readOut": 16,
     "queueLength": 0,
     "ckptRunning": 0
    },
    {
     "t": 60.53,
     "readTotal": 16,
     "readOut": 16,
     "queueLength": 0,
     "ckptRunning": 0
    },
    {
     "t": 61.04,
     "readTotal": 16,
     "readOut": 16,
     "queueLength": 0,
     "ckptRunning": 0
    },
    {
     "t": 61.55,
     "readTotal": 18,
     "readOut": 16,
     "queueLength": 0,
     "ckptRunning": 0
    },
    {
     "t": 62.06,
     "readTotal": 17,
     "readOut": 16,
     "queueLength": 0,
     "ckptRunning": 0
    },
    {
     "t": 62.57,
     "readTotal": 17,
     "readOut": 17,
     "queueLength": 0,
     "ckptRunning": 0
    },
    {
     "t": 63.09,
     "readTotal": 16,
     "readOut": 16,
     "queueLength": 0,
     "ckptRunning": 0
    },
    {
     "t": 63.6,
     "readTotal": 17,
     "readOut": 17,
     "queueLength": 0,
     "ckptRunning": 0
    },
    {
     "t": 64.11,
     "readTotal": 17,
     "readOut": 16,
     "queueLength": 0,
     "ckptRunning": 0
    },
    {
     "t": 64.62,
     "readTotal": 18,
     "readOut": 16,
     "queueLength": 0,
     "ckptRunning": 0
    },
    {
     "t": 65.14,
     "readTotal": 18,
     "readOut": 16,
     "queueLength": 0,
     "ckptRunning": 0
    },
    {
     "t": 65.65,
     "readTotal": 17,
     "readOut": 16,
     "queueLength": 0,
     "ckptRunning": 0
    },
    {
     "t": 66.16,
     "readTotal": 18,
     "readOut": 16,
     "queueLength": 0,
     "ckptRunning": 0
    },
    {
     "t": 66.67,
     "readTotal": 16,
     "readOut": 16,
     "queueLength": 0,
     "ckptRunning": 0
    },
    {
     "t": 67.19,
     "readTotal": 18,
     "readOut": 16,
     "queueLength": 0,
     "ckptRunning": 0
    },
    {
     "t": 67.7,
     "readTotal": 16,
     "readOut": 16,
     "queueLength": 0,
     "ckptRunning": 0
    },
    {
     "t": 68.21,
     "readTotal": 18,
     "readOut": 16,
     "queueLength": 0,
     "ckptRunning": 0
    },
    {
     "t": 68.72,
     "readTotal": 16,
     "readOut": 10,
     "queueLength": 0,
     "ckptRunning": 0
    },
    {
     "t": 69.24,
     "readTotal": 17,
     "readOut": 16,
     "queueLength": 0,
     "ckptRunning": 0
    },
    {
     "t": 69.75,
     "readTotal": 18,
     "readOut": 16,
     "queueLength": 0,
     "ckptRunning": 0
    },
    {
     "t": 70.27,
     "readTotal": 17,
     "readOut": 16,
     "queueLength": 0,
     "ckptRunning": 0
    },
    {
     "t": 70.77,
     "readTotal": 18,
     "readOut": 16,
     "queueLength": 0,
     "ckptRunning": 0
    },
    {
     "t": 71.29,
     "readTotal": 17,
     "readOut": 16,
     "queueLength": 0,
     "ckptRunning": 0
    },
    {
     "t": 71.8,
     "readTotal": 18,
     "readOut": 16,
     "queueLength": 0,
     "ckptRunning": 0
    },
    {
     "t": 72.32,
     "readTotal": 16,
     "readOut": 14,
     "queueLength": 0,
     "ckptRunning": 0
    },
    {
     "t": 72.84,
     "readTotal": 18,
     "readOut": 16,
     "queueLength": 0,
     "ckptRunning": 0
    },
    {
     "t": 73.35,
     "readTotal": 17,
     "readOut": 17,
     "queueLength": 0,
     "ckptRunning": 0
    },
    {
     "t": 73.86,
     "readTotal": 16,
     "readOut": 16,
     "queueLength": 0,
     "ckptRunning": 0
    },
    {
     "t": 74.37,
     "readTotal": 18,
     "readOut": 16,
     "queueLength": 0,
     "ckptRunning": 0
    },
    {
     "t": 74.88,
     "readTotal": 17,
     "readOut": 16,
     "queueLength": 0,
     "ckptRunning": 0
    },
    {
     "t": 75.39,
     "readTotal": 18,
     "readOut": 16,
     "queueLength": 0,
     "ckptRunning": 0
    },
    {
     "t": 75.91,
     "readTotal": 17,
     "readOut": 16,
     "queueLength": 0,
     "ckptRunning": 0
    },
    {
     "t": 76.42,
     "readTotal": 17,
     "readOut": 17,
     "queueLength": 0,
     "ckptRunning": 0
    },
    {
     "t": 76.93,
     "readTotal": 16,
     "readOut": 16,
     "queueLength": 0,
     "ckptRunning": 0
    },
    {
     "t": 77.44,
     "readTotal": 18,
     "readOut": 16,
     "queueLength": 0,
     "ckptRunning": 0
    },
    {
     "t": 77.95,
     "readTotal": 18,
     "readOut": 16,
     "queueLength": 0,
     "ckptRunning": 0
    },
    {
     "t": 78.46,
     "readTotal": 16,
     "readOut": 16,
     "queueLength": 0,
     "ckptRunning": 0
    },
    {
     "t": 78.98,
     "readTotal": 18,
     "readOut": 16,
     "queueLength": 0,
     "ckptRunning": 0
    },
    {
     "t": 79.49,
     "readTotal": 17,
     "readOut": 16,
     "queueLength": 0,
     "ckptRunning": 0
    },
    {
     "t": 80.0,
     "readTotal": 17,
     "readOut": 17,
     "queueLength": 0,
     "ckptRunning": 0
    },
    {
     "t": 80.52,
     "readTotal": 16,
     "readOut": 16,
     "queueLength": 0,
     "ckptRunning": 0
    },
    {
     "t": 81.03,
     "readTotal": 18,
     "readOut": 11,
     "queueLength": 0,
     "ckptRunning": 0
    },
    {
     "t": 81.55,
     "readTotal": 18,
     "readOut": 16,
     "queueLength": 0,
     "ckptRunning": 0
    },
    {
     "t": 82.06,
     "readTotal": 17,
     "readOut": 16,
     "queueLength": 0,
     "ckptRunning": 0
    },
    {
     "t": 82.57,
     "readTotal": 17,
     "readOut": 17,
     "queueLength": 0,
     "ckptRunning": 0
    },
    {
     "t": 83.08,
     "readTotal": 17,
     "readOut": 16,
     "queueLength": 0,
     "ckptRunning": 0
    },
    {
     "t": 83.59,
     "readTotal": 18,
     "readOut": 16,
     "queueLength": 0,
     "ckptRunning": 0
    },
    {
     "t": 84.11,
     "readTotal": 16,
     "readOut": 16,
     "queueLength": 0,
     "ckptRunning": 0
    },
    {
     "t": 84.62,
     "readTotal": 18,
     "readOut": 16,
     "queueLength": 0,
     "ckptRunning": 0
    },
    {
     "t": 85.14,
     "readTotal": 16,
     "readOut": 14,
     "queueLength": 0,
     "ckptRunning": 0
    },
    {
     "t": 85.65,
     "readTotal": 16,
     "readOut": 16,
     "queueLength": 0,
     "ckptRunning": 0
    },
    {
     "t": 86.16,
     "readTotal": 18,
     "readOut": 16,
     "queueLength": 0,
     "ckptRunning": 0
    },
    {
     "t": 86.68,
     "readTotal": 17,
     "readOut": 16,
     "queueLength": 0,
     "ckptRunning": 0
    },
    {
     "t": 87.19,
     "readTotal": 17,
     "readOut": 17,
     "queueLength": 0,
     "ckptRunning": 0
    },
    {
     "t": 87.7,
     "readTotal": 17,
     "readOut": 16,
     "queueLength": 0,
     "ckptRunning": 0
    },
    {
     "t": 88.21,
     "readTotal": 18,
     "readOut": 16,
     "queueLength": 0,
     "ckptRunning": 0
    },
    {
     "t": 88.72,
     "readTotal": 16,
     "readOut": 16,
     "queueLength": 0,
     "ckptRunning": 0
    },
    {
     "t": 89.24,
     "readTotal": 15,
     "readOut": 15,
     "queueLength": 1,
     "ckptRunning": 0
    },
    {
     "t": 89.75,
     "readTotal": 18,
     "readOut": 16,
     "queueLength": 0,
     "ckptRunning": 0
    },
    {
     "t": 90.26,
     "readTotal": 16,
     "readOut": 16,
     "queueLength": 0,
     "ckptRunning": 0
    },
    {
     "t": 90.77,
     "readTotal": 18,
     "readOut": 16,
     "queueLength": 0,
     "ckptRunning": 0
    },
    {
     "t": 91.29,
     "readTotal": 17,
     "readOut": 16,
     "queueLength": 0,
     "ckptRunning": 0
    },
    {
     "t": 91.8,
     "readTotal": 17,
     "readOut": 17,
     "queueLength": 0,
     "ckptRunning": 0
    },
    {
     "t": 92.31,
     "readTotal": 17,
     "readOut": 16,
     "queueLength": 0,
     "ckptRunning": 0
    },
    {
     "t": 92.82,
     "readTotal": 18,
     "readOut": 16,
     "queueLength": 0,
     "ckptRunning": 0
    },
    {
     "t": 93.33,
     "readTotal": 17,
     "readOut": 16,
     "queueLength": 0,
     "ckptRunning": 0
    },
    {
     "t": 93.85,
     "readTotal": 17,
     "readOut": 16,
     "queueLength": 0,
     "ckptRunning": 0
    },
    {
     "t": 94.36,
     "readTotal": 17,
     "readOut": 17,
     "queueLength": 0,
     "ckptRunning": 0
    },
    {
     "t": 94.87,
     "readTotal": 16,
     "readOut": 16,
     "queueLength": 0,
     "ckptRunning": 0
    },
    {
     "t": 95.4,
     "readTotal": 17,
     "readOut": 17,
     "queueLength": 0,
     "ckptRunning": 0
    },
    {
     "t": 95.91,
     "readTotal": 17,
     "readOut": 16,
     "queueLength": 0,
     "ckptRunning": 0
    },
    {
     "t": 96.43,
     "readTotal": 18,
     "readOut": 16,
     "queueLength": 0,
     "ckptRunning": 0
    },
    {
     "t": 96.95,
     "readTotal": 17,
     "readOut": 17,
     "queueLength": 0,
     "ckptRunning": 0
    },
    {
     "t": 97.46,
     "readTotal": 17,
     "readOut": 16,
     "queueLength": 0,
     "ckptRunning": 0
    },
    {
     "t": 97.97,
     "readTotal": 18,
     "readOut": 16,
     "queueLength": 0,
     "ckptRunning": 0
    },
    {
     "t": 98.48,
     "readTotal": 16,
     "readOut": 16,
     "queueLength": 0,
     "ckptRunning": 0
    },
    {
     "t": 98.99,
     "readTotal": 18,
     "readOut": 16,
     "queueLength": 0,
     "ckptRunning": 0
    },
    {
     "t": 99.51,
     "readTotal": 17,
     "readOut": 16,
     "queueLength": 0,
     "ckptRunning": 0
    },
    {
     "t": 100.02,
     "readTotal": 17,
     "readOut": 17,
     "queueLength": 0,
     "ckptRunning": 0
    },
    {
     "t": 100.54,
     "readTotal": 16,
     "readOut": 16,
     "queueLength": 0,
     "ckptRunning": 1
    },
    {
     "t": 101.05,
     "readTotal": 17,
     "readOut": 16,
     "queueLength": 0,
     "ckptRunning": 0
    },
    {
     "t": 101.56,
     "readTotal": 16,
     "readOut": 16,
     "queueLength": 0,
     "ckptRunning": 0
    },
    {
     "t": 102.07,
     "readTotal": 17,
     "readOut": 16,
     "queueLength": 0,
     "ckptRunning": 0
    },
    {
     "t": 102.58,
     "readTotal": 17,
     "readOut": 17,
     "queueLength": 0,
     "ckptRunning": 0
    },
    {
     "t": 103.09,
     "readTotal": 17,
     "readOut": 16,
     "queueLength": 0,
     "ckptRunning": 0
    },
    {
     "t": 103.6,
     "readTotal": 18,
     "readOut": 16,
     "queueLength": 0,
     "ckptRunning": 0
    },
    {
     "t": 104.12,
     "readTotal": 17,
     "readOut": 16,
     "queueLength": 0,
     "ckptRunning": 0
    },
    {
     "t": 104.63,
     "readTotal": 18,
     "readOut": 13,
     "queueLength": 0,
     "ckptRunning": 0
    },
    {
     "t": 105.15,
     "readTotal": 17,
     "readOut": 17,
     "queueLength": 0,
     "ckptRunning": 0
    },
    {
     "t": 105.66,
     "readTotal": 17,
     "readOut": 16,
     "queueLength": 0,
     "ckptRunning": 0
    },
    {
     "t": 106.17,
     "readTotal": 18,
     "readOut": 16,
     "queueLength": 0,
     "ckptRunning": 0
    },
    {
     "t": 106.68,
     "readTotal": 16,
     "readOut": 16,
     "queueLength": 0,
     "ckptRunning": 0
    },
    {
     "t": 107.19,
     "readTotal": 17,
     "readOut": 17,
     "queueLength": 0,
     "ckptRunning": 0
    },
    {
     "t": 107.71,
     "readTotal": 17,
     "readOut": 16,
     "queueLength": 0,
     "ckptRunning": 0
    },
    {
     "t": 108.22,
     "readTotal": 18,
     "readOut": 16,
     "queueLength": 0,
     "ckptRunning": 0
    },
    {
     "t": 108.73,
     "readTotal": 17,
     "readOut": 16,
     "queueLength": 0,
     "ckptRunning": 0
    },
    {
     "t": 109.24,
     "readTotal": 17,
     "readOut": 16,
     "queueLength": 0,
     "ckptRunning": 0
    },
    {
     "t": 109.75,
     "readTotal": 17,
     "readOut": 17,
     "queueLength": 0,
     "ckptRunning": 0
    },
    {
     "t": 110.27,
     "readTotal": 17,
     "readOut": 16,
     "queueLength": 0,
     "ckptRunning": 0
    },
    {
     "t": 110.78,
     "readTotal": 18,
     "readOut": 16,
     "queueLength": 0,
     "ckptRunning": 0
    },
    {
     "t": 111.29,
     "readTotal": 16,
     "readOut": 16,
     "queueLength": 0,
     "ckptRunning": 0
    },
    {
     "t": 111.8,
     "readTotal": 18,
     "readOut": 16,
     "queueLength": 0,
     "ckptRunning": 0
    },
    {
     "t": 112.31,
     "readTotal": 16,
     "readOut": 16,
     "queueLength": 0,
     "ckptRunning": 0
    },
    {
     "t": 112.83,
     "readTotal": 15,
     "readOut": 9,
     "queueLength": 0,
     "ckptRunning": 0
    },
    {
     "t": 113.34,
     "readTotal": 18,
     "readOut": 16,
     "queueLength": 0,
     "ckptRunning": 0
    },
    {
     "t": 113.86,
     "readTotal": 17,
     "readOut": 16,
     "queueLength": 0,
     "ckptRunning": 0
    },
    {
     "t": 114.37,
     "readTotal": 17,
     "readOut": 17,
     "queueLength": 0,
     "ckptRunning": 0
    },
    {
     "t": 114.88,
     "readTotal": 16,
     "readOut": 16,
     "queueLength": 0,
     "ckptRunning": 0
    },
    {
     "t": 115.4,
     "readTotal": 18,
     "readOut": 16,
     "queueLength": 0,
     "ckptRunning": 0
    },
    {
     "t": 115.91,
     "readTotal": 17,
     "readOut": 16,
     "queueLength": 0,
     "ckptRunning": 0
    },
    {
     "t": 116.42,
     "readTotal": 17,
     "readOut": 17,
     "queueLength": 0,
     "ckptRunning": 0
    },
    {
     "t": 116.93,
     "readTotal": 17,
     "readOut": 16,
     "queueLength": 0,
     "ckptRunning": 0
    },
    {
     "t": 117.44,
     "readTotal": 18,
     "readOut": 16,
     "queueLength": 0,
     "ckptRunning": 0
    },
    {
     "t": 117.97,
     "readTotal": 18,
     "readOut": 16,
     "queueLength": 0,
     "ckptRunning": 0
    },
    {
     "t": 118.48,
     "readTotal": 17,
     "readOut": 16,
     "queueLength": 0,
     "ckptRunning": 0
    },
    {
     "t": 118.99,
     "readTotal": 17,
     "readOut": 17,
     "queueLength": 0,
     "ckptRunning": 0
    },
    {
     "t": 119.5,
     "readTotal": 16,
     "readOut": 16,
     "queueLength": 0,
     "ckptRunning": 0
    },
    {
     "t": 120.02,
     "readTotal": 18,
     "readOut": 16,
     "queueLength": 0,
     "ckptRunning": 0
    },
    {
     "t": 120.54,
     "readTotal": 17,
     "readOut": 16,
     "queueLength": 0,
     "ckptRunning": 0
    },
    {
     "t": 121.05,
     "readTotal": 17,
     "readOut": 16,
     "queueLength": 0,
     "ckptRunning": 0
    },
    {
     "t": 121.56,
     "readTotal": 17,
     "readOut": 17,
     "queueLength": 0,
     "ckptRunning": 0
    },
    {
     "t": 122.07,
     "readTotal": 16,
     "readOut": 16,
     "queueLength": 0,
     "ckptRunning": 0
    },
    {
     "t": 122.58,
     "readTotal": 18,
     "readOut": 16,
     "queueLength": 0,
     "ckptRunning": 0
    },
    {
     "t": 123.1,
     "readTotal": 16,
     "readOut": 16,
     "queueLength": 0,
     "ckptRunning": 0
    },
    {
     "t": 123.61,
     "readTotal": 18,
     "readOut": 16,
     "queueLength": 0,
     "ckptRunning": 0
    },
    {
     "t": 124.12,
     "readTotal": 16,
     "readOut": 16,
     "queueLength": 0,
     "ckptRunning": 0
    },
    {
     "t": 124.63,
     "readTotal": 18,
     "readOut": 16,
     "queueLength": 0,
     "ckptRunning": 0
    },
    {
     "t": 125.15,
     "readTotal": 17,
     "readOut": 17,
     "queueLength": 0,
     "ckptRunning": 0
    },
    {
     "t": 125.66,
     "readTotal": 17,
     "readOut": 16,
     "queueLength": 0,
     "ckptRunning": 0
    },
    {
     "t": 126.17,
     "readTotal": 17,
     "readOut": 17,
     "queueLength": 0,
     "ckptRunning": 0
    },
    {
     "t": 126.68,
     "readTotal": 17,
     "readOut": 16,
     "queueLength": 0,
     "ckptRunning": 0
    },
    {
     "t": 127.19,
     "readTotal": 18,
     "readOut": 16,
     "queueLength": 0,
     "ckptRunning": 0
    },
    {
     "t": 127.7,
     "readTotal": 17,
     "readOut": 16,
     "queueLength": 0,
     "ckptRunning": 0
    },
    {
     "t": 128.22,
     "readTotal": 17,
     "readOut": 17,
     "queueLength": 0,
     "ckptRunning": 0
    },
    {
     "t": 128.73,
     "readTotal": 16,
     "readOut": 16,
     "queueLength": 0,
     "ckptRunning": 0
    },
    {
     "t": 129.24,
     "readTotal": 17,
     "readOut": 16,
     "queueLength": 0,
     "ckptRunning": 0
    },
    {
     "t": 129.76,
     "readTotal": 18,
     "readOut": 16,
     "queueLength": 0,
     "ckptRunning": 0
    },
    {
     "t": 130.27,
     "readTotal": 17,
     "readOut": 16,
     "queueLength": 0,
     "ckptRunning": 0
    },
    {
     "t": 130.78,
     "readTotal": 17,
     "readOut": 17,
     "queueLength": 0,
     "ckptRunning": 0
    },
    {
     "t": 131.29,
     "readTotal": 16,
     "readOut": 16,
     "queueLength": 0,
     "ckptRunning": 0
    },
    {
     "t": 131.81,
     "readTotal": 18,
     "readOut": 16,
     "queueLength": 0,
     "ckptRunning": 0
    },
    {
     "t": 132.31,
     "readTotal": 17,
     "readOut": 16,
     "queueLength": 0,
     "ckptRunning": 0
    },
    {
     "t": 132.83,
     "readTotal": 15,
     "readOut": 11,
     "queueLength": 0,
     "ckptRunning": 0
    },
    {
     "t": 133.34,
     "readTotal": 17,
     "readOut": 16,
     "queueLength": 0,
     "ckptRunning": 0
    },
    {
     "t": 133.85,
     "readTotal": 17,
     "readOut": 16,
     "queueLength": 0,
     "ckptRunning": 0
    },
    {
     "t": 134.37,
     "readTotal": 17,
     "readOut": 17,
     "queueLength": 0,
     "ckptRunning": 0
    },
    {
     "t": 134.88,
     "readTotal": 16,
     "readOut": 16,
     "queueLength": 0,
     "ckptRunning": 0
    },
    {
     "t": 135.39,
     "readTotal": 18,
     "readOut": 16,
     "queueLength": 0,
     "ckptRunning": 0
    },
    {
     "t": 135.9,
     "readTotal": 16,
     "readOut": 16,
     "queueLength": 0,
     "ckptRunning": 0
    },
    {
     "t": 136.41,
     "readTotal": 17,
     "readOut": 17,
     "queueLength": 0,
     "ckptRunning": 0
    },
    {
     "t": 136.92,
     "readTotal": 16,
     "readOut": 16,
     "queueLength": 0,
     "ckptRunning": 0
    },
    {
     "t": 137.44,
     "readTotal": 18,
     "readOut": 16,
     "queueLength": 0,
     "ckptRunning": 0
    },
    {
     "t": 137.95,
     "readTotal": 17,
     "readOut": 17,
     "queueLength": 0,
     "ckptRunning": 0
    },
    {
     "t": 138.47,
     "readTotal": 16,
     "readOut": 16,
     "queueLength": 0,
     "ckptRunning": 0
    },
    {
     "t": 138.98,
     "readTotal": 18,
     "readOut": 16,
     "queueLength": 0,
     "ckptRunning": 0
    },
    {
     "t": 139.49,
     "readTotal": 17,
     "readOut": 16,
     "queueLength": 0,
     "ckptRunning": 0
    },
    {
     "t": 140.0,
     "readTotal": 18,
     "readOut": 16,
     "queueLength": 0,
     "ckptRunning": 0
    },
    {
     "t": 140.52,
     "readTotal": 16,
     "readOut": 9,
     "queueLength": 0,
     "ckptRunning": 0
    },
    {
     "t": 141.04,
     "readTotal": 18,
     "readOut": 16,
     "queueLength": 0,
     "ckptRunning": 0
    },
    {
     "t": 141.55,
     "readTotal": 18,
     "readOut": 16,
     "queueLength": 0,
     "ckptRunning": 0
    },
    {
     "t": 142.07,
     "readTotal": 17,
     "readOut": 16,
     "queueLength": 0,
     "ckptRunning": 0
    },
    {
     "t": 142.58,
     "readTotal": 17,
     "readOut": 17,
     "queueLength": 0,
     "ckptRunning": 0
    },
    {
     "t": 143.09,
     "readTotal": 16,
     "readOut": 16,
     "queueLength": 0,
     "ckptRunning": 0
    },
    {
     "t": 143.61,
     "readTotal": 17,
     "readOut": 17,
     "queueLength": 0,
     "ckptRunning": 0
    },
    {
     "t": 144.12,
     "readTotal": 17,
     "readOut": 16,
     "queueLength": 0,
     "ckptRunning": 0
    },
    {
     "t": 144.63,
     "readTotal": 15,
     "readOut": 15,
     "queueLength": 1,
     "ckptRunning": 0
    },
    {
     "t": 145.14,
     "readTotal": 16,
     "readOut": 16,
     "queueLength": 0,
     "ckptRunning": 0
    },
    {
     "t": 145.66,
     "readTotal": 16,
     "readOut": 16,
     "queueLength": 0,
     "ckptRunning": 0
    },
    {
     "t": 146.17,
     "readTotal": 18,
     "readOut": 16,
     "queueLength": 0,
     "ckptRunning": 0
    },
    {
     "t": 146.68,
     "readTotal": 16,
     "readOut": 16,
     "queueLength": 0,
     "ckptRunning": 0
    },
    {
     "t": 147.19,
     "readTotal": 18,
     "readOut": 16,
     "queueLength": 0,
     "ckptRunning": 0
    },
    {
     "t": 147.7,
     "readTotal": 17,
     "readOut": 16,
     "queueLength": 0,
     "ckptRunning": 0
    },
    {
     "t": 148.22,
     "readTotal": 18,
     "readOut": 16,
     "queueLength": 0,
     "ckptRunning": 0
    },
    {
     "t": 148.74,
     "readTotal": 16,
     "readOut": 16,
     "queueLength": 0,
     "ckptRunning": 0
    },
    {
     "t": 149.25,
     "readTotal": 17,
     "readOut": 16,
     "queueLength": 0,
     "ckptRunning": 0
    },
    {
     "t": 149.76,
     "readTotal": 17,
     "readOut": 17,
     "queueLength": 0,
     "ckptRunning": 0
    },
    {
     "t": 150.28,
     "readTotal": 17,
     "readOut": 16,
     "queueLength": 0,
     "ckptRunning": 0
    },
    {
     "t": 150.79,
     "readTotal": 17,
     "readOut": 17,
     "queueLength": 0,
     "ckptRunning": 0
    },
    {
     "t": 151.3,
     "readTotal": 16,
     "readOut": 16,
     "queueLength": 0,
     "ckptRunning": 0
    },
    {
     "t": 151.81,
     "readTotal": 18,
     "readOut": 16,
     "queueLength": 0,
     "ckptRunning": 0
    },
    {
     "t": 152.32,
     "readTotal": 16,
     "readOut": 16,
     "queueLength": 0,
     "ckptRunning": 0
    },
    {
     "t": 152.84,
     "readTotal": 15,
     "readOut": 15,
     "queueLength": 1,
     "ckptRunning": 0
    },
    {
     "t": 153.36,
     "readTotal": 18,
     "readOut": 16,
     "queueLength": 0,
     "ckptRunning": 0
    },
    {
     "t": 153.87,
     "readTotal": 16,
     "readOut": 16,
     "queueLength": 0,
     "ckptRunning": 0
    },
    {
     "t": 154.38,
     "readTotal": 18,
     "readOut": 16,
     "queueLength": 0,
     "ckptRunning": 0
    },
    {
     "t": 154.89,
     "readTotal": 17,
     "readOut": 16,
     "queueLength": 0,
     "ckptRunning": 0
    },
    {
     "t": 155.41,
     "readTotal": 16,
     "readOut": 16,
     "queueLength": 0,
     "ckptRunning": 0
    },
    {
     "t": 155.92,
     "readTotal": 17,
     "readOut": 16,
     "queueLength": 0,
     "ckptRunning": 0
    },
    {
     "t": 156.43,
     "readTotal": 15,
     "readOut": 15,
     "queueLength": 1,
     "ckptRunning": 0
    },
    {
     "t": 156.94,
     "readTotal": 18,
     "readOut": 16,
     "queueLength": 0,
     "ckptRunning": 0
    },
    {
     "t": 157.46,
     "readTotal": 17,
     "readOut": 16,
     "queueLength": 0,
     "ckptRunning": 0
    },
    {
     "t": 157.96,
     "readTotal": 18,
     "readOut": 16,
     "queueLength": 0,
     "ckptRunning": 0
    },
    {
     "t": 158.47,
     "readTotal": 17,
     "readOut": 16,
     "queueLength": 0,
     "ckptRunning": 0
    },
    {
     "t": 158.98,
     "readTotal": 18,
     "readOut": 16,
     "queueLength": 0,
     "ckptRunning": 0
    },
    {
     "t": 159.49,
     "readTotal": 16,
     "readOut": 16,
     "queueLength": 0,
     "ckptRunning": 0
    },
    {
     "t": 160.01,
     "readTotal": 18,
     "readOut": 16,
     "queueLength": 0,
     "ckptRunning": 0
    },
    {
     "t": 160.52,
     "readTotal": 17,
     "readOut": 16,
     "queueLength": 0,
     "ckptRunning": 0
    },
    {
     "t": 161.03,
     "readTotal": 18,
     "readOut": 14,
     "queueLength": 0,
     "ckptRunning": 1
    },
    {
     "t": 161.54,
     "readTotal": 17,
     "readOut": 17,
     "queueLength": 0,
     "ckptRunning": 0
    },
    {
     "t": 162.06,
     "readTotal": 17,
     "readOut": 16,
     "queueLength": 0,
     "ckptRunning": 0
    },
    {
     "t": 162.57,
     "readTotal": 17,
     "readOut": 17,
     "queueLength": 0,
     "ckptRunning": 0
    },
    {
     "t": 163.08,
     "readTotal": 17,
     "readOut": 16,
     "queueLength": 0,
     "ckptRunning": 0
    },
    {
     "t": 163.6,
     "readTotal": 17,
     "readOut": 17,
     "queueLength": 0,
     "ckptRunning": 0
    },
    {
     "t": 164.12,
     "readTotal": 17,
     "readOut": 16,
     "queueLength": 0,
     "ckptRunning": 0
    },
    {
     "t": 164.63,
     "readTotal": 16,
     "readOut": 14,
     "queueLength": 0,
     "ckptRunning": 0
    },
    {
     "t": 165.14,
     "readTotal": 17,
     "readOut": 16,
     "queueLength": 0,
     "ckptRunning": 0
    },
    {
     "t": 165.65,
     "readTotal": 16,
     "readOut": 16,
     "queueLength": 0,
     "ckptRunning": 0
    },
    {
     "t": 166.17,
     "readTotal": 18,
     "readOut": 16,
     "queueLength": 0,
     "ckptRunning": 0
    },
    {
     "t": 166.68,
     "readTotal": 16,
     "readOut": 16,
     "queueLength": 0,
     "ckptRunning": 0
    },
    {
     "t": 167.19,
     "readTotal": 18,
     "readOut": 16,
     "queueLength": 0,
     "ckptRunning": 0
    },
    {
     "t": 167.71,
     "readTotal": 16,
     "readOut": 16,
     "queueLength": 0,
     "ckptRunning": 0
    },
    {
     "t": 168.22,
     "readTotal": 18,
     "readOut": 16,
     "queueLength": 0,
     "ckptRunning": 0
    },
    {
     "t": 168.73,
     "readTotal": 16,
     "readOut": 10,
     "queueLength": 0,
     "ckptRunning": 0
    },
    {
     "t": 169.25,
     "readTotal": 16,
     "readOut": 16,
     "queueLength": 0,
     "ckptRunning": 0
    },
    {
     "t": 169.76,
     "readTotal": 18,
     "readOut": 16,
     "queueLength": 0,
     "ckptRunning": 0
    },
    {
     "t": 170.27,
     "readTotal": 16,
     "readOut": 16,
     "queueLength": 0,
     "ckptRunning": 0
    },
    {
     "t": 170.78,
     "readTotal": 18,
     "readOut": 16,
     "queueLength": 0,
     "ckptRunning": 0
    },
    {
     "t": 171.3,
     "readTotal": 17,
     "readOut": 16,
     "queueLength": 0,
     "ckptRunning": 0
    },
    {
     "t": 171.81,
     "readTotal": 18,
     "readOut": 16,
     "queueLength": 0,
     "ckptRunning": 0
    },
    {
     "t": 172.32,
     "readTotal": 17,
     "readOut": 11,
     "queueLength": 0,
     "ckptRunning": 0
    },
    {
     "t": 172.84,
     "readTotal": 15,
     "readOut": 15,
     "queueLength": 1,
     "ckptRunning": 0
    },
    {
     "t": 173.35,
     "readTotal": 18,
     "readOut": 16,
     "queueLength": 0,
     "ckptRunning": 0
    },
    {
     "t": 173.86,
     "readTotal": 17,
     "readOut": 16,
     "queueLength": 0,
     "ckptRunning": 0
    },
    {
     "t": 174.37,
     "readTotal": 18,
     "readOut": 16,
     "queueLength": 0,
     "ckptRunning": 0
    },
    {
     "t": 174.89,
     "readTotal": 16,
     "readOut": 16,
     "queueLength": 0,
     "ckptRunning": 0
    },
    {
     "t": 175.4,
     "readTotal": 17,
     "readOut": 17,
     "queueLength": 0,
     "ckptRunning": 0
    },
    {
     "t": 175.91,
     "readTotal": 16,
     "readOut": 16,
     "queueLength": 0,
     "ckptRunning": 0
    },
    {
     "t": 176.43,
     "readTotal": 18,
     "readOut": 13,
     "queueLength": 0,
     "ckptRunning": 0
    },
    {
     "t": 176.94,
     "readTotal": 16,
     "readOut": 16,
     "queueLength": 0,
     "ckptRunning": 0
    },
    {
     "t": 177.45,
     "readTotal": 16,
     "readOut": 16,
     "queueLength": 0,
     "ckptRunning": 0
    },
    {
     "t": 177.97,
     "readTotal": 18,
     "readOut": 16,
     "queueLength": 0,
     "ckptRunning": 0
    },
    {
     "t": 178.47,
     "readTotal": 16,
     "readOut": 16,
     "queueLength": 0,
     "ckptRunning": 0
    },
    {
     "t": 178.98,
     "readTotal": 17,
     "readOut": 17,
     "queueLength": 0,
     "ckptRunning": 0
    },
    {
     "t": 179.49,
     "readTotal": 16,
     "readOut": 16,
     "queueLength": 0,
     "ckptRunning": 0
    },
    {
     "t": 180.01,
     "readTotal": 17,
     "readOut": 17,
     "queueLength": 0,
     "ckptRunning": 0
    },
    {
     "t": 180.52,
     "readTotal": 17,
     "readOut": 16,
     "queueLength": 0,
     "ckptRunning": 0
    },
    {
     "t": 181.04,
     "readTotal": 18,
     "readOut": 16,
     "queueLength": 0,
     "ckptRunning": 0
    },
    {
     "t": 181.54,
     "readTotal": 18,
     "readOut": 16,
     "queueLength": 0,
     "ckptRunning": 0
    },
    {
     "t": 182.06,
     "readTotal": 17,
     "readOut": 16,
     "queueLength": 0,
     "ckptRunning": 0
    },
    {
     "t": 182.57,
     "readTotal": 17,
     "readOut": 17,
     "queueLength": 0,
     "ckptRunning": 0
    },
    {
     "t": 183.08,
     "readTotal": 17,
     "readOut": 16,
     "queueLength": 0,
     "ckptRunning": 0
    },
    {
     "t": 183.59,
     "readTotal": 17,
     "readOut": 17,
     "queueLength": 0,
     "ckptRunning": 0
    },
    {
     "t": 184.1,
     "readTotal": 17,
     "readOut": 16,
     "queueLength": 0,
     "ckptRunning": 0
    },
    {
     "t": 184.61,
     "readTotal": 18,
     "readOut": 16,
     "queueLength": 0,
     "ckptRunning": 0
    },
    {
     "t": 185.13,
     "readTotal": 17,
     "readOut": 16,
     "queueLength": 0,
     "ckptRunning": 0
    },
    {
     "t": 185.64,
     "readTotal": 15,
     "readOut": 15,
     "queueLength": 1,
     "ckptRunning": 0
    },
    {
     "t": 186.17,
     "readTotal": 18,
     "readOut": 16,
     "queueLength": 0,
     "ckptRunning": 0
    },
    {
     "t": 186.68,
     "readTotal": 16,
     "readOut": 16,
     "queueLength": 0,
     "ckptRunning": 0
    },
    {
     "t": 187.19,
     "readTotal": 17,
     "readOut": 17,
     "queueLength": 0,
     "ckptRunning": 0
    },
    {
     "t": 187.71,
     "readTotal": 16,
     "readOut": 16,
     "queueLength": 0,
     "ckptRunning": 0
    },
    {
     "t": 188.22,
     "readTotal": 18,
     "readOut": 16,
     "queueLength": 0,
     "ckptRunning": 0
    },
    {
     "t": 188.74,
     "readTotal": 17,
     "readOut": 16,
     "queueLength": 0,
     "ckptRunning": 0
    },
    {
     "t": 189.25,
     "readTotal": 17,
     "readOut": 16,
     "queueLength": 0,
     "ckptRunning": 0
    },
    {
     "t": 189.76,
     "readTotal": 18,
     "readOut": 16,
     "queueLength": 0,
     "ckptRunning": 0
    },
    {
     "t": 190.28,
     "readTotal": 17,
     "readOut": 16,
     "queueLength": 0,
     "ckptRunning": 0
    },
    {
     "t": 190.79,
     "readTotal": 18,
     "readOut": 16,
     "queueLength": 0,
     "ckptRunning": 0
    },
    {
     "t": 191.3,
     "readTotal": 17,
     "readOut": 16,
     "queueLength": 0,
     "ckptRunning": 0
    },
    {
     "t": 191.81,
     "readTotal": 17,
     "readOut": 17,
     "queueLength": 0,
     "ckptRunning": 0
    },
    {
     "t": 192.32,
     "readTotal": 17,
     "readOut": 16,
     "queueLength": 0,
     "ckptRunning": 0
    },
    {
     "t": 192.84,
     "readTotal": 15,
     "readOut": 15,
     "queueLength": 0,
     "ckptRunning": 0
    },
    {
     "t": 193.36,
     "readTotal": 18,
     "readOut": 16,
     "queueLength": 0,
     "ckptRunning": 0
    },
    {
     "t": 193.87,
     "readTotal": 17,
     "readOut": 16,
     "queueLength": 0,
     "ckptRunning": 0
    },
    {
     "t": 194.38,
     "readTotal": 17,
     "readOut": 17,
     "queueLength": 0,
     "ckptRunning": 0
    },
    {
     "t": 194.89,
     "readTotal": 16,
     "readOut": 16,
     "queueLength": 0,
     "ckptRunning": 0
    },
    {
     "t": 195.4,
     "readTotal": 18,
     "readOut": 16,
     "queueLength": 0,
     "ckptRunning": 0
    },
    {
     "t": 195.91,
     "readTotal": 17,
     "readOut": 16,
     "queueLength": 0,
     "ckptRunning": 0
    },
    {
     "t": 196.42,
     "readTotal": 17,
     "readOut": 17,
     "queueLength": 0,
     "ckptRunning": 0
    },
    {
     "t": 196.94,
     "readTotal": 16,
     "readOut": 16,
     "queueLength": 0,
     "ckptRunning": 0
    },
    {
     "t": 197.45,
     "readTotal": 16,
     "readOut": 16,
     "queueLength": 0,
     "ckptRunning": 0
    },
    {
     "t": 197.96,
     "readTotal": 18,
     "readOut": 16,
     "queueLength": 0,
     "ckptRunning": 0
    },
    {
     "t": 198.47,
     "readTotal": 17,
     "readOut": 16,
     "queueLength": 0,
     "ckptRunning": 0
    },
    {
     "t": 198.98,
     "readTotal": 17,
     "readOut": 17,
     "queueLength": 0,
     "ckptRunning": 0
    },
    {
     "t": 199.5,
     "readTotal": 16,
     "readOut": 16,
     "queueLength": 0,
     "ckptRunning": 0
    },
    {
     "t": 200.01,
     "readTotal": 18,
     "readOut": 16,
     "queueLength": 0,
     "ckptRunning": 0
    },
    {
     "t": 200.52,
     "readTotal": 16,
     "readOut": 16,
     "queueLength": 0,
     "ckptRunning": 0
    },
    {
     "t": 201.04,
     "readTotal": 15,
     "readOut": 15,
     "queueLength": 1,
     "ckptRunning": 0
    },
    {
     "t": 201.55,
     "readTotal": 18,
     "readOut": 16,
     "queueLength": 0,
     "ckptRunning": 0
    },
    {
     "t": 202.06,
     "readTotal": 16,
     "readOut": 16,
     "queueLength": 0,
     "ckptRunning": 0
    },
    {
     "t": 202.57,
     "readTotal": 18,
     "readOut": 16,
     "queueLength": 0,
     "ckptRunning": 0
    },
    {
     "t": 203.08,
     "readTotal": 17,
     "readOut": 16,
     "queueLength": 0,
     "ckptRunning": 0
    },
    {
     "t": 203.59,
     "readTotal": 18,
     "readOut": 16,
     "queueLength": 0,
     "ckptRunning": 0
    },
    {
     "t": 204.11,
     "readTotal": 16,
     "readOut": 16,
     "queueLength": 0,
     "ckptRunning": 0
    },
    {
     "t": 204.62,
     "readTotal": 18,
     "readOut": 13,
     "queueLength": 0,
     "ckptRunning": 0
    },
    {
     "t": 205.13,
     "readTotal": 16,
     "readOut": 16,
     "queueLength": 0,
     "ckptRunning": 0
    },
    {
     "t": 205.64,
     "readTotal": 18,
     "readOut": 16,
     "queueLength": 0,
     "ckptRunning": 0
    },
    {
     "t": 206.15,
     "readTotal": 18,
     "readOut": 16,
     "queueLength": 0,
     "ckptRunning": 0
    },
    {
     "t": 206.67,
     "readTotal": 16,
     "readOut": 16,
     "queueLength": 0,
     "ckptRunning": 0
    },
    {
     "t": 207.18,
     "readTotal": 18,
     "readOut": 16,
     "queueLength": 0,
     "ckptRunning": 0
    },
    {
     "t": 207.69,
     "readTotal": 16,
     "readOut": 16,
     "queueLength": 0,
     "ckptRunning": 0
    },
    {
     "t": 208.2,
     "readTotal": 18,
     "readOut": 16,
     "queueLength": 0,
     "ckptRunning": 0
    },
    {
     "t": 208.72,
     "readTotal": 16,
     "readOut": 16,
     "queueLength": 0,
     "ckptRunning": 0
    },
    {
     "t": 209.24,
     "readTotal": 15,
     "readOut": 15,
     "queueLength": 1,
     "ckptRunning": 0
    },
    {
     "t": 209.75,
     "readTotal": 18,
     "readOut": 16,
     "queueLength": 0,
     "ckptRunning": 0
    },
    {
     "t": 210.26,
     "readTotal": 17,
     "readOut": 16,
     "queueLength": 0,
     "ckptRunning": 0
    },
    {
     "t": 210.78,
     "readTotal": 17,
     "readOut": 17,
     "queueLength": 0,
     "ckptRunning": 0
    },
    {
     "t": 211.29,
     "readTotal": 16,
     "readOut": 16,
     "queueLength": 0,
     "ckptRunning": 0
    },
    {
     "t": 211.8,
     "readTotal": 18,
     "readOut": 16,
     "queueLength": 0,
     "ckptRunning": 0
    },
    {
     "t": 212.31,
     "readTotal": 17,
     "readOut": 16,
     "queueLength": 0,
     "ckptRunning": 0
    },
    {
     "t": 212.83,
     "readTotal": 17,
     "readOut": 17,
     "queueLength": 0,
     "ckptRunning": 0
    },
    {
     "t": 213.35,
     "readTotal": 18,
     "readOut": 16,
     "queueLength": 0,
     "ckptRunning": 0
    },
    {
     "t": 213.85,
     "readTotal": 17,
     "readOut": 16,
     "queueLength": 0,
     "ckptRunning": 0
    },
    {
     "t": 214.37,
     "readTotal": 18,
     "readOut": 16,
     "queueLength": 0,
     "ckptRunning": 0
    },
    {
     "t": 214.88,
     "readTotal": 17,
     "readOut": 16,
     "queueLength": 0,
     "ckptRunning": 0
    },
    {
     "t": 215.39,
     "readTotal": 17,
     "readOut": 17,
     "queueLength": 0,
     "ckptRunning": 0
    },
    {
     "t": 215.9,
     "readTotal": 16,
     "readOut": 16,
     "queueLength": 0,
     "ckptRunning": 0
    },
    {
     "t": 216.42,
     "readTotal": 18,
     "readOut": 16,
     "queueLength": 0,
     "ckptRunning": 0
    },
    {
     "t": 216.93,
     "readTotal": 17,
     "readOut": 16,
     "queueLength": 0,
     "ckptRunning": 0
    },
    {
     "t": 217.44,
     "readTotal": 15,
     "readOut": 15,
     "queueLength": 1,
     "ckptRunning": 0
    },
    {
     "t": 217.95,
     "readTotal": 18,
     "readOut": 16,
     "queueLength": 0,
     "ckptRunning": 0
    },
    {
     "t": 218.47,
     "readTotal": 17,
     "readOut": 16,
     "queueLength": 0,
     "ckptRunning": 0
    },
    {
     "t": 218.98,
     "readTotal": 19,
     "readOut": 16,
     "queueLength": 0,
     "ckptRunning": 0
    },
    {
     "t": 219.49,
     "readTotal": 17,
     "readOut": 16,
     "queueLength": 0,
     "ckptRunning": 0
    },
    {
     "t": 220.0,
     "readTotal": 17,
     "readOut": 17,
     "queueLength": 0,
     "ckptRunning": 0
    },
    {
     "t": 220.52,
     "readTotal": 17,
     "readOut": 16,
     "queueLength": 0,
     "ckptRunning": 0
    },
    {
     "t": 221.03,
     "readTotal": 15,
     "readOut": 11,
     "queueLength": 0,
     "ckptRunning": 0
    },
    {
     "t": 221.55,
     "readTotal": 16,
     "readOut": 16,
     "queueLength": 0,
     "ckptRunning": 1
    },
    {
     "t": 222.05,
     "readTotal": 16,
     "readOut": 16,
     "queueLength": 0,
     "ckptRunning": 0
    },
    {
     "t": 222.57,
     "readTotal": 17,
     "readOut": 17,
     "queueLength": 0,
     "ckptRunning": 0
    },
    {
     "t": 223.08,
     "readTotal": 16,
     "readOut": 16,
     "queueLength": 0,
     "ckptRunning": 0
    },
    {
     "t": 223.59,
     "readTotal": 18,
     "readOut": 16,
     "queueLength": 0,
     "ckptRunning": 0
    },
    {
     "t": 224.1,
     "readTotal": 16,
     "readOut": 16,
     "queueLength": 0,
     "ckptRunning": 0
    },
    {
     "t": 224.62,
     "readTotal": 18,
     "readOut": 16,
     "queueLength": 0,
     "ckptRunning": 0
    },
    {
     "t": 225.13,
     "readTotal": 17,
     "readOut": 16,
     "queueLength": 0,
     "ckptRunning": 0
    },
    {
     "t": 225.65,
     "readTotal": 18,
     "readOut": 16,
     "queueLength": 0,
     "ckptRunning": 0
    },
    {
     "t": 226.16,
     "readTotal": 18,
     "readOut": 16,
     "queueLength": 0,
     "ckptRunning": 0
    },
    {
     "t": 226.67,
     "readTotal": 17,
     "readOut": 16,
     "queueLength": 0,
     "ckptRunning": 0
    },
    {
     "t": 227.18,
     "readTotal": 17,
     "readOut": 17,
     "queueLength": 0,
     "ckptRunning": 0
    },
    {
     "t": 227.69,
     "readTotal": 16,
     "readOut": 16,
     "queueLength": 0,
     "ckptRunning": 0
    },
    {
     "t": 228.2,
     "readTotal": 18,
     "readOut": 16,
     "queueLength": 0,
     "ckptRunning": 0
    },
    {
     "t": 228.71,
     "readTotal": 17,
     "readOut": 16,
     "queueLength": 0,
     "ckptRunning": 0
    },
    {
     "t": 229.23,
     "readTotal": 18,
     "readOut": 14,
     "queueLength": 0,
     "ckptRunning": 0
    },
    {
     "t": 229.75,
     "readTotal": 17,
     "readOut": 16,
     "queueLength": 0,
     "ckptRunning": 0
    },
    {
     "t": 230.26,
     "readTotal": 17,
     "readOut": 16,
     "queueLength": 0,
     "ckptRunning": 0
    },
    {
     "t": 230.77,
     "readTotal": 19,
     "readOut": 16,
     "queueLength": 0,
     "ckptRunning": 0
    },
    {
     "t": 231.28,
     "readTotal": 17,
     "readOut": 16,
     "queueLength": 0,
     "ckptRunning": 0
    },
    {
     "t": 231.81,
     "readTotal": 19,
     "readOut": 16,
     "queueLength": 0,
     "ckptRunning": 0
    },
    {
     "t": 232.32,
     "readTotal": 17,
     "readOut": 16,
     "queueLength": 0,
     "ckptRunning": 0
    },
    {
     "t": 232.83,
     "readTotal": 19,
     "readOut": 16,
     "queueLength": 0,
     "ckptRunning": 0
    },
    {
     "t": 233.33,
     "readTotal": 17,
     "readOut": 10,
     "queueLength": 0,
     "ckptRunning": 0
    },
    {
     "t": 233.85,
     "readTotal": 16,
     "readOut": 16,
     "queueLength": 0,
     "ckptRunning": 0
    },
    {
     "t": 234.36,
     "readTotal": 18,
     "readOut": 16,
     "queueLength": 0,
     "ckptRunning": 0
    },
    {
     "t": 234.87,
     "readTotal": 17,
     "readOut": 16,
     "queueLength": 0,
     "ckptRunning": 0
    },
    {
     "t": 235.39,
     "readTotal": 18,
     "readOut": 16,
     "queueLength": 0,
     "ckptRunning": 0
    },
    {
     "t": 235.9,
     "readTotal": 16,
     "readOut": 16,
     "queueLength": 0,
     "ckptRunning": 0
    },
    {
     "t": 236.41,
     "readTotal": 18,
     "readOut": 16,
     "queueLength": 0,
     "ckptRunning": 0
    },
    {
     "t": 236.92,
     "readTotal": 17,
     "readOut": 16,
     "queueLength": 0,
     "ckptRunning": 0
    },
    {
     "t": 237.44,
     "readTotal": 15,
     "readOut": 15,
     "queueLength": 1,
     "ckptRunning": 0
    },
    {
     "t": 237.95,
     "readTotal": 18,
     "readOut": 16,
     "queueLength": 0,
     "ckptRunning": 0
    },
    {
     "t": 238.46,
     "readTotal": 16,
     "readOut": 16,
     "queueLength": 0,
     "ckptRunning": 0
    },
    {
     "t": 238.97,
     "readTotal": 17,
     "readOut": 17,
     "queueLength": 0,
     "ckptRunning": 0
    },
    {
     "t": 239.48,
     "readTotal": 16,
     "readOut": 16,
     "queueLength": 0,
     "ckptRunning": 0
    },
    {
     "t": 239.99,
     "readTotal": 18,
     "readOut": 16,
     "queueLength": 0,
     "ckptRunning": 0
    },
    {
     "t": 240.5,
     "readTotal": 16,
     "readOut": 16,
     "queueLength": 0,
     "ckptRunning": 0
    },
    {
     "t": 241.01,
     "readTotal": 18,
     "readOut": 16,
     "queueLength": 0,
     "ckptRunning": 0
    },
    {
     "t": 241.52,
     "readTotal": 16,
     "readOut": 8,
     "queueLength": 0,
     "ckptRunning": 0
    },
    {
     "t": 242.04,
     "readTotal": 15,
     "readOut": 15,
     "queueLength": 1,
     "ckptRunning": 0
    },
    {
     "t": 242.55,
     "readTotal": 16,
     "readOut": 16,
     "queueLength": 0,
     "ckptRunning": 0
    },
    {
     "t": 243.05,
     "readTotal": 16,
     "readOut": 16,
     "queueLength": 0,
     "ckptRunning": 0
    },
    {
     "t": 243.56,
     "readTotal": 18,
     "readOut": 16,
     "queueLength": 0,
     "ckptRunning": 0
    },
    {
     "t": 244.08,
     "readTotal": 17,
     "readOut": 16,
     "queueLength": 0,
     "ckptRunning": 0
    },
    {
     "t": 244.58,
     "readTotal": 18,
     "readOut": 16,
     "queueLength": 0,
     "ckptRunning": 0
    },
    {
     "t": 245.09,
     "readTotal": 17,
     "readOut": 16,
     "queueLength": 0,
     "ckptRunning": 0
    },
    {
     "t": 245.61,
     "readTotal": 17,
     "readOut": 17,
     "queueLength": 0,
     "ckptRunning": 0
    },
    {
     "t": 246.12,
     "readTotal": 17,
     "readOut": 16,
     "queueLength": 0,
     "ckptRunning": 0
    },
    {
     "t": 246.63,
     "readTotal": 15,
     "readOut": 15,
     "queueLength": 1,
     "ckptRunning": 0
    },
    {
     "t": 247.14,
     "readTotal": 16,
     "readOut": 16,
     "queueLength": 0,
     "ckptRunning": 0
    },
    {
     "t": 247.66,
     "readTotal": 17,
     "readOut": 16,
     "queueLength": 0,
     "ckptRunning": 0
    },
    {
     "t": 248.17,
     "readTotal": 17,
     "readOut": 17,
     "queueLength": 0,
     "ckptRunning": 0
    },
    {
     "t": 248.68,
     "readTotal": 17,
     "readOut": 16,
     "queueLength": 0,
     "ckptRunning": 0
    },
    {
     "t": 249.2,
     "readTotal": 19,
     "readOut": 16,
     "queueLength": 0,
     "ckptRunning": 0
    },
    {
     "t": 249.71,
     "readTotal": 17,
     "readOut": 16,
     "queueLength": 0,
     "ckptRunning": 0
    },
    {
     "t": 250.22,
     "readTotal": 17,
     "readOut": 17,
     "queueLength": 0,
     "ckptRunning": 0
    },
    {
     "t": 250.74,
     "readTotal": 17,
     "readOut": 16,
     "queueLength": 0,
     "ckptRunning": 0
    },
    {
     "t": 251.25,
     "readTotal": 16,
     "readOut": 16,
     "queueLength": 0,
     "ckptRunning": 0
    },
    {
     "t": 251.77,
     "readTotal": 17,
     "readOut": 17,
     "queueLength": 0,
     "ckptRunning": 0
    },
    {
     "t": 252.28,
     "readTotal": 17,
     "readOut": 16,
     "queueLength": 0,
     "ckptRunning": 0
    },
    {
     "t": 252.79,
     "readTotal": 18,
     "readOut": 16,
     "queueLength": 0,
     "ckptRunning": 0
    },
    {
     "t": 253.3,
     "readTotal": 17,
     "readOut": 16,
     "queueLength": 0,
     "ckptRunning": 0
    },
    {
     "t": 253.82,
     "readTotal": 17,
     "readOut": 17,
     "queueLength": 0,
     "ckptRunning": 0
    },
    {
     "t": 254.34,
     "readTotal": 16,
     "readOut": 16,
     "queueLength": 0,
     "ckptRunning": 0
    },
    {
     "t": 254.86,
     "readTotal": 17,
     "readOut": 16,
     "queueLength": 0,
     "ckptRunning": 0
    },
    {
     "t": 255.37,
     "readTotal": 18,
     "readOut": 16,
     "queueLength": 0,
     "ckptRunning": 0
    },
    {
     "t": 255.88,
     "readTotal": 17,
     "readOut": 16,
     "queueLength": 0,
     "ckptRunning": 0
    },
    {
     "t": 256.39,
     "readTotal": 18,
     "readOut": 16,
     "queueLength": 0,
     "ckptRunning": 0
    },
    {
     "t": 256.9,
     "readTotal": 16,
     "readOut": 16,
     "queueLength": 0,
     "ckptRunning": 0
    },
    {
     "t": 257.42,
     "readTotal": 18,
     "readOut": 16,
     "queueLength": 0,
     "ckptRunning": 0
    },
    {
     "t": 257.93,
     "readTotal": 16,
     "readOut": 16,
     "queueLength": 0,
     "ckptRunning": 0
    },
    {
     "t": 258.45,
     "readTotal": 15,
     "readOut": 15,
     "queueLength": 1,
     "ckptRunning": 0
    },
    {
     "t": 258.96,
     "readTotal": 18,
     "readOut": 16,
     "queueLength": 0,
     "ckptRunning": 0
    },
    {
     "t": 259.47,
     "readTotal": 17,
     "readOut": 16,
     "queueLength": 0,
     "ckptRunning": 0
    },
    {
     "t": 259.99,
     "readTotal": 18,
     "readOut": 16,
     "queueLength": 0,
     "ckptRunning": 0
    },
    {
     "t": 260.5,
     "readTotal": 16,
     "readOut": 16,
     "queueLength": 0,
     "ckptRunning": 0
    },
    {
     "t": 261.01,
     "readTotal": 18,
     "readOut": 16,
     "queueLength": 0,
     "ckptRunning": 0
    },
    {
     "t": 261.53,
     "readTotal": 16,
     "readOut": 16,
     "queueLength": 0,
     "ckptRunning": 0
    },
    {
     "t": 262.04,
     "readTotal": 18,
     "readOut": 16,
     "queueLength": 0,
     "ckptRunning": 0
    },
    {
     "t": 262.55,
     "readTotal": 18,
     "readOut": 16,
     "queueLength": 0,
     "ckptRunning": 0
    },
    {
     "t": 263.06,
     "readTotal": 16,
     "readOut": 16,
     "queueLength": 0,
     "ckptRunning": 0
    },
    {
     "t": 263.57,
     "readTotal": 17,
     "readOut": 17,
     "queueLength": 0,
     "ckptRunning": 0
    },
    {
     "t": 264.09,
     "readTotal": 16,
     "readOut": 16,
     "queueLength": 0,
     "ckptRunning": 0
    },
    {
     "t": 264.6,
     "readTotal": 18,
     "readOut": 16,
     "queueLength": 0,
     "ckptRunning": 0
    },
    {
     "t": 265.11,
     "readTotal": 17,
     "readOut": 16,
     "queueLength": 0,
     "ckptRunning": 0
    },
    {
     "t": 265.63,
     "readTotal": 18,
     "readOut": 14,
     "queueLength": 0,
     "ckptRunning": 0
    },
    {
     "t": 266.14,
     "readTotal": 16,
     "readOut": 16,
     "queueLength": 0,
     "ckptRunning": 0
    },
    {
     "t": 266.66,
     "readTotal": 16,
     "readOut": 16,
     "queueLength": 0,
     "ckptRunning": 0
    },
    {
     "t": 267.17,
     "readTotal": 18,
     "readOut": 16,
     "queueLength": 0,
     "ckptRunning": 0
    },
    {
     "t": 267.68,
     "readTotal": 17,
     "readOut": 16,
     "queueLength": 0,
     "ckptRunning": 0
    },
    {
     "t": 268.19,
     "readTotal": 17,
     "readOut": 17,
     "queueLength": 0,
     "ckptRunning": 0
    },
    {
     "t": 268.71,
     "readTotal": 17,
     "readOut": 16,
     "queueLength": 0,
     "ckptRunning": 0
    },
    {
     "t": 269.22,
     "readTotal": 17,
     "readOut": 17,
     "queueLength": 0,
     "ckptRunning": 0
    },
    {
     "t": 269.73,
     "readTotal": 17,
     "readOut": 16,
     "queueLength": 0,
     "ckptRunning": 0
    },
    {
     "t": 270.24,
     "readTotal": 18,
     "readOut": 16,
     "queueLength": 0,
     "ckptRunning": 0
    },
    {
     "t": 270.76,
     "readTotal": 18,
     "readOut": 16,
     "queueLength": 0,
     "ckptRunning": 0
    },
    {
     "t": 271.27,
     "readTotal": 17,
     "readOut": 16,
     "queueLength": 0,
     "ckptRunning": 0
    },
    {
     "t": 271.78,
     "readTotal": 17,
     "readOut": 17,
     "queueLength": 0,
     "ckptRunning": 0
    },
    {
     "t": 272.3,
     "readTotal": 17,
     "readOut": 16,
     "queueLength": 0,
     "ckptRunning": 0
    },
    {
     "t": 272.8,
     "readTotal": 17,
     "readOut": 17,
     "queueLength": 0,
     "ckptRunning": 0
    },
    {
     "t": 273.32,
     "readTotal": 17,
     "readOut": 16,
     "queueLength": 0,
     "ckptRunning": 0
    },
    {
     "t": 273.83,
     "readTotal": 15,
     "readOut": 15,
     "queueLength": 1,
     "ckptRunning": 0
    },
    {
     "t": 274.35,
     "readTotal": 17,
     "readOut": 16,
     "queueLength": 0,
     "ckptRunning": 0
    },
    {
     "t": 274.86,
     "readTotal": 17,
     "readOut": 16,
     "queueLength": 0,
     "ckptRunning": 0
    },
    {
     "t": 275.37,
     "readTotal": 18,
     "readOut": 16,
     "queueLength": 0,
     "ckptRunning": 0
    },
    {
     "t": 275.88,
     "readTotal": 16,
     "readOut": 16,
     "queueLength": 0,
     "ckptRunning": 0
    },
    {
     "t": 276.4,
     "readTotal": 18,
     "readOut": 16,
     "queueLength": 0,
     "ckptRunning": 0
    },
    {
     "t": 276.92,
     "readTotal": 17,
     "readOut": 16,
     "queueLength": 0,
     "ckptRunning": 0
    },
    {
     "t": 277.44,
     "readTotal": 18,
     "readOut": 16,
     "queueLength": 0,
     "ckptRunning": 0
    },
    {
     "t": 277.95,
     "readTotal": 16,
     "readOut": 16,
     "queueLength": 0,
     "ckptRunning": 0
    },
    {
     "t": 278.47,
     "readTotal": 17,
     "readOut": 16,
     "queueLength": 0,
     "ckptRunning": 0
    },
    {
     "t": 278.98,
     "readTotal": 17,
     "readOut": 17,
     "queueLength": 0,
     "ckptRunning": 0
    },
    {
     "t": 279.5,
     "readTotal": 17,
     "readOut": 16,
     "queueLength": 0,
     "ckptRunning": 0
    },
    {
     "t": 280.0,
     "readTotal": 18,
     "readOut": 16,
     "queueLength": 0,
     "ckptRunning": 0
    },
    {
     "t": 280.52,
     "readTotal": 16,
     "readOut": 16,
     "queueLength": 0,
     "ckptRunning": 0
    },
    {
     "t": 281.03,
     "readTotal": 18,
     "readOut": 16,
     "queueLength": 0,
     "ckptRunning": 0
    },
    {
     "t": 281.54,
     "readTotal": 17,
     "readOut": 16,
     "queueLength": 0,
     "ckptRunning": 0
    },
    {
     "t": 282.05,
     "readTotal": 16,
     "readOut": 16,
     "queueLength": 0,
     "ckptRunning": 0
    },
    {
     "t": 282.56,
     "readTotal": 17,
     "readOut": 17,
     "queueLength": 0,
     "ckptRunning": 0
    },
    {
     "t": 283.07,
     "readTotal": 17,
     "readOut": 16,
     "queueLength": 0,
     "ckptRunning": 0
    },
    {
     "t": 283.59,
     "readTotal": 19,
     "readOut": 16,
     "queueLength": 0,
     "ckptRunning": 0
    },
    {
     "t": 284.1,
     "readTotal": 17,
     "readOut": 16,
     "queueLength": 0,
     "ckptRunning": 0
    },
    {
     "t": 284.61,
     "readTotal": 18,
     "readOut": 16,
     "queueLength": 0,
     "ckptRunning": 0
    },
    {
     "t": 285.13,
     "readTotal": 16,
     "readOut": 16,
     "queueLength": 0,
     "ckptRunning": 0
    },
    {
     "t": 285.64,
     "readTotal": 18,
     "readOut": 16,
     "queueLength": 0,
     "ckptRunning": 0
    },
    {
     "t": 286.15,
     "readTotal": 18,
     "readOut": 16,
     "queueLength": 0,
     "ckptRunning": 0
    },
    {
     "t": 286.66,
     "readTotal": 17,
     "readOut": 16,
     "queueLength": 0,
     "ckptRunning": 0
    },
    {
     "t": 287.18,
     "readTotal": 18,
     "readOut": 16,
     "queueLength": 0,
     "ckptRunning": 0
    },
    {
     "t": 287.69,
     "readTotal": 16,
     "readOut": 16,
     "queueLength": 0,
     "ckptRunning": 0
    },
    {
     "t": 288.2,
     "readTotal": 17,
     "readOut": 17,
     "queueLength": 0,
     "ckptRunning": 0
    },
    {
     "t": 288.71,
     "readTotal": 16,
     "readOut": 16,
     "queueLength": 0,
     "ckptRunning": 0
    },
    {
     "t": 289.22,
     "readTotal": 18,
     "readOut": 16,
     "queueLength": 0,
     "ckptRunning": 0
    },
    {
     "t": 289.74,
     "readTotal": 16,
     "readOut": 14,
     "queueLength": 0,
     "ckptRunning": 0
    },
    {
     "t": 290.25,
     "readTotal": 18,
     "readOut": 16,
     "queueLength": 0,
     "ckptRunning": 0
    },
    {
     "t": 290.76,
     "readTotal": 18,
     "readOut": 16,
     "queueLength": 0,
     "ckptRunning": 0
    },
    {
     "t": 291.27,
     "readTotal": 17,
     "readOut": 16,
     "queueLength": 0,
     "ckptRunning": 0
    },
    {
     "t": 291.79,
     "readTotal": 17,
     "readOut": 17,
     "queueLength": 0,
     "ckptRunning": 0
    },
    {
     "t": 292.29,
     "readTotal": 17,
     "readOut": 16,
     "queueLength": 0,
     "ckptRunning": 0
    },
    {
     "t": 292.81,
     "readTotal": 19,
     "readOut": 16,
     "queueLength": 0,
     "ckptRunning": 0
    },
    {
     "t": 293.32,
     "readTotal": 17,
     "readOut": 12,
     "queueLength": 0,
     "ckptRunning": 0
    },
    {
     "t": 293.84,
     "readTotal": 15,
     "readOut": 15,
     "queueLength": 1,
     "ckptRunning": 0
    },
    {
     "t": 294.35,
     "readTotal": 18,
     "readOut": 16,
     "queueLength": 0,
     "ckptRunning": 0
    },
    {
     "t": 294.86,
     "readTotal": 17,
     "readOut": 16,
     "queueLength": 0,
     "ckptRunning": 0
    },
    {
     "t": 295.38,
     "readTotal": 18,
     "readOut": 16,
     "queueLength": 0,
     "ckptRunning": 0
    },
    {
     "t": 295.89,
     "readTotal": 16,
     "readOut": 16,
     "queueLength": 0,
     "ckptRunning": 0
    },
    {
     "t": 296.4,
     "readTotal": 18,
     "readOut": 16,
     "queueLength": 0,
     "ckptRunning": 0
    },
    {
     "t": 296.91,
     "readTotal": 17,
     "readOut": 16,
     "queueLength": 0,
     "ckptRunning": 0
    },
    {
     "t": 297.42,
     "readTotal": 17,
     "readOut": 17,
     "queueLength": 0,
     "ckptRunning": 0
    },
    {
     "t": 297.94,
     "readTotal": 16,
     "readOut": 16,
     "queueLength": 0,
     "ckptRunning": 0
    },
    {
     "t": 298.45,
     "readTotal": 18,
     "readOut": 16,
     "queueLength": 0,
     "ckptRunning": 0
    },
    {
     "t": 298.96,
     "readTotal": 17,
     "readOut": 17,
     "queueLength": 0,
     "ckptRunning": 0
    },
    {
     "t": 299.47,
     "readTotal": 17,
     "readOut": 16,
     "queueLength": 0,
     "ckptRunning": 0
    },
    {
     "t": 300.0,
     "readTotal": 18,
     "readOut": 16,
     "queueLength": 0,
     "ckptRunning": 0
    }
   ],
   "convergence": {
    "verdict": "CONVERGED_DEMAND_CAPPED",
    "lateMean": 17.07,
    "priorMean": 16.94,
    "relDelta": 0.0074,
    "windowSeconds": 90.0,
    "tolerance": 0.05,
    "demandCapped": true
   },
   "samplerErrors": 0,
   "samplerFirstError": null,
   "checkpointsObserved": 5,
   "ckptSecondsObserved": 6,
   "ckptOpsDuring": 521,
   "ckptOpsOutside": 25596,
   "ckptP50During": 199.73,
   "ckptP50Outside": 199.16,
   "ckptP99During": 407.7,
   "ckptP99Outside": 404.98
  }
 ],
 "cooldown": null,
 "at": "2026-08-21T15:01:00+0000"
}
