===JSON===
{
 "mode": "levels",
 "version": "7.0.39",
 "cache": {
  "inCache": 209833680,
  "maxCache": 268435456,
  "readIntoCache": 36455,
  "evictedByApp": 0,
  "bytesWrittenFromCache": 1174983788
 },
 "secondsPerLevel": 300.0,
 "docs": 1500000,
 "storageSizeBytes": 1156288512,
 "dataSizeBytes": 1134000000,
 "cacheOversubscription": 4.22,
 "totalPagesReadIntoCache": 36443,
 "results": [
  {
   "concurrency": 64,
   "seconds": 300.8,
   "ops": 31009,
   "opsPerSecond": 103.1,
   "meanLatencyMs": 619.98,
   "p95LatencyMs": 1099.17,
   "queueWaitMs": 107.52,
   "holdTimeMs": 512.46,
   "ticketsStart": 4,
   "ticketsEnd": 63,
   "ticketsMax": 77,
   "outMax": 70,
   "queueLengthMax": 59,
   "queuedMicrosDelta": 3334131387,
   "pagesReadIntoCache": 36443,
   "evictedByAppThreads": 0,
   "bytesWrittenFromCacheDelta": 3350065,
   "predictedCeiling": 124.2,
   "predictedCeilingHold": 150.3,
   "sampleCount": 586,
   "series": [
    {
     "t": 0.0,
     "readTotal": 4,
     "readOut": 0,
     "queueLength": 0,
     "ckptRunning": 0
    },
    {
     "t": 0.51,
     "readTotal": 5,
     "readOut": 5,
     "queueLength": 59,
     "ckptRunning": 0
    },
    {
     "t": 1.05,
     "readTotal": 5,
     "readOut": 5,
     "queueLength": 59,
     "ckptRunning": 0
    },
    {
     "t": 1.56,
     "readTotal": 5,
     "readOut": 5,
     "queueLength": 59,
     "ckptRunning": 0
    },
    {
     "t": 2.07,
     "readTotal": 5,
     "readOut": 5,
     "queueLength": 59,
     "ckptRunning": 0
    },
    {
     "t": 2.59,
     "readTotal": 5,
     "readOut": 5,
     "queueLength": 59,
     "ckptRunning": 0
    },
    {
     "t": 3.1,
     "readTotal": 5,
     "readOut": 5,
     "queueLength": 59,
     "ckptRunning": 0
    },
    {
     "t": 3.62,
     "readTotal": 5,
     "readOut": 4,
     "queueLength": 59,
     "ckptRunning": 0
    },
    {
     "t": 4.13,
     "readTotal": 5,
     "readOut": 5,
     "queueLength": 59,
     "ckptRunning": 0
    },
    {
     "t": 4.65,
     "readTotal": 5,
     "readOut": 5,
     "queueLength": 59,
     "ckptRunning": 0
    },
    {
     "t": 5.16,
     "readTotal": 5,
     "readOut": 5,
     "queueLength": 59,
     "ckptRunning": 0
    },
    {
     "t": 5.67,
     "readTotal": 5,
     "readOut": 5,
     "queueLength": 59,
     "ckptRunning": 0
    },
    {
     "t": 6.18,
     "readTotal": 5,
     "readOut": 5,
     "queueLength": 59,
     "ckptRunning": 0
    },
    {
     "t": 6.69,
     "readTotal": 5,
     "readOut": 5,
     "queueLength": 59,
     "ckptRunning": 0
    },
    {
     "t": 7.2,
     "readTotal": 6,
     "readOut": 6,
     "queueLength": 58,
     "ckptRunning": 0
    },
    {
     "t": 7.71,
     "readTotal": 6,
     "readOut": 6,
     "queueLength": 58,
     "ckptRunning": 0
    },
    {
     "t": 8.23,
     "readTotal": 6,
     "readOut": 6,
     "queueLength": 58,
     "ckptRunning": 0
    },
    {
     "t": 8.74,
     "readTotal": 6,
     "readOut": 6,
     "queueLength": 58,
     "ckptRunning": 0
    },
    {
     "t": 9.25,
     "readTotal": 6,
     "readOut": 6,
     "queueLength": 58,
     "ckptRunning": 0
    },
    {
     "t": 9.76,
     "readTotal": 6,
     "readOut": 6,
     "queueLength": 58,
     "ckptRunning": 0
    },
    {
     "t": 10.27,
     "readTotal": 6,
     "readOut": 6,
     "queueLength": 58,
     "ckptRunning": 0
    },
    {
     "t": 10.78,
     "readTotal": 7,
     "readOut": 7,
     "queueLength": 57,
     "ckptRunning": 0
    },
    {
     "t": 11.3,
     "readTotal": 7,
     "readOut": 7,
     "queueLength": 57,
     "ckptRunning": 0
    },
    {
     "t": 11.81,
     "readTotal": 7,
     "readOut": 7,
     "queueLength": 57,
     "ckptRunning": 0
    },
    {
     "t": 12.33,
     "readTotal": 7,
     "readOut": 7,
     "queueLength": 55,
     "ckptRunning": 0
    },
    {
     "t": 12.84,
     "readTotal": 7,
     "readOut": 7,
     "queueLength": 57,
     "ckptRunning": 0
    },
    {
     "t": 13.36,
     "readTotal": 8,
     "readOut": 8,
     "queueLength": 56,
     "ckptRunning": 0
    },
    {
     "t": 13.87,
     "readTotal": 8,
     "readOut": 8,
     "queueLength": 56,
     "ckptRunning": 0
    },
    {
     "t": 14.38,
     "readTotal": 8,
     "readOut": 8,
     "queueLength": 56,
     "ckptRunning": 0
    },
    {
     "t": 14.9,
     "readTotal": 8,
     "readOut": 8,
     "queueLength": 56,
     "ckptRunning": 0
    },
    {
     "t": 15.41,
     "readTotal": 8,
     "readOut": 8,
     "queueLength": 56,
     "ckptRunning": 0
    },
    {
     "t": 15.92,
     "readTotal": 8,
     "readOut": 7,
     "queueLength": 55,
     "ckptRunning": 0
    },
    {
     "t": 16.44,
     "readTotal": 8,
     "readOut": 8,
     "queueLength": 56,
     "ckptRunning": 0
    },
    {
     "t": 16.94,
     "readTotal": 9,
     "readOut": 9,
     "queueLength": 55,
     "ckptRunning": 0
    },
    {
     "t": 17.46,
     "readTotal": 9,
     "readOut": 9,
     "queueLength": 55,
     "ckptRunning": 0
    },
    {
     "t": 17.97,
     "readTotal": 9,
     "readOut": 9,
     "queueLength": 55,
     "ckptRunning": 0
    },
    {
     "t": 18.48,
     "readTotal": 9,
     "readOut": 9,
     "queueLength": 55,
     "ckptRunning": 0
    },
    {
     "t": 19.0,
     "readTotal": 9,
     "readOut": 9,
     "queueLength": 55,
     "ckptRunning": 0
    },
    {
     "t": 19.51,
     "readTotal": 10,
     "readOut": 10,
     "queueLength": 54,
     "ckptRunning": 0
    },
    {
     "t": 20.02,
     "readTotal": 10,
     "readOut": 10,
     "queueLength": 46,
     "ckptRunning": 0
    },
    {
     "t": 20.54,
     "readTotal": 10,
     "readOut": 10,
     "queueLength": 54,
     "ckptRunning": 0
    },
    {
     "t": 21.05,
     "readTotal": 10,
     "readOut": 10,
     "queueLength": 54,
     "ckptRunning": 0
    },
    {
     "t": 21.56,
     "readTotal": 10,
     "readOut": 10,
     "queueLength": 54,
     "ckptRunning": 0
    },
    {
     "t": 22.08,
     "readTotal": 10,
     "readOut": 10,
     "queueLength": 54,
     "ckptRunning": 0
    },
    {
     "t": 22.59,
     "readTotal": 10,
     "readOut": 10,
     "queueLength": 54,
     "ckptRunning": 0
    },
    {
     "t": 23.1,
     "readTotal": 10,
     "readOut": 10,
     "queueLength": 54,
     "ckptRunning": 0
    },
    {
     "t": 23.61,
     "readTotal": 11,
     "readOut": 11,
     "queueLength": 53,
     "ckptRunning": 0
    },
    {
     "t": 24.14,
     "readTotal": 11,
     "readOut": 11,
     "queueLength": 53,
     "ckptRunning": 0
    },
    {
     "t": 24.65,
     "readTotal": 11,
     "readOut": 11,
     "queueLength": 53,
     "ckptRunning": 0
    },
    {
     "t": 25.17,
     "readTotal": 11,
     "readOut": 11,
     "queueLength": 53,
     "ckptRunning": 0
    },
    {
     "t": 25.68,
     "readTotal": 11,
     "readOut": 11,
     "queueLength": 53,
     "ckptRunning": 0
    },
    {
     "t": 26.2,
     "readTotal": 11,
     "readOut": 11,
     "queueLength": 53,
     "ckptRunning": 0
    },
    {
     "t": 26.71,
     "readTotal": 12,
     "readOut": 12,
     "queueLength": 52,
     "ckptRunning": 0
    },
    {
     "t": 27.22,
     "readTotal": 12,
     "readOut": 12,
     "queueLength": 52,
     "ckptRunning": 0
    },
    {
     "t": 27.74,
     "readTotal": 12,
     "readOut": 12,
     "queueLength": 52,
     "ckptRunning": 0
    },
    {
     "t": 28.25,
     "readTotal": 12,
     "readOut": 12,
     "queueLength": 52,
     "ckptRunning": 0
    },
    {
     "t": 28.76,
     "readTotal": 13,
     "readOut": 13,
     "queueLength": 52,
     "ckptRunning": 0
    },
    {
     "t": 29.28,
     "readTotal": 13,
     "readOut": 13,
     "queueLength": 51,
     "ckptRunning": 0
    },
    {
     "t": 29.79,
     "readTotal": 13,
     "readOut": 13,
     "queueLength": 51,
     "ckptRunning": 0
    },
    {
     "t": 30.3,
     "readTotal": 13,
     "readOut": 13,
     "queueLength": 51,
     "ckptRunning": 0
    },
    {
     "t": 30.81,
     "readTotal": 13,
     "readOut": 13,
     "queueLength": 51,
     "ckptRunning": 0
    },
    {
     "t": 31.32,
     "readTotal": 13,
     "readOut": 13,
     "queueLength": 51,
     "ckptRunning": 0
    },
    {
     "t": 31.85,
     "readTotal": 14,
     "readOut": 14,
     "queueLength": 50,
     "ckptRunning": 0
    },
    {
     "t": 32.36,
     "readTotal": 14,
     "readOut": 14,
     "queueLength": 50,
     "ckptRunning": 0
    },
    {
     "t": 32.87,
     "readTotal": 14,
     "readOut": 14,
     "queueLength": 50,
     "ckptRunning": 0
    },
    {
     "t": 33.38,
     "readTotal": 14,
     "readOut": 14,
     "queueLength": 50,
     "ckptRunning": 0
    },
    {
     "t": 33.89,
     "readTotal": 14,
     "readOut": 14,
     "queueLength": 50,
     "ckptRunning": 0
    },
    {
     "t": 34.41,
     "readTotal": 15,
     "readOut": 15,
     "queueLength": 49,
     "ckptRunning": 0
    },
    {
     "t": 34.92,
     "readTotal": 15,
     "readOut": 15,
     "queueLength": 47,
     "ckptRunning": 0
    },
    {
     "t": 35.44,
     "readTotal": 15,
     "readOut": 15,
     "queueLength": 49,
     "ckptRunning": 0
    },
    {
     "t": 35.95,
     "readTotal": 16,
     "readOut": 16,
     "queueLength": 48,
     "ckptRunning": 0
    },
    {
     "t": 36.46,
     "readTotal": 16,
     "readOut": 16,
     "queueLength": 48,
     "ckptRunning": 0
    },
    {
     "t": 36.97,
     "readTotal": 16,
     "readOut": 16,
     "queueLength": 48,
     "ckptRunning": 0
    },
    {
     "t": 37.48,
     "readTotal": 16,
     "readOut": 16,
     "queueLength": 48,
     "ckptRunning": 0
    },
    {
     "t": 38.0,
     "readTotal": 16,
     "readOut": 16,
     "queueLength": 48,
     "ckptRunning": 0
    },
    {
     "t": 38.52,
     "readTotal": 17,
     "readOut": 17,
     "queueLength": 48,
     "ckptRunning": 0
    },
    {
     "t": 39.04,
     "readTotal": 17,
     "readOut": 17,
     "queueLength": 44,
     "ckptRunning": 0
    },
    {
     "t": 39.55,
     "readTotal": 18,
     "readOut": 18,
     "queueLength": 47,
     "ckptRunning": 1
    },
    {
     "t": 40.07,
     "readTotal": 18,
     "readOut": 18,
     "queueLength": 46,
     "ckptRunning": 1
    },
    {
     "t": 40.58,
     "readTotal": 19,
     "readOut": 19,
     "queueLength": 45,
     "ckptRunning": 1
    },
    {
     "t": 41.09,
     "readTotal": 19,
     "readOut": 19,
     "queueLength": 45,
     "ckptRunning": 1
    },
    {
     "t": 41.61,
     "readTotal": 19,
     "readOut": 19,
     "queueLength": 45,
     "ckptRunning": 1
    },
    {
     "t": 42.12,
     "readTotal": 20,
     "readOut": 20,
     "queueLength": 35,
     "ckptRunning": 1
    },
    {
     "t": 42.63,
     "readTotal": 20,
     "readOut": 20,
     "queueLength": 44,
     "ckptRunning": 1
    },
    {
     "t": 43.14,
     "readTotal": 20,
     "readOut": 20,
     "queueLength": 44,
     "ckptRunning": 1
    },
    {
     "t": 43.65,
     "readTotal": 21,
     "readOut": 21,
     "queueLength": 43,
     "ckptRunning": 0
    },
    {
     "t": 44.16,
     "readTotal": 21,
     "readOut": 21,
     "queueLength": 43,
     "ckptRunning": 0
    },
    {
     "t": 44.67,
     "readTotal": 21,
     "readOut": 21,
     "queueLength": 43,
     "ckptRunning": 0
    },
    {
     "t": 45.18,
     "readTotal": 21,
     "readOut": 21,
     "queueLength": 43,
     "ckptRunning": 0
    },
    {
     "t": 45.69,
     "readTotal": 22,
     "readOut": 22,
     "queueLength": 42,
     "ckptRunning": 0
    },
    {
     "t": 46.2,
     "readTotal": 22,
     "readOut": 22,
     "queueLength": 42,
     "ckptRunning": 0
    },
    {
     "t": 46.74,
     "readTotal": 23,
     "readOut": 23,
     "queueLength": 42,
     "ckptRunning": 0
    },
    {
     "t": 47.25,
     "readTotal": 23,
     "readOut": 23,
     "queueLength": 41,
     "ckptRunning": 0
    },
    {
     "t": 47.77,
     "readTotal": 24,
     "readOut": 24,
     "queueLength": 41,
     "ckptRunning": 0
    },
    {
     "t": 48.28,
     "readTotal": 24,
     "readOut": 24,
     "queueLength": 40,
     "ckptRunning": 0
    },
    {
     "t": 48.79,
     "readTotal": 25,
     "readOut": 25,
     "queueLength": 39,
     "ckptRunning": 0
    },
    {
     "t": 49.3,
     "readTotal": 25,
     "readOut": 25,
     "queueLength": 39,
     "ckptRunning": 0
    },
    {
     "t": 49.81,
     "readTotal": 26,
     "readOut": 26,
     "queueLength": 38,
     "ckptRunning": 0
    },
    {
     "t": 50.34,
     "readTotal": 26,
     "readOut": 26,
     "queueLength": 38,
     "ckptRunning": 0
    },
    {
     "t": 50.85,
     "readTotal": 27,
     "readOut": 27,
     "queueLength": 37,
     "ckptRunning": 0
    },
    {
     "t": 51.36,
     "readTotal": 27,
     "readOut": 27,
     "queueLength": 38,
     "ckptRunning": 0
    },
    {
     "t": 51.87,
     "readTotal": 27,
     "readOut": 27,
     "queueLength": 37,
     "ckptRunning": 0
    },
    {
     "t": 52.38,
     "readTotal": 28,
     "readOut": 28,
     "queueLength": 36,
     "ckptRunning": 0
    },
    {
     "t": 52.89,
     "readTotal": 28,
     "readOut": 28,
     "queueLength": 38,
     "ckptRunning": 0
    },
    {
     "t": 53.4,
     "readTotal": 28,
     "readOut": 28,
     "queueLength": 36,
     "ckptRunning": 0
    },
    {
     "t": 53.91,
     "readTotal": 28,
     "readOut": 28,
     "queueLength": 32,
     "ckptRunning": 0
    },
    {
     "t": 54.43,
     "readTotal": 29,
     "readOut": 29,
     "queueLength": 33,
     "ckptRunning": 0
    },
    {
     "t": 54.95,
     "readTotal": 29,
     "readOut": 29,
     "queueLength": 35,
     "ckptRunning": 0
    },
    {
     "t": 55.46,
     "readTotal": 29,
     "readOut": 29,
     "queueLength": 36,
     "ckptRunning": 0
    },
    {
     "t": 55.97,
     "readTotal": 30,
     "readOut": 30,
     "queueLength": 34,
     "ckptRunning": 0
    },
    {
     "t": 56.48,
     "readTotal": 31,
     "readOut": 31,
     "queueLength": 33,
     "ckptRunning": 0
    },
    {
     "t": 57.0,
     "readTotal": 31,
     "readOut": 31,
     "queueLength": 33,
     "ckptRunning": 0
    },
    {
     "t": 57.51,
     "readTotal": 31,
     "readOut": 31,
     "queueLength": 34,
     "ckptRunning": 0
    },
    {
     "t": 58.02,
     "readTotal": 32,
     "readOut": 32,
     "queueLength": 33,
     "ckptRunning": 0
    },
    {
     "t": 58.54,
     "readTotal": 33,
     "readOut": 33,
     "queueLength": 30,
     "ckptRunning": 0
    },
    {
     "t": 59.05,
     "readTotal": 33,
     "readOut": 33,
     "queueLength": 33,
     "ckptRunning": 0
    },
    {
     "t": 59.56,
     "readTotal": 33,
     "readOut": 33,
     "queueLength": 33,
     "ckptRunning": 0
    },
    {
     "t": 60.08,
     "readTotal": 33,
     "readOut": 33,
     "queueLength": 31,
     "ckptRunning": 0
    },
    {
     "t": 60.59,
     "readTotal": 33,
     "readOut": 33,
     "queueLength": 32,
     "ckptRunning": 0
    },
    {
     "t": 61.11,
     "readTotal": 33,
     "readOut": 33,
     "queueLength": 31,
     "ckptRunning": 0
    },
    {
     "t": 61.62,
     "readTotal": 33,
     "readOut": 33,
     "queueLength": 31,
     "ckptRunning": 0
    },
    {
     "t": 62.14,
     "readTotal": 34,
     "readOut": 34,
     "queueLength": 30,
     "ckptRunning": 0
    },
    {
     "t": 62.64,
     "readTotal": 35,
     "readOut": 35,
     "queueLength": 29,
     "ckptRunning": 0
    },
    {
     "t": 63.15,
     "readTotal": 35,
     "readOut": 35,
     "queueLength": 30,
     "ckptRunning": 0
    },
    {
     "t": 63.66,
     "readTotal": 36,
     "readOut": 36,
     "queueLength": 28,
     "ckptRunning": 0
    },
    {
     "t": 64.18,
     "readTotal": 37,
     "readOut": 37,
     "queueLength": 28,
     "ckptRunning": 0
    },
    {
     "t": 64.69,
     "readTotal": 37,
     "readOut": 37,
     "queueLength": 27,
     "ckptRunning": 0
    },
    {
     "t": 65.2,
     "readTotal": 38,
     "readOut": 38,
     "queueLength": 26,
     "ckptRunning": 0
    },
    {
     "t": 65.71,
     "readTotal": 38,
     "readOut": 38,
     "queueLength": 26,
     "ckptRunning": 0
    },
    {
     "t": 66.23,
     "readTotal": 38,
     "readOut": 38,
     "queueLength": 27,
     "ckptRunning": 0
    },
    {
     "t": 66.75,
     "readTotal": 39,
     "readOut": 39,
     "queueLength": 25,
     "ckptRunning": 0
    },
    {
     "t": 67.26,
     "readTotal": 40,
     "readOut": 40,
     "queueLength": 24,
     "ckptRunning": 0
    },
    {
     "t": 67.77,
     "readTotal": 41,
     "readOut": 41,
     "queueLength": 24,
     "ckptRunning": 0
    },
    {
     "t": 68.28,
     "readTotal": 42,
     "readOut": 42,
     "queueLength": 22,
     "ckptRunning": 0
    },
    {
     "t": 68.79,
     "readTotal": 42,
     "readOut": 42,
     "queueLength": 22,
     "ckptRunning": 0
    },
    {
     "t": 69.33,
     "readTotal": 42,
     "readOut": 42,
     "queueLength": 22,
     "ckptRunning": 0
    },
    {
     "t": 69.84,
     "readTotal": 44,
     "readOut": 44,
     "queueLength": 20,
     "ckptRunning": 0
    },
    {
     "t": 70.35,
     "readTotal": 44,
     "readOut": 44,
     "queueLength": 20,
     "ckptRunning": 0
    },
    {
     "t": 70.86,
     "readTotal": 44,
     "readOut": 44,
     "queueLength": 20,
     "ckptRunning": 0
    },
    {
     "t": 71.37,
     "readTotal": 45,
     "readOut": 45,
     "queueLength": 19,
     "ckptRunning": 0
    },
    {
     "t": 71.88,
     "readTotal": 46,
     "readOut": 46,
     "queueLength": 18,
     "ckptRunning": 0
    },
    {
     "t": 72.4,
     "readTotal": 48,
     "readOut": 48,
     "queueLength": 16,
     "ckptRunning": 0
    },
    {
     "t": 72.91,
     "readTotal": 48,
     "readOut": 48,
     "queueLength": 16,
     "ckptRunning": 0
    },
    {
     "t": 73.42,
     "readTotal": 50,
     "readOut": 50,
     "queueLength": 2,
     "ckptRunning": 0
    },
    {
     "t": 73.94,
     "readTotal": 51,
     "readOut": 51,
     "queueLength": 13,
     "ckptRunning": 0
    },
    {
     "t": 74.45,
     "readTotal": 52,
     "readOut": 52,
     "queueLength": 12,
     "ckptRunning": 0
    },
    {
     "t": 74.96,
     "readTotal": 53,
     "readOut": 53,
     "queueLength": 14,
     "ckptRunning": 0
    },
    {
     "t": 75.48,
     "readTotal": 54,
     "readOut": 54,
     "queueLength": 11,
     "ckptRunning": 0
    },
    {
     "t": 75.99,
     "readTotal": 57,
     "readOut": 57,
     "queueLength": 7,
     "ckptRunning": 0
    },
    {
     "t": 76.5,
     "readTotal": 58,
     "readOut": 58,
     "queueLength": 7,
     "ckptRunning": 0
    },
    {
     "t": 77.01,
     "readTotal": 59,
     "readOut": 59,
     "queueLength": 5,
     "ckptRunning": 0
    },
    {
     "t": 77.52,
     "readTotal": 61,
     "readOut": 60,
     "queueLength": 3,
     "ckptRunning": 0
    },
    {
     "t": 78.04,
     "readTotal": 63,
     "readOut": 63,
     "queueLength": 1,
     "ckptRunning": 0
    },
    {
     "t": 78.56,
     "readTotal": 59,
     "readOut": 59,
     "queueLength": 5,
     "ckptRunning": 0
    },
    {
     "t": 79.06,
     "readTotal": 66,
     "readOut": 64,
     "queueLength": 0,
     "ckptRunning": 0
    },
    {
     "t": 79.58,
     "readTotal": 62,
     "readOut": 62,
     "queueLength": 2,
     "ckptRunning": 0
    },
    {
     "t": 80.09,
     "readTotal": 68,
     "readOut": 64,
     "queueLength": 0,
     "ckptRunning": 0
    },
    {
     "t": 80.61,
     "readTotal": 63,
     "readOut": 63,
     "queueLength": 1,
     "ckptRunning": 0
    },
    {
     "t": 81.12,
     "readTotal": 71,
     "readOut": 57,
     "queueLength": 0,
     "ckptRunning": 0
    },
    {
     "t": 81.64,
     "readTotal": 59,
     "readOut": 59,
     "queueLength": 5,
     "ckptRunning": 0
    },
    {
     "t": 82.16,
     "readTotal": 64,
     "readOut": 64,
     "queueLength": 0,
     "ckptRunning": 0
    },
    {
     "t": 82.67,
     "readTotal": 59,
     "readOut": 59,
     "queueLength": 5,
     "ckptRunning": 0
    },
    {
     "t": 83.18,
     "readTotal": 64,
     "readOut": 64,
     "queueLength": 0,
     "ckptRunning": 0
    },
    {
     "t": 83.7,
     "readTotal": 59,
     "readOut": 59,
     "queueLength": 5,
     "ckptRunning": 0
    },
    {
     "t": 84.21,
     "readTotal": 66,
     "readOut": 64,
     "queueLength": 0,
     "ckptRunning": 0
    },
    {
     "t": 84.72,
     "readTotal": 71,
     "readOut": 64,
     "queueLength": 0,
     "ckptRunning": 0
    },
    {
     "t": 85.23,
     "readTotal": 64,
     "readOut": 64,
     "queueLength": 0,
     "ckptRunning": 0
    },
    {
     "t": 85.75,
     "readTotal": 66,
     "readOut": 64,
     "queueLength": 0,
     "ckptRunning": 0
    },
    {
     "t": 86.26,
     "readTotal": 71,
     "readOut": 64,
     "queueLength": 0,
     "ckptRunning": 0
    },
    {
     "t": 86.77,
     "readTotal": 66,
     "readOut": 64,
     "queueLength": 0,
     "ckptRunning": 0
    },
    {
     "t": 87.28,
     "readTotal": 66,
     "readOut": 66,
     "queueLength": 2,
     "ckptRunning": 0
    },
    {
     "t": 87.8,
     "readTotal": 66,
     "readOut": 64,
     "queueLength": 0,
     "ckptRunning": 0
    },
    {
     "t": 88.31,
     "readTotal": 66,
     "readOut": 66,
     "queueLength": 2,
     "ckptRunning": 0
    },
    {
     "t": 88.83,
     "readTotal": 66,
     "readOut": 56,
     "queueLength": 0,
     "ckptRunning": 0
    },
    {
     "t": 89.34,
     "readTotal": 64,
     "readOut": 64,
     "queueLength": 0,
     "ckptRunning": 0
    },
    {
     "t": 89.85,
     "readTotal": 66,
     "readOut": 66,
     "queueLength": 0,
     "ckptRunning": 0
    },
    {
     "t": 90.36,
     "readTotal": 67,
     "readOut": 64,
     "queueLength": 0,
     "ckptRunning": 0
    },
    {
     "t": 90.87,
     "readTotal": 68,
     "readOut": 68,
     "queueLength": 0,
     "ckptRunning": 0
    },
    {
     "t": 91.39,
     "readTotal": 66,
     "readOut": 64,
     "queueLength": 0,
     "ckptRunning": 0
    },
    {
     "t": 91.9,
     "readTotal": 71,
     "readOut": 64,
     "queueLength": 0,
     "ckptRunning": 0
    },
    {
     "t": 92.43,
     "readTotal": 64,
     "readOut": 64,
     "queueLength": 0,
     "ckptRunning": 0
    },
    {
     "t": 92.94,
     "readTotal": 64,
     "readOut": 64,
     "queueLength": 0,
     "ckptRunning": 0
    },
    {
     "t": 93.46,
     "readTotal": 71,
     "readOut": 64,
     "queueLength": 0,
     "ckptRunning": 0
    },
    {
     "t": 93.97,
     "readTotal": 66,
     "readOut": 64,
     "queueLength": 0,
     "ckptRunning": 0
    },
    {
     "t": 94.49,
     "readTotal": 71,
     "readOut": 64,
     "queueLength": 0,
     "ckptRunning": 0
    },
    {
     "t": 95.0,
     "readTotal": 64,
     "readOut": 64,
     "queueLength": 0,
     "ckptRunning": 0
    },
    {
     "t": 95.52,
     "readTotal": 66,
     "readOut": 66,
     "queueLength": 1,
     "ckptRunning": 0
    },
    {
     "t": 96.04,
     "readTotal": 71,
     "readOut": 64,
     "queueLength": 0,
     "ckptRunning": 0
    },
    {
     "t": 96.55,
     "readTotal": 66,
     "readOut": 64,
     "queueLength": 0,
     "ckptRunning": 0
    },
    {
     "t": 97.06,
     "readTotal": 66,
     "readOut": 66,
     "queueLength": 0,
     "ckptRunning": 0
    },
    {
     "t": 97.58,
     "readTotal": 64,
     "readOut": 64,
     "queueLength": 0,
     "ckptRunning": 0
    },
    {
     "t": 98.09,
     "readTotal": 71,
     "readOut": 64,
     "queueLength": 0,
     "ckptRunning": 0
    },
    {
     "t": 98.6,
     "readTotal": 66,
     "readOut": 64,
     "queueLength": 0,
     "ckptRunning": 0
    },
    {
     "t": 99.12,
     "readTotal": 71,
     "readOut": 60,
     "queueLength": 0,
     "ckptRunning": 0
    },
    {
     "t": 99.63,
     "readTotal": 64,
     "readOut": 62,
     "queueLength": 0,
     "ckptRunning": 0
    },
    {
     "t": 100.15,
     "readTotal": 64,
     "readOut": 64,
     "queueLength": 0,
     "ckptRunning": 0
    },
    {
     "t": 100.66,
     "readTotal": 66,
     "readOut": 66,
     "queueLength": 0,
     "ckptRunning": 0
    },
    {
     "t": 101.17,
     "readTotal": 64,
     "readOut": 64,
     "queueLength": 0,
     "ckptRunning": 0
    },
    {
     "t": 101.68,
     "readTotal": 71,
     "readOut": 64,
     "queueLength": 0,
     "ckptRunning": 0
    },
    {
     "t": 102.19,
     "readTotal": 64,
     "readOut": 64,
     "queueLength": 0,
     "ckptRunning": 0
    },
    {
     "t": 102.7,
     "readTotal": 71,
     "readOut": 64,
     "queueLength": 0,
     "ckptRunning": 0
    },
    {
     "t": 103.22,
     "readTotal": 66,
     "readOut": 60,
     "queueLength": 0,
     "ckptRunning": 0
    },
    {
     "t": 103.74,
     "readTotal": 64,
     "readOut": 64,
     "queueLength": 0,
     "ckptRunning": 1
    },
    {
     "t": 104.25,
     "readTotal": 72,
     "readOut": 64,
     "queueLength": 0,
     "ckptRunning": 1
    },
    {
     "t": 104.76,
     "readTotal": 64,
     "readOut": 64,
     "queueLength": 0,
     "ckptRunning": 1
    },
    {
     "t": 105.27,
     "readTotal": 71,
     "readOut": 64,
     "queueLength": 0,
     "ckptRunning": 1
    },
    {
     "t": 105.78,
     "readTotal": 66,
     "readOut": 64,
     "queueLength": 0,
     "ckptRunning": 1
    },
    {
     "t": 106.29,
     "readTotal": 66,
     "readOut": 66,
     "queueLength": 0,
     "ckptRunning": 1
    },
    {
     "t": 106.8,
     "readTotal": 64,
     "readOut": 64,
     "queueLength": 0,
     "ckptRunning": 1
    },
    {
     "t": 107.31,
     "readTotal": 71,
     "readOut": 56,
     "queueLength": 0,
     "ckptRunning": 1
    },
    {
     "t": 107.83,
     "readTotal": 71,
     "readOut": 64,
     "queueLength": 0,
     "ckptRunning": 1
    },
    {
     "t": 108.35,
     "readTotal": 64,
     "readOut": 64,
     "queueLength": 0,
     "ckptRunning": 1
    },
    {
     "t": 108.86,
     "readTotal": 71,
     "readOut": 64,
     "queueLength": 0,
     "ckptRunning": 1
    },
    {
     "t": 109.37,
     "readTotal": 66,
     "readOut": 64,
     "queueLength": 0,
     "ckptRunning": 1
    },
    {
     "t": 109.89,
     "readTotal": 71,
     "readOut": 64,
     "queueLength": 0,
     "ckptRunning": 1
    },
    {
     "t": 110.4,
     "readTotal": 64,
     "readOut": 64,
     "queueLength": 0,
     "ckptRunning": 1
    },
    {
     "t": 110.91,
     "readTotal": 66,
     "readOut": 66,
     "queueLength": 0,
     "ckptRunning": 1
    },
    {
     "t": 111.43,
     "readTotal": 64,
     "readOut": 64,
     "queueLength": 0,
     "ckptRunning": 1
    },
    {
     "t": 111.94,
     "readTotal": 64,
     "readOut": 64,
     "queueLength": 0,
     "ckptRunning": 1
    },
    {
     "t": 112.45,
     "readTotal": 71,
     "readOut": 64,
     "queueLength": 0,
     "ckptRunning": 1
    },
    {
     "t": 112.96,
     "readTotal": 64,
     "readOut": 64,
     "queueLength": 0,
     "ckptRunning": 1
    },
    {
     "t": 113.48,
     "readTotal": 71,
     "readOut": 64,
     "queueLength": 0,
     "ckptRunning": 1
    },
    {
     "t": 113.99,
     "readTotal": 64,
     "readOut": 64,
     "queueLength": 0,
     "ckptRunning": 1
    },
    {
     "t": 114.5,
     "readTotal": 66,
     "readOut": 66,
     "queueLength": 0,
     "ckptRunning": 1
    },
    {
     "t": 115.02,
     "readTotal": 66,
     "readOut": 64,
     "queueLength": 0,
     "ckptRunning": 1
    },
    {
     "t": 115.54,
     "readTotal": 64,
     "readOut": 64,
     "queueLength": 0,
     "ckptRunning": 1
    },
    {
     "t": 116.05,
     "readTotal": 71,
     "readOut": 64,
     "queueLength": 0,
     "ckptRunning": 1
    },
    {
     "t": 116.57,
     "readTotal": 64,
     "readOut": 64,
     "queueLength": 0,
     "ckptRunning": 1
    },
    {
     "t": 117.08,
     "readTotal": 71,
     "readOut": 64,
     "queueLength": 0,
     "ckptRunning": 1
    },
    {
     "t": 117.6,
     "readTotal": 64,
     "readOut": 64,
     "queueLength": 0,
     "ckptRunning": 1
    },
    {
     "t": 118.11,
     "readTotal": 71,
     "readOut": 64,
     "queueLength": 0,
     "ckptRunning": 1
    },
    {
     "t": 118.62,
     "readTotal": 66,
     "readOut": 64,
     "queueLength": 0,
     "ckptRunning": 1
    },
    {
     "t": 119.13,
     "readTotal": 71,
     "readOut": 58,
     "queueLength": 0,
     "ckptRunning": 1
    },
    {
     "t": 119.64,
     "readTotal": 66,
     "readOut": 66,
     "queueLength": 0,
     "ckptRunning": 1
    },
    {
     "t": 120.15,
     "readTotal": 66,
     "readOut": 64,
     "queueLength": 0,
     "ckptRunning": 1
    },
    {
     "t": 120.66,
     "readTotal": 71,
     "readOut": 64,
     "queueLength": 0,
     "ckptRunning": 1
    },
    {
     "t": 121.18,
     "readTotal": 64,
     "readOut": 64,
     "queueLength": 0,
     "ckptRunning": 1
    },
    {
     "t": 121.69,
     "readTotal": 71,
     "readOut": 64,
     "queueLength": 0,
     "ckptRunning": 1
    },
    {
     "t": 122.2,
     "readTotal": 64,
     "readOut": 64,
     "queueLength": 0,
     "ckptRunning": 1
    },
    {
     "t": 122.72,
     "readTotal": 71,
     "readOut": 64,
     "queueLength": 0,
     "ckptRunning": 1
    },
    {
     "t": 123.23,
     "readTotal": 66,
     "readOut": 64,
     "queueLength": 0,
     "ckptRunning": 1
    },
    {
     "t": 123.74,
     "readTotal": 64,
     "readOut": 64,
     "queueLength": 0,
     "ckptRunning": 1
    },
    {
     "t": 124.25,
     "readTotal": 66,
     "readOut": 66,
     "queueLength": 0,
     "ckptRunning": 1
    },
    {
     "t": 124.77,
     "readTotal": 64,
     "readOut": 64,
     "queueLength": 0,
     "ckptRunning": 1
    },
    {
     "t": 125.28,
     "readTotal": 71,
     "readOut": 64,
     "queueLength": 0,
     "ckptRunning": 1
    },
    {
     "t": 125.79,
     "readTotal": 64,
     "readOut": 64,
     "queueLength": 0,
     "ckptRunning": 1
    },
    {
     "t": 126.31,
     "readTotal": 71,
     "readOut": 64,
     "queueLength": 0,
     "ckptRunning": 1
    },
    {
     "t": 126.83,
     "readTotal": 64,
     "readOut": 57,
     "queueLength": 0,
     "ckptRunning": 1
    },
    {
     "t": 127.35,
     "readTotal": 64,
     "readOut": 64,
     "queueLength": 0,
     "ckptRunning": 1
    },
    {
     "t": 127.86,
     "readTotal": 71,
     "readOut": 64,
     "queueLength": 0,
     "ckptRunning": 1
    },
    {
     "t": 128.37,
     "readTotal": 64,
     "readOut": 64,
     "queueLength": 0,
     "ckptRunning": 1
    },
    {
     "t": 128.88,
     "readTotal": 71,
     "readOut": 64,
     "queueLength": 0,
     "ckptRunning": 1
    },
    {
     "t": 129.39,
     "readTotal": 66,
     "readOut": 64,
     "queueLength": 0,
     "ckptRunning": 1
    },
    {
     "t": 129.91,
     "readTotal": 66,
     "readOut": 66,
     "queueLength": 0,
     "ckptRunning": 1
    },
    {
     "t": 130.42,
     "readTotal": 64,
     "readOut": 64,
     "queueLength": 0,
     "ckptRunning": 1
    },
    {
     "t": 130.93,
     "readTotal": 64,
     "readOut": 64,
     "queueLength": 0,
     "ckptRunning": 1
    },
    {
     "t": 131.45,
     "readTotal": 71,
     "readOut": 64,
     "queueLength": 0,
     "ckptRunning": 1
    },
    {
     "t": 131.96,
     "readTotal": 66,
     "readOut": 64,
     "queueLength": 0,
     "ckptRunning": 1
    },
    {
     "t": 132.47,
     "readTotal": 66,
     "readOut": 66,
     "queueLength": 0,
     "ckptRunning": 1
    },
    {
     "t": 132.99,
     "readTotal": 66,
     "readOut": 64,
     "queueLength": 0,
     "ckptRunning": 1
    },
    {
     "t": 133.5,
     "readTotal": 71,
     "readOut": 64,
     "queueLength": 0,
     "ckptRunning": 1
    },
    {
     "t": 134.02,
     "readTotal": 66,
     "readOut": 64,
     "queueLength": 0,
     "ckptRunning": 0
    },
    {
     "t": 134.53,
     "readTotal": 71,
     "readOut": 64,
     "queueLength": 0,
     "ckptRunning": 0
    },
    {
     "t": 135.04,
     "readTotal": 71,
     "readOut": 64,
     "queueLength": 0,
     "ckptRunning": 0
    },
    {
     "t": 135.56,
     "readTotal": 64,
     "readOut": 64,
     "queueLength": 0,
     "ckptRunning": 0
    },
    {
     "t": 136.07,
     "readTotal": 72,
     "readOut": 64,
     "queueLength": 0,
     "ckptRunning": 0
    },
    {
     "t": 136.58,
     "readTotal": 66,
     "readOut": 64,
     "queueLength": 0,
     "ckptRunning": 0
    },
    {
     "t": 137.09,
     "readTotal": 71,
     "readOut": 64,
     "queueLength": 0,
     "ckptRunning": 0
    },
    {
     "t": 137.63,
     "readTotal": 64,
     "readOut": 64,
     "queueLength": 0,
     "ckptRunning": 0
    },
    {
     "t": 138.14,
     "readTotal": 64,
     "readOut": 64,
     "queueLength": 0,
     "ckptRunning": 0
    },
    {
     "t": 138.66,
     "readTotal": 71,
     "readOut": 64,
     "queueLength": 0,
     "ckptRunning": 0
    },
    {
     "t": 139.17,
     "readTotal": 66,
     "readOut": 64,
     "queueLength": 0,
     "ckptRunning": 0
    },
    {
     "t": 139.69,
     "readTotal": 66,
     "readOut": 66,
     "queueLength": 0,
     "ckptRunning": 0
    },
    {
     "t": 140.2,
     "readTotal": 66,
     "readOut": 64,
     "queueLength": 0,
     "ckptRunning": 0
    },
    {
     "t": 140.72,
     "readTotal": 72,
     "readOut": 60,
     "queueLength": 0,
     "ckptRunning": 0
    },
    {
     "t": 141.23,
     "readTotal": 64,
     "readOut": 60,
     "queueLength": 0,
     "ckptRunning": 0
    },
    {
     "t": 141.75,
     "readTotal": 64,
     "readOut": 64,
     "queueLength": 0,
     "ckptRunning": 0
    },
    {
     "t": 142.26,
     "readTotal": 71,
     "readOut": 64,
     "queueLength": 0,
     "ckptRunning": 0
    },
    {
     "t": 142.78,
     "readTotal": 64,
     "readOut": 64,
     "queueLength": 0,
     "ckptRunning": 0
    },
    {
     "t": 143.29,
     "readTotal": 71,
     "readOut": 64,
     "queueLength": 0,
     "ckptRunning": 0
    },
    {
     "t": 143.8,
     "readTotal": 64,
     "readOut": 64,
     "queueLength": 0,
     "ckptRunning": 0
    },
    {
     "t": 144.31,
     "readTotal": 66,
     "readOut": 66,
     "queueLength": 0,
     "ckptRunning": 0
    },
    {
     "t": 144.83,
     "readTotal": 64,
     "readOut": 64,
     "queueLength": 0,
     "ckptRunning": 0
    },
    {
     "t": 145.35,
     "readTotal": 66,
     "readOut": 64,
     "queueLength": 0,
     "ckptRunning": 0
    },
    {
     "t": 145.86,
     "readTotal": 66,
     "readOut": 66,
     "queueLength": 0,
     "ckptRunning": 0
    },
    {
     "t": 146.37,
     "readTotal": 66,
     "readOut": 64,
     "queueLength": 0,
     "ckptRunning": 0
    },
    {
     "t": 146.89,
     "readTotal": 66,
     "readOut": 66,
     "queueLength": 0,
     "ckptRunning": 0
    },
    {
     "t": 147.4,
     "readTotal": 66,
     "readOut": 64,
     "queueLength": 0,
     "ckptRunning": 0
    },
    {
     "t": 147.92,
     "readTotal": 71,
     "readOut": 64,
     "queueLength": 0,
     "ckptRunning": 0
    },
    {
     "t": 148.43,
     "readTotal": 64,
     "readOut": 64,
     "queueLength": 0,
     "ckptRunning": 0
    },
    {
     "t": 148.94,
     "readTotal": 66,
     "readOut": 64,
     "queueLength": 0,
     "ckptRunning": 0
    },
    {
     "t": 149.45,
     "readTotal": 67,
     "readOut": 67,
     "queueLength": 2,
     "ckptRunning": 0
    },
    {
     "t": 149.96,
     "readTotal": 64,
     "readOut": 64,
     "queueLength": 0,
     "ckptRunning": 0
    },
    {
     "t": 150.48,
     "readTotal": 72,
     "readOut": 64,
     "queueLength": 0,
     "ckptRunning": 0
    },
    {
     "t": 150.99,
     "readTotal": 67,
     "readOut": 64,
     "queueLength": 0,
     "ckptRunning": 0
    },
    {
     "t": 151.51,
     "readTotal": 67,
     "readOut": 67,
     "queueLength": 2,
     "ckptRunning": 0
    },
    {
     "t": 152.03,
     "readTotal": 67,
     "readOut": 64,
     "queueLength": 0,
     "ckptRunning": 0
    },
    {
     "t": 152.55,
     "readTotal": 67,
     "readOut": 64,
     "queueLength": 0,
     "ckptRunning": 0
    },
    {
     "t": 153.06,
     "readTotal": 73,
     "readOut": 64,
     "queueLength": 0,
     "ckptRunning": 0
    },
    {
     "t": 153.57,
     "readTotal": 69,
     "readOut": 64,
     "queueLength": 0,
     "ckptRunning": 0
    },
    {
     "t": 154.09,
     "readTotal": 69,
     "readOut": 69,
     "queueLength": 0,
     "ckptRunning": 0
    },
    {
     "t": 154.6,
     "readTotal": 68,
     "readOut": 64,
     "queueLength": 0,
     "ckptRunning": 0
    },
    {
     "t": 155.11,
     "readTotal": 75,
     "readOut": 60,
     "queueLength": 0,
     "ckptRunning": 0
    },
    {
     "t": 155.63,
     "readTotal": 71,
     "readOut": 64,
     "queueLength": 0,
     "ckptRunning": 0
    },
    {
     "t": 156.15,
     "readTotal": 68,
     "readOut": 64,
     "queueLength": 0,
     "ckptRunning": 0
    },
    {
     "t": 156.66,
     "readTotal": 68,
     "readOut": 68,
     "queueLength": 0,
     "ckptRunning": 0
    },
    {
     "t": 157.17,
     "readTotal": 65,
     "readOut": 64,
     "queueLength": 0,
     "ckptRunning": 0
    },
    {
     "t": 157.68,
     "readTotal": 70,
     "readOut": 64,
     "queueLength": 0,
     "ckptRunning": 0
    },
    {
     "t": 158.2,
     "readTotal": 64,
     "readOut": 64,
     "queueLength": 0,
     "ckptRunning": 0
    },
    {
     "t": 158.71,
     "readTotal": 65,
     "readOut": 65,
     "queueLength": 1,
     "ckptRunning": 0
    },
    {
     "t": 159.22,
     "readTotal": 64,
     "readOut": 64,
     "queueLength": 2,
     "ckptRunning": 0
    },
    {
     "t": 159.74,
     "readTotal": 64,
     "readOut": 64,
     "queueLength": 0,
     "ckptRunning": 0
    },
    {
     "t": 160.26,
     "readTotal": 70,
     "readOut": 64,
     "queueLength": 0,
     "ckptRunning": 0
    },
    {
     "t": 160.78,
     "readTotal": 64,
     "readOut": 64,
     "queueLength": 0,
     "ckptRunning": 0
    },
    {
     "t": 161.29,
     "readTotal": 70,
     "readOut": 64,
     "queueLength": 0,
     "ckptRunning": 0
    },
    {
     "t": 161.81,
     "readTotal": 64,
     "readOut": 64,
     "queueLength": 0,
     "ckptRunning": 0
    },
    {
     "t": 162.32,
     "readTotal": 59,
     "readOut": 59,
     "queueLength": 5,
     "ckptRunning": 0
    },
    {
     "t": 162.84,
     "readTotal": 70,
     "readOut": 64,
     "queueLength": 0,
     "ckptRunning": 0
    },
    {
     "t": 163.35,
     "readTotal": 64,
     "readOut": 64,
     "queueLength": 0,
     "ckptRunning": 0
    },
    {
     "t": 163.87,
     "readTotal": 72,
     "readOut": 64,
     "queueLength": 0,
     "ckptRunning": 0
    },
    {
     "t": 164.38,
     "readTotal": 64,
     "readOut": 64,
     "queueLength": 0,
     "ckptRunning": 0
    },
    {
     "t": 164.89,
     "readTotal": 65,
     "readOut": 65,
     "queueLength": 1,
     "ckptRunning": 0
    },
    {
     "t": 165.4,
     "readTotal": 64,
     "readOut": 64,
     "queueLength": 0,
     "ckptRunning": 0
    },
    {
     "t": 165.92,
     "readTotal": 70,
     "readOut": 59,
     "queueLength": 0,
     "ckptRunning": 0
    },
    {
     "t": 166.43,
     "readTotal": 64,
     "readOut": 64,
     "queueLength": 0,
     "ckptRunning": 0
    },
    {
     "t": 166.95,
     "readTotal": 64,
     "readOut": 64,
     "queueLength": 0,
     "ckptRunning": 0
    },
    {
     "t": 167.46,
     "readTotal": 70,
     "readOut": 64,
     "queueLength": 0,
     "ckptRunning": 0
    },
    {
     "t": 167.97,
     "readTotal": 64,
     "readOut": 64,
     "queueLength": 0,
     "ckptRunning": 0
    },
    {
     "t": 168.49,
     "readTotal": 70,
     "readOut": 64,
     "queueLength": 0,
     "ckptRunning": 0
    },
    {
     "t": 169.0,
     "readTotal": 64,
     "readOut": 64,
     "queueLength": 0,
     "ckptRunning": 0
    },
    {
     "t": 169.51,
     "readTotal": 70,
     "readOut": 64,
     "queueLength": 0,
     "ckptRunning": 0
    },
    {
     "t": 170.02,
     "readTotal": 65,
     "readOut": 64,
     "queueLength": 0,
     "ckptRunning": 0
    },
    {
     "t": 170.54,
     "readTotal": 65,
     "readOut": 64,
     "queueLength": 0,
     "ckptRunning": 0
    },
    {
     "t": 171.05,
     "readTotal": 65,
     "readOut": 65,
     "queueLength": 0,
     "ckptRunning": 0
    },
    {
     "t": 171.56,
     "readTotal": 64,
     "readOut": 64,
     "queueLength": 0,
     "ckptRunning": 0
    },
    {
     "t": 172.08,
     "readTotal": 70,
     "readOut": 64,
     "queueLength": 0,
     "ckptRunning": 0
    },
    {
     "t": 172.59,
     "readTotal": 64,
     "readOut": 64,
     "queueLength": 0,
     "ckptRunning": 0
    },
    {
     "t": 173.1,
     "readTotal": 70,
     "readOut": 64,
     "queueLength": 0,
     "ckptRunning": 0
    },
    {
     "t": 173.62,
     "readTotal": 64,
     "readOut": 64,
     "queueLength": 0,
     "ckptRunning": 0
    },
    {
     "t": 174.13,
     "readTotal": 70,
     "readOut": 63,
     "queueLength": 0,
     "ckptRunning": 0
    },
    {
     "t": 174.64,
     "readTotal": 65,
     "readOut": 65,
     "queueLength": 0,
     "ckptRunning": 0
    },
    {
     "t": 175.16,
     "readTotal": 64,
     "readOut": 64,
     "queueLength": 0,
     "ckptRunning": 0
    },
    {
     "t": 175.67,
     "readTotal": 70,
     "readOut": 64,
     "queueLength": 0,
     "ckptRunning": 0
    },
    {
     "t": 176.18,
     "readTotal": 64,
     "readOut": 64,
     "queueLength": 0,
     "ckptRunning": 0
    },
    {
     "t": 176.69,
     "readTotal": 70,
     "readOut": 64,
     "queueLength": 0,
     "ckptRunning": 0
    },
    {
     "t": 177.21,
     "readTotal": 64,
     "readOut": 64,
     "queueLength": 0,
     "ckptRunning": 0
    },
    {
     "t": 177.72,
     "readTotal": 70,
     "readOut": 64,
     "queueLength": 0,
     "ckptRunning": 0
    },
    {
     "t": 178.24,
     "readTotal": 70,
     "readOut": 64,
     "queueLength": 0,
     "ckptRunning": 0
    },
    {
     "t": 178.75,
     "readTotal": 65,
     "readOut": 64,
     "queueLength": 0,
     "ckptRunning": 0
    },
    {
     "t": 179.27,
     "readTotal": 72,
     "readOut": 64,
     "queueLength": 0,
     "ckptRunning": 0
    },
    {
     "t": 179.78,
     "readTotal": 64,
     "readOut": 64,
     "queueLength": 0,
     "ckptRunning": 0
    },
    {
     "t": 180.29,
     "readTotal": 70,
     "readOut": 64,
     "queueLength": 0,
     "ckptRunning": 0
    },
    {
     "t": 180.8,
     "readTotal": 65,
     "readOut": 64,
     "queueLength": 0,
     "ckptRunning": 0
    },
    {
     "t": 181.32,
     "readTotal": 70,
     "readOut": 61,
     "queueLength": 0,
     "ckptRunning": 0
    },
    {
     "t": 181.83,
     "readTotal": 65,
     "readOut": 61,
     "queueLength": 0,
     "ckptRunning": 0
    },
    {
     "t": 182.35,
     "readTotal": 65,
     "readOut": 64,
     "queueLength": 0,
     "ckptRunning": 0
    },
    {
     "t": 182.86,
     "readTotal": 70,
     "readOut": 64,
     "queueLength": 0,
     "ckptRunning": 0
    },
    {
     "t": 183.39,
     "readTotal": 64,
     "readOut": 64,
     "queueLength": 0,
     "ckptRunning": 0
    },
    {
     "t": 183.9,
     "readTotal": 65,
     "readOut": 65,
     "queueLength": 0,
     "ckptRunning": 0
    },
    {
     "t": 184.41,
     "readTotal": 64,
     "readOut": 64,
     "queueLength": 0,
     "ckptRunning": 0
    },
    {
     "t": 184.93,
     "readTotal": 59,
     "readOut": 59,
     "queueLength": 5,
     "ckptRunning": 0
    },
    {
     "t": 185.44,
     "readTotal": 70,
     "readOut": 64,
     "queueLength": 0,
     "ckptRunning": 0
    },
    {
     "t": 185.96,
     "readTotal": 65,
     "readOut": 64,
     "queueLength": 0,
     "ckptRunning": 0
    },
    {
     "t": 186.47,
     "readTotal": 65,
     "readOut": 65,
     "queueLength": 0,
     "ckptRunning": 0
    },
    {
     "t": 186.98,
     "readTotal": 64,
     "readOut": 64,
     "queueLength": 0,
     "ckptRunning": 0
    },
    {
     "t": 187.49,
     "readTotal": 70,
     "readOut": 64,
     "queueLength": 0,
     "ckptRunning": 0
    },
    {
     "t": 188.0,
     "readTotal": 65,
     "readOut": 64,
     "queueLength": 0,
     "ckptRunning": 0
    },
    {
     "t": 188.51,
     "readTotal": 59,
     "readOut": 57,
     "queueLength": 0,
     "ckptRunning": 0
    },
    {
     "t": 189.03,
     "readTotal": 65,
     "readOut": 59,
     "queueLength": 0,
     "ckptRunning": 0
    },
    {
     "t": 189.54,
     "readTotal": 64,
     "readOut": 64,
     "queueLength": 0,
     "ckptRunning": 0
    },
    {
     "t": 190.05,
     "readTotal": 70,
     "readOut": 64,
     "queueLength": 0,
     "ckptRunning": 0
    },
    {
     "t": 190.57,
     "readTotal": 65,
     "readOut": 64,
     "queueLength": 0,
     "ckptRunning": 0
    },
    {
     "t": 191.08,
     "readTotal": 67,
     "readOut": 67,
     "queueLength": 0,
     "ckptRunning": 0
    },
    {
     "t": 191.6,
     "readTotal": 64,
     "readOut": 64,
     "queueLength": 0,
     "ckptRunning": 0
    },
    {
     "t": 192.11,
     "readTotal": 65,
     "readOut": 65,
     "queueLength": 0,
     "ckptRunning": 0
    },
    {
     "t": 192.62,
     "readTotal": 64,
     "readOut": 60,
     "queueLength": 0,
     "ckptRunning": 0
    },
    {
     "t": 193.13,
     "readTotal": 70,
     "readOut": 63,
     "queueLength": 0,
     "ckptRunning": 0
    },
    {
     "t": 193.64,
     "readTotal": 70,
     "readOut": 64,
     "queueLength": 0,
     "ckptRunning": 1
    },
    {
     "t": 194.16,
     "readTotal": 64,
     "readOut": 64,
     "queueLength": 0,
     "ckptRunning": 1
    },
    {
     "t": 194.67,
     "readTotal": 70,
     "readOut": 64,
     "queueLength": 0,
     "ckptRunning": 1
    },
    {
     "t": 195.19,
     "readTotal": 64,
     "readOut": 64,
     "queueLength": 0,
     "ckptRunning": 1
    },
    {
     "t": 195.7,
     "readTotal": 70,
     "readOut": 64,
     "queueLength": 0,
     "ckptRunning": 1
    },
    {
     "t": 196.21,
     "readTotal": 64,
     "readOut": 64,
     "queueLength": 0,
     "ckptRunning": 0
    },
    {
     "t": 196.73,
     "readTotal": 70,
     "readOut": 64,
     "queueLength": 0,
     "ckptRunning": 0
    },
    {
     "t": 197.24,
     "readTotal": 66,
     "readOut": 66,
     "queueLength": 0,
     "ckptRunning": 0
    },
    {
     "t": 197.75,
     "readTotal": 65,
     "readOut": 64,
     "queueLength": 0,
     "ckptRunning": 0
    },
    {
     "t": 198.27,
     "readTotal": 73,
     "readOut": 64,
     "queueLength": 0,
     "ckptRunning": 0
    },
    {
     "t": 198.78,
     "readTotal": 65,
     "readOut": 64,
     "queueLength": 0,
     "ckptRunning": 0
    },
    {
     "t": 199.28,
     "readTotal": 65,
     "readOut": 65,
     "queueLength": 0,
     "ckptRunning": 0
    },
    {
     "t": 199.8,
     "readTotal": 65,
     "readOut": 64,
     "queueLength": 0,
     "ckptRunning": 0
    },
    {
     "t": 200.31,
     "readTotal": 59,
     "readOut": 58,
     "queueLength": 0,
     "ckptRunning": 0
    },
    {
     "t": 200.83,
     "readTotal": 64,
     "readOut": 64,
     "queueLength": 0,
     "ckptRunning": 0
    },
    {
     "t": 201.34,
     "readTotal": 64,
     "readOut": 64,
     "queueLength": 0,
     "ckptRunning": 0
    },
    {
     "t": 201.85,
     "readTotal": 70,
     "readOut": 64,
     "queueLength": 0,
     "ckptRunning": 0
    },
    {
     "t": 202.37,
     "readTotal": 64,
     "readOut": 64,
     "queueLength": 0,
     "ckptRunning": 0
    },
    {
     "t": 202.88,
     "readTotal": 70,
     "readOut": 64,
     "queueLength": 0,
     "ckptRunning": 0
    },
    {
     "t": 203.4,
     "readTotal": 65,
     "readOut": 64,
     "queueLength": 0,
     "ckptRunning": 0
    },
    {
     "t": 203.91,
     "readTotal": 70,
     "readOut": 64,
     "queueLength": 0,
     "ckptRunning": 0
    },
    {
     "t": 204.42,
     "readTotal": 64,
     "readOut": 64,
     "queueLength": 0,
     "ckptRunning": 0
    },
    {
     "t": 204.95,
     "readTotal": 64,
     "readOut": 64,
     "queueLength": 0,
     "ckptRunning": 0
    },
    {
     "t": 205.46,
     "readTotal": 70,
     "readOut": 64,
     "queueLength": 0,
     "ckptRunning": 0
    },
    {
     "t": 205.98,
     "readTotal": 65,
     "readOut": 64,
     "queueLength": 0,
     "ckptRunning": 0
    },
    {
     "t": 206.49,
     "readTotal": 66,
     "readOut": 66,
     "queueLength": 0,
     "ckptRunning": 0
    },
    {
     "t": 207.0,
     "readTotal": 65,
     "readOut": 64,
     "queueLength": 0,
     "ckptRunning": 0
    },
    {
     "t": 207.51,
     "readTotal": 70,
     "readOut": 64,
     "queueLength": 0,
     "ckptRunning": 0
    },
    {
     "t": 208.03,
     "readTotal": 64,
     "readOut": 64,
     "queueLength": 0,
     "ckptRunning": 0
    },
    {
     "t": 208.55,
     "readTotal": 65,
     "readOut": 64,
     "queueLength": 0,
     "ckptRunning": 0
    },
    {
     "t": 209.06,
     "readTotal": 60,
     "readOut": 60,
     "queueLength": 4,
     "ckptRunning": 0
    },
    {
     "t": 209.57,
     "readTotal": 65,
     "readOut": 64,
     "queueLength": 0,
     "ckptRunning": 0
    },
    {
     "t": 210.08,
     "readTotal": 65,
     "readOut": 65,
     "queueLength": 0,
     "ckptRunning": 0
    },
    {
     "t": 210.59,
     "readTotal": 65,
     "readOut": 64,
     "queueLength": 0,
     "ckptRunning": 0
    },
    {
     "t": 211.1,
     "readTotal": 72,
     "readOut": 64,
     "queueLength": 0,
     "ckptRunning": 0
    },
    {
     "t": 211.62,
     "readTotal": 64,
     "readOut": 64,
     "queueLength": 0,
     "ckptRunning": 0
    },
    {
     "t": 212.14,
     "readTotal": 65,
     "readOut": 64,
     "queueLength": 0,
     "ckptRunning": 0
    },
    {
     "t": 212.65,
     "readTotal": 65,
     "readOut": 65,
     "queueLength": 0,
     "ckptRunning": 0
    },
    {
     "t": 213.17,
     "readTotal": 65,
     "readOut": 64,
     "queueLength": 0,
     "ckptRunning": 0
    },
    {
     "t": 213.68,
     "readTotal": 72,
     "readOut": 64,
     "queueLength": 0,
     "ckptRunning": 0
    },
    {
     "t": 214.19,
     "readTotal": 67,
     "readOut": 64,
     "queueLength": 0,
     "ckptRunning": 0
    },
    {
     "t": 214.7,
     "readTotal": 68,
     "readOut": 68,
     "queueLength": 0,
     "ckptRunning": 0
    },
    {
     "t": 215.21,
     "readTotal": 65,
     "readOut": 64,
     "queueLength": 0,
     "ckptRunning": 0
    },
    {
     "t": 215.72,
     "readTotal": 72,
     "readOut": 64,
     "queueLength": 0,
     "ckptRunning": 0
    },
    {
     "t": 216.24,
     "readTotal": 65,
     "readOut": 65,
     "queueLength": 0,
     "ckptRunning": 0
    },
    {
     "t": 216.75,
     "readTotal": 64,
     "readOut": 64,
     "queueLength": 0,
     "ckptRunning": 0
    },
    {
     "t": 217.26,
     "readTotal": 70,
     "readOut": 64,
     "queueLength": 0,
     "ckptRunning": 0
    },
    {
     "t": 217.77,
     "readTotal": 67,
     "readOut": 64,
     "queueLength": 0,
     "ckptRunning": 0
    },
    {
     "t": 218.29,
     "readTotal": 67,
     "readOut": 67,
     "queueLength": 0,
     "ckptRunning": 0
    },
    {
     "t": 218.8,
     "readTotal": 64,
     "readOut": 64,
     "queueLength": 0,
     "ckptRunning": 0
    },
    {
     "t": 219.31,
     "readTotal": 72,
     "readOut": 64,
     "queueLength": 0,
     "ckptRunning": 0
    },
    {
     "t": 219.83,
     "readTotal": 64,
     "readOut": 64,
     "queueLength": 0,
     "ckptRunning": 0
    },
    {
     "t": 220.35,
     "readTotal": 65,
     "readOut": 64,
     "queueLength": 0,
     "ckptRunning": 0
    },
    {
     "t": 220.86,
     "readTotal": 70,
     "readOut": 64,
     "queueLength": 0,
     "ckptRunning": 0
    },
    {
     "t": 221.37,
     "readTotal": 64,
     "readOut": 64,
     "queueLength": 0,
     "ckptRunning": 0
    },
    {
     "t": 221.88,
     "readTotal": 65,
     "readOut": 64,
     "queueLength": 0,
     "ckptRunning": 0
    },
    {
     "t": 222.4,
     "readTotal": 70,
     "readOut": 64,
     "queueLength": 0,
     "ckptRunning": 0
    },
    {
     "t": 222.91,
     "readTotal": 64,
     "readOut": 64,
     "queueLength": 0,
     "ckptRunning": 0
    },
    {
     "t": 223.43,
     "readTotal": 70,
     "readOut": 64,
     "queueLength": 0,
     "ckptRunning": 0
    },
    {
     "t": 223.94,
     "readTotal": 70,
     "readOut": 64,
     "queueLength": 0,
     "ckptRunning": 0
    },
    {
     "t": 224.46,
     "readTotal": 64,
     "readOut": 64,
     "queueLength": 0,
     "ckptRunning": 0
    },
    {
     "t": 224.97,
     "readTotal": 65,
     "readOut": 65,
     "queueLength": 0,
     "ckptRunning": 0
    },
    {
     "t": 225.49,
     "readTotal": 65,
     "readOut": 64,
     "queueLength": 0,
     "ckptRunning": 0
    },
    {
     "t": 225.99,
     "readTotal": 65,
     "readOut": 65,
     "queueLength": 1,
     "ckptRunning": 0
    },
    {
     "t": 226.51,
     "readTotal": 65,
     "readOut": 64,
     "queueLength": 0,
     "ckptRunning": 0
    },
    {
     "t": 227.02,
     "readTotal": 70,
     "readOut": 60,
     "queueLength": 0,
     "ckptRunning": 0
    },
    {
     "t": 227.53,
     "readTotal": 59,
     "readOut": 59,
     "queueLength": 5,
     "ckptRunning": 0
    },
    {
     "t": 228.04,
     "readTotal": 64,
     "readOut": 64,
     "queueLength": 0,
     "ckptRunning": 0
    },
    {
     "t": 228.56,
     "readTotal": 70,
     "readOut": 64,
     "queueLength": 0,
     "ckptRunning": 0
    },
    {
     "t": 229.08,
     "readTotal": 64,
     "readOut": 64,
     "queueLength": 0,
     "ckptRunning": 0
    },
    {
     "t": 229.6,
     "readTotal": 72,
     "readOut": 64,
     "queueLength": 0,
     "ckptRunning": 0
    },
    {
     "t": 230.11,
     "readTotal": 64,
     "readOut": 64,
     "queueLength": 0,
     "ckptRunning": 0
    },
    {
     "t": 230.62,
     "readTotal": 70,
     "readOut": 64,
     "queueLength": 0,
     "ckptRunning": 0
    },
    {
     "t": 231.14,
     "readTotal": 70,
     "readOut": 64,
     "queueLength": 0,
     "ckptRunning": 0
    },
    {
     "t": 231.65,
     "readTotal": 64,
     "readOut": 64,
     "queueLength": 0,
     "ckptRunning": 0
    },
    {
     "t": 232.17,
     "readTotal": 65,
     "readOut": 65,
     "queueLength": 0,
     "ckptRunning": 0
    },
    {
     "t": 232.68,
     "readTotal": 65,
     "readOut": 64,
     "queueLength": 0,
     "ckptRunning": 0
    },
    {
     "t": 233.18,
     "readTotal": 70,
     "readOut": 64,
     "queueLength": 0,
     "ckptRunning": 0
    },
    {
     "t": 233.69,
     "readTotal": 64,
     "readOut": 64,
     "queueLength": 0,
     "ckptRunning": 0
    },
    {
     "t": 234.21,
     "readTotal": 70,
     "readOut": 64,
     "queueLength": 0,
     "ckptRunning": 0
    },
    {
     "t": 234.72,
     "readTotal": 64,
     "readOut": 64,
     "queueLength": 0,
     "ckptRunning": 0
    },
    {
     "t": 235.23,
     "readTotal": 64,
     "readOut": 64,
     "queueLength": 0,
     "ckptRunning": 0
    },
    {
     "t": 235.75,
     "readTotal": 70,
     "readOut": 64,
     "queueLength": 0,
     "ckptRunning": 0
    },
    {
     "t": 236.26,
     "readTotal": 65,
     "readOut": 64,
     "queueLength": 0,
     "ckptRunning": 0
    },
    {
     "t": 236.77,
     "readTotal": 70,
     "readOut": 64,
     "queueLength": 0,
     "ckptRunning": 0
    },
    {
     "t": 237.28,
     "readTotal": 64,
     "readOut": 64,
     "queueLength": 0,
     "ckptRunning": 0
    },
    {
     "t": 237.8,
     "readTotal": 70,
     "readOut": 64,
     "queueLength": 0,
     "ckptRunning": 0
    },
    {
     "t": 238.31,
     "readTotal": 64,
     "readOut": 64,
     "queueLength": 0,
     "ckptRunning": 0
    },
    {
     "t": 238.82,
     "readTotal": 70,
     "readOut": 61,
     "queueLength": 0,
     "ckptRunning": 0
    },
    {
     "t": 239.34,
     "readTotal": 65,
     "readOut": 65,
     "queueLength": 0,
     "ckptRunning": 0
    },
    {
     "t": 239.86,
     "readTotal": 64,
     "readOut": 64,
     "queueLength": 0,
     "ckptRunning": 0
    },
    {
     "t": 240.37,
     "readTotal": 70,
     "readOut": 64,
     "queueLength": 0,
     "ckptRunning": 0
    },
    {
     "t": 240.88,
     "readTotal": 65,
     "readOut": 64,
     "queueLength": 0,
     "ckptRunning": 0
    },
    {
     "t": 241.4,
     "readTotal": 65,
     "readOut": 65,
     "queueLength": 2,
     "ckptRunning": 0
    },
    {
     "t": 241.91,
     "readTotal": 64,
     "readOut": 64,
     "queueLength": 0,
     "ckptRunning": 0
    },
    {
     "t": 242.42,
     "readTotal": 70,
     "readOut": 64,
     "queueLength": 0,
     "ckptRunning": 0
    },
    {
     "t": 242.93,
     "readTotal": 70,
     "readOut": 64,
     "queueLength": 0,
     "ckptRunning": 0
    },
    {
     "t": 243.45,
     "readTotal": 64,
     "readOut": 64,
     "queueLength": 0,
     "ckptRunning": 0
    },
    {
     "t": 243.95,
     "readTotal": 64,
     "readOut": 64,
     "queueLength": 0,
     "ckptRunning": 0
    },
    {
     "t": 244.47,
     "readTotal": 72,
     "readOut": 64,
     "queueLength": 0,
     "ckptRunning": 0
    },
    {
     "t": 244.98,
     "readTotal": 68,
     "readOut": 64,
     "queueLength": 0,
     "ckptRunning": 0
    },
    {
     "t": 245.5,
     "readTotal": 61,
     "readOut": 61,
     "queueLength": 3,
     "ckptRunning": 0
    },
    {
     "t": 246.01,
     "readTotal": 69,
     "readOut": 64,
     "queueLength": 0,
     "ckptRunning": 0
    },
    {
     "t": 246.53,
     "readTotal": 69,
     "readOut": 64,
     "queueLength": 0,
     "ckptRunning": 0
    },
    {
     "t": 247.05,
     "readTotal": 64,
     "readOut": 64,
     "queueLength": 0,
     "ckptRunning": 0
    },
    {
     "t": 247.56,
     "readTotal": 69,
     "readOut": 64,
     "queueLength": 0,
     "ckptRunning": 0
    },
    {
     "t": 248.06,
     "readTotal": 64,
     "readOut": 64,
     "queueLength": 0,
     "ckptRunning": 0
    },
    {
     "t": 248.57,
     "readTotal": 68,
     "readOut": 64,
     "queueLength": 0,
     "ckptRunning": 0
    },
    {
     "t": 249.09,
     "readTotal": 62,
     "readOut": 62,
     "queueLength": 2,
     "ckptRunning": 0
    },
    {
     "t": 249.6,
     "readTotal": 69,
     "readOut": 64,
     "queueLength": 0,
     "ckptRunning": 0
    },
    {
     "t": 250.11,
     "readTotal": 62,
     "readOut": 60,
     "queueLength": 1,
     "ckptRunning": 0
    },
    {
     "t": 250.64,
     "readTotal": 62,
     "readOut": 62,
     "queueLength": 2,
     "ckptRunning": 0
    },
    {
     "t": 251.15,
     "readTotal": 71,
     "readOut": 64,
     "queueLength": 0,
     "ckptRunning": 0
    },
    {
     "t": 251.68,
     "readTotal": 76,
     "readOut": 64,
     "queueLength": 0,
     "ckptRunning": 0
    },
    {
     "t": 252.19,
     "readTotal": 69,
     "readOut": 64,
     "queueLength": 0,
     "ckptRunning": 0
    },
    {
     "t": 252.71,
     "readTotal": 64,
     "readOut": 64,
     "queueLength": 0,
     "ckptRunning": 0
    },
    {
     "t": 253.22,
     "readTotal": 64,
     "readOut": 64,
     "queueLength": 0,
     "ckptRunning": 0
    },
    {
     "t": 253.74,
     "readTotal": 69,
     "readOut": 64,
     "queueLength": 0,
     "ckptRunning": 0
    },
    {
     "t": 254.25,
     "readTotal": 62,
     "readOut": 62,
     "queueLength": 2,
     "ckptRunning": 0
    },
    {
     "t": 254.77,
     "readTotal": 69,
     "readOut": 64,
     "queueLength": 0,
     "ckptRunning": 0
    },
    {
     "t": 255.28,
     "readTotal": 62,
     "readOut": 62,
     "queueLength": 2,
     "ckptRunning": 0
    },
    {
     "t": 255.79,
     "readTotal": 69,
     "readOut": 64,
     "queueLength": 0,
     "ckptRunning": 0
    },
    {
     "t": 256.3,
     "readTotal": 76,
     "readOut": 64,
     "queueLength": 0,
     "ckptRunning": 1
    },
    {
     "t": 256.82,
     "readTotal": 64,
     "readOut": 64,
     "queueLength": 0,
     "ckptRunning": 1
    },
    {
     "t": 257.33,
     "readTotal": 69,
     "readOut": 62,
     "queueLength": 0,
     "ckptRunning": 1
    },
    {
     "t": 257.84,
     "readTotal": 64,
     "readOut": 64,
     "queueLength": 0,
     "ckptRunning": 1
    },
    {
     "t": 258.35,
     "readTotal": 69,
     "readOut": 64,
     "queueLength": 0,
     "ckptRunning": 1
    },
    {
     "t": 258.86,
     "readTotal": 64,
     "readOut": 64,
     "queueLength": 0,
     "ckptRunning": 0
    },
    {
     "t": 259.37,
     "readTotal": 69,
     "readOut": 64,
     "queueLength": 0,
     "ckptRunning": 0
    },
    {
     "t": 259.88,
     "readTotal": 62,
     "readOut": 62,
     "queueLength": 2,
     "ckptRunning": 0
    },
    {
     "t": 260.39,
     "readTotal": 69,
     "readOut": 64,
     "queueLength": 0,
     "ckptRunning": 0
    },
    {
     "t": 260.91,
     "readTotal": 62,
     "readOut": 62,
     "queueLength": 2,
     "ckptRunning": 0
    },
    {
     "t": 261.42,
     "readTotal": 62,
     "readOut": 62,
     "queueLength": 1,
     "ckptRunning": 0
    },
    {
     "t": 261.94,
     "readTotal": 68,
     "readOut": 64,
     "queueLength": 0,
     "ckptRunning": 0
    },
    {
     "t": 262.45,
     "readTotal": 75,
     "readOut": 64,
     "queueLength": 0,
     "ckptRunning": 0
    },
    {
     "t": 262.96,
     "readTotal": 68,
     "readOut": 64,
     "queueLength": 0,
     "ckptRunning": 0
    },
    {
     "t": 263.48,
     "readTotal": 62,
     "readOut": 62,
     "queueLength": 2,
     "ckptRunning": 0
    },
    {
     "t": 263.99,
     "readTotal": 69,
     "readOut": 64,
     "queueLength": 0,
     "ckptRunning": 0
    },
    {
     "t": 264.5,
     "readTotal": 64,
     "readOut": 64,
     "queueLength": 0,
     "ckptRunning": 0
    },
    {
     "t": 265.01,
     "readTotal": 69,
     "readOut": 64,
     "queueLength": 0,
     "ckptRunning": 0
    },
    {
     "t": 265.53,
     "readTotal": 69,
     "readOut": 57,
     "queueLength": 0,
     "ckptRunning": 0
    },
    {
     "t": 266.05,
     "readTotal": 76,
     "readOut": 64,
     "queueLength": 0,
     "ckptRunning": 0
    },
    {
     "t": 266.56,
     "readTotal": 69,
     "readOut": 64,
     "queueLength": 0,
     "ckptRunning": 0
    },
    {
     "t": 267.07,
     "readTotal": 73,
     "readOut": 64,
     "queueLength": 0,
     "ckptRunning": 0
    },
    {
     "t": 267.59,
     "readTotal": 68,
     "readOut": 64,
     "queueLength": 0,
     "ckptRunning": 0
    },
    {
     "t": 268.1,
     "readTotal": 61,
     "readOut": 61,
     "queueLength": 3,
     "ckptRunning": 0
    },
    {
     "t": 268.61,
     "readTotal": 68,
     "readOut": 64,
     "queueLength": 0,
     "ckptRunning": 0
    },
    {
     "t": 269.13,
     "readTotal": 69,
     "readOut": 61,
     "queueLength": 0,
     "ckptRunning": 0
    },
    {
     "t": 269.64,
     "readTotal": 63,
     "readOut": 63,
     "queueLength": 1,
     "ckptRunning": 0
    },
    {
     "t": 270.15,
     "readTotal": 70,
     "readOut": 64,
     "queueLength": 0,
     "ckptRunning": 0
    },
    {
     "t": 270.66,
     "readTotal": 63,
     "readOut": 63,
     "queueLength": 1,
     "ckptRunning": 0
    },
    {
     "t": 271.17,
     "readTotal": 70,
     "readOut": 64,
     "queueLength": 0,
     "ckptRunning": 0
    },
    {
     "t": 271.68,
     "readTotal": 63,
     "readOut": 63,
     "queueLength": 1,
     "ckptRunning": 0
    },
    {
     "t": 272.19,
     "readTotal": 70,
     "readOut": 64,
     "queueLength": 0,
     "ckptRunning": 0
    },
    {
     "t": 272.7,
     "readTotal": 63,
     "readOut": 63,
     "queueLength": 1,
     "ckptRunning": 0
    },
    {
     "t": 273.22,
     "readTotal": 70,
     "readOut": 70,
     "queueLength": 0,
     "ckptRunning": 0
    },
    {
     "t": 273.73,
     "readTotal": 70,
     "readOut": 64,
     "queueLength": 0,
     "ckptRunning": 0
    },
    {
     "t": 274.26,
     "readTotal": 63,
     "readOut": 63,
     "queueLength": 1,
     "ckptRunning": 0
    },
    {
     "t": 274.77,
     "readTotal": 70,
     "readOut": 64,
     "queueLength": 0,
     "ckptRunning": 0
    },
    {
     "t": 275.28,
     "readTotal": 77,
     "readOut": 64,
     "queueLength": 0,
     "ckptRunning": 0
    },
    {
     "t": 275.8,
     "readTotal": 68,
     "readOut": 64,
     "queueLength": 0,
     "ckptRunning": 0
    },
    {
     "t": 276.31,
     "readTotal": 74,
     "readOut": 64,
     "queueLength": 0,
     "ckptRunning": 0
    },
    {
     "t": 276.82,
     "readTotal": 60,
     "readOut": 59,
     "queueLength": 0,
     "ckptRunning": 0
    },
    {
     "t": 277.34,
     "readTotal": 67,
     "readOut": 64,
     "queueLength": 0,
     "ckptRunning": 0
    },
    {
     "t": 277.85,
     "readTotal": 59,
     "readOut": 59,
     "queueLength": 5,
     "ckptRunning": 0
    },
    {
     "t": 278.37,
     "readTotal": 64,
     "readOut": 64,
     "queueLength": 0,
     "ckptRunning": 0
    },
    {
     "t": 278.88,
     "readTotal": 71,
     "readOut": 64,
     "queueLength": 0,
     "ckptRunning": 0
    },
    {
     "t": 279.39,
     "readTotal": 66,
     "readOut": 64,
     "queueLength": 0,
     "ckptRunning": 0
    },
    {
     "t": 279.91,
     "readTotal": 59,
     "readOut": 59,
     "queueLength": 5,
     "ckptRunning": 0
    },
    {
     "t": 280.42,
     "readTotal": 66,
     "readOut": 64,
     "queueLength": 0,
     "ckptRunning": 0
    },
    {
     "t": 280.93,
     "readTotal": 66,
     "readOut": 63,
     "queueLength": 0,
     "ckptRunning": 0
    },
    {
     "t": 281.44,
     "readTotal": 59,
     "readOut": 59,
     "queueLength": 5,
     "ckptRunning": 0
    },
    {
     "t": 281.96,
     "readTotal": 66,
     "readOut": 64,
     "queueLength": 0,
     "ckptRunning": 0
    },
    {
     "t": 282.47,
     "readTotal": 59,
     "readOut": 59,
     "queueLength": 5,
     "ckptRunning": 0
    },
    {
     "t": 282.98,
     "readTotal": 66,
     "readOut": 64,
     "queueLength": 0,
     "ckptRunning": 0
    },
    {
     "t": 283.49,
     "readTotal": 66,
     "readOut": 66,
     "queueLength": 3,
     "ckptRunning": 0
    },
    {
     "t": 284.0,
     "readTotal": 64,
     "readOut": 64,
     "queueLength": 0,
     "ckptRunning": 0
    },
    {
     "t": 284.52,
     "readTotal": 59,
     "readOut": 57,
     "queueLength": 0,
     "ckptRunning": 0
    },
    {
     "t": 285.03,
     "readTotal": 71,
     "readOut": 61,
     "queueLength": 0,
     "ckptRunning": 0
    },
    {
     "t": 285.54,
     "readTotal": 66,
     "readOut": 64,
     "queueLength": 0,
     "ckptRunning": 0
    },
    {
     "t": 286.06,
     "readTotal": 71,
     "readOut": 64,
     "queueLength": 0,
     "ckptRunning": 0
    },
    {
     "t": 286.57,
     "readTotal": 66,
     "readOut": 64,
     "queueLength": 0,
     "ckptRunning": 0
    },
    {
     "t": 287.08,
     "readTotal": 72,
     "readOut": 64,
     "queueLength": 0,
     "ckptRunning": 0
    },
    {
     "t": 287.59,
     "readTotal": 66,
     "readOut": 64,
     "queueLength": 0,
     "ckptRunning": 0
    },
    {
     "t": 288.1,
     "readTotal": 66,
     "readOut": 66,
     "queueLength": 0,
     "ckptRunning": 0
    },
    {
     "t": 288.61,
     "readTotal": 64,
     "readOut": 64,
     "queueLength": 0,
     "ckptRunning": 0
    },
    {
     "t": 289.13,
     "readTotal": 71,
     "readOut": 64,
     "queueLength": 0,
     "ckptRunning": 0
    },
    {
     "t": 289.64,
     "readTotal": 71,
     "readOut": 64,
     "queueLength": 0,
     "ckptRunning": 0
    },
    {
     "t": 290.16,
     "readTotal": 66,
     "readOut": 64,
     "queueLength": 0,
     "ckptRunning": 0
    },
    {
     "t": 290.67,
     "readTotal": 71,
     "readOut": 64,
     "queueLength": 0,
     "ckptRunning": 0
    },
    {
     "t": 291.18,
     "readTotal": 64,
     "readOut": 64,
     "queueLength": 0,
     "ckptRunning": 0
    },
    {
     "t": 291.7,
     "readTotal": 71,
     "readOut": 64,
     "queueLength": 0,
     "ckptRunning": 0
    },
    {
     "t": 292.21,
     "readTotal": 66,
     "readOut": 64,
     "queueLength": 0,
     "ckptRunning": 0
    },
    {
     "t": 292.72,
     "readTotal": 66,
     "readOut": 66,
     "queueLength": 2,
     "ckptRunning": 0
    },
    {
     "t": 293.24,
     "readTotal": 71,
     "readOut": 64,
     "queueLength": 0,
     "ckptRunning": 0
    },
    {
     "t": 293.75,
     "readTotal": 66,
     "readOut": 64,
     "queueLength": 0,
     "ckptRunning": 0
    },
    {
     "t": 294.26,
     "readTotal": 71,
     "readOut": 64,
     "queueLength": 0,
     "ckptRunning": 0
    },
    {
     "t": 294.78,
     "readTotal": 64,
     "readOut": 64,
     "queueLength": 0,
     "ckptRunning": 0
    },
    {
     "t": 295.29,
     "readTotal": 72,
     "readOut": 64,
     "queueLength": 0,
     "ckptRunning": 0
    },
    {
     "t": 295.8,
     "readTotal": 66,
     "readOut": 64,
     "queueLength": 0,
     "ckptRunning": 0
    },
    {
     "t": 296.32,
     "readTotal": 59,
     "readOut": 58,
     "queueLength": 0,
     "ckptRunning": 0
    },
    {
     "t": 296.84,
     "readTotal": 71,
     "readOut": 64,
     "queueLength": 0,
     "ckptRunning": 0
    },
    {
     "t": 297.37,
     "readTotal": 64,
     "readOut": 64,
     "queueLength": 0,
     "ckptRunning": 0
    },
    {
     "t": 297.88,
     "readTotal": 66,
     "readOut": 66,
     "queueLength": 0,
     "ckptRunning": 0
    },
    {
     "t": 298.39,
     "readTotal": 66,
     "readOut": 64,
     "queueLength": 0,
     "ckptRunning": 0
    },
    {
     "t": 298.9,
     "readTotal": 71,
     "readOut": 64,
     "queueLength": 0,
     "ckptRunning": 0
    },
    {
     "t": 299.41,
     "readTotal": 64,
     "readOut": 64,
     "queueLength": 0,
     "ckptRunning": 0
    },
    {
     "t": 299.93,
     "readTotal": 72,
     "readOut": 64,
     "queueLength": 0,
     "ckptRunning": 0
    },
    {
     "t": 300.44,
     "readTotal": 58,
     "readOut": 31,
     "queueLength": 0,
     "ckptRunning": 0
    }
   ],
   "convergence": {
    "verdict": "CONVERGED_DEMAND_CAPPED",
    "lateMean": 66.76,
    "priorMean": 66.63,
    "relDelta": 0.002,
    "windowSeconds": 90.0,
    "tolerance": 0.05,
    "demandCapped": true
   },
   "samplerErrors": 0,
   "samplerFirstError": null,
   "checkpointsObserved": 4,
   "ckptSecondsObserved": 42,
   "ckptOpsDuring": 4335,
   "ckptOpsOutside": 26674,
   "ckptP50During": 794.58,
   "ckptP50Outside": 793.76,
   "ckptP99During": 1601.83,
   "ckptP99Outside": 1610.53
  }
 ],
 "cooldown": null,
 "at": "2026-08-21T15:15:53+0000"
}
