===JSON===
{
 "mode": "levels",
 "version": "7.0.39",
 "cache": {
  "inCache": 213165335,
  "maxCache": 268435456,
  "readIntoCache": 34916,
  "evictedByApp": 0,
  "bytesWrittenFromCache": 1172977141
 },
 "secondsPerLevel": 300.0,
 "docs": 1500000,
 "storageSizeBytes": 1149845504,
 "dataSizeBytes": 1134000000,
 "cacheOversubscription": 4.22,
 "totalPagesReadIntoCache": 34911,
 "results": [
  {
   "concurrency": 32,
   "seconds": 300.4,
   "ops": 30250,
   "opsPerSecond": 100.7,
   "meanLatencyMs": 317.52,
   "p95LatencyMs": 692.41,
   "queueWaitMs": 22.55,
   "holdTimeMs": 294.97,
   "ticketsStart": 4,
   "ticketsEnd": 33,
   "ticketsMax": 38,
   "outMax": 34,
   "queueLengthMax": 27,
   "queuedMicrosDelta": 682052357,
   "pagesReadIntoCache": 34911,
   "evictedByAppThreads": 0,
   "bytesWrittenFromCacheDelta": 8151770,
   "predictedCeiling": 119.7,
   "predictedCeilingHold": 128.8,
   "sampleCount": 586,
   "series": [
    {
     "t": 0.0,
     "readTotal": 4,
     "readOut": 0,
     "queueLength": 0,
     "ckptRunning": 0
    },
    {
     "t": 0.51,
     "readTotal": 5,
     "readOut": 5,
     "queueLength": 27,
     "ckptRunning": 0
    },
    {
     "t": 1.02,
     "readTotal": 5,
     "readOut": 5,
     "queueLength": 27,
     "ckptRunning": 0
    },
    {
     "t": 1.54,
     "readTotal": 5,
     "readOut": 5,
     "queueLength": 27,
     "ckptRunning": 0
    },
    {
     "t": 2.06,
     "readTotal": 6,
     "readOut": 6,
     "queueLength": 26,
     "ckptRunning": 0
    },
    {
     "t": 2.57,
     "readTotal": 6,
     "readOut": 6,
     "queueLength": 26,
     "ckptRunning": 0
    },
    {
     "t": 3.09,
     "readTotal": 6,
     "readOut": 6,
     "queueLength": 26,
     "ckptRunning": 0
    },
    {
     "t": 3.6,
     "readTotal": 6,
     "readOut": 6,
     "queueLength": 26,
     "ckptRunning": 0
    },
    {
     "t": 4.11,
     "readTotal": 6,
     "readOut": 6,
     "queueLength": 26,
     "ckptRunning": 0
    },
    {
     "t": 4.62,
     "readTotal": 6,
     "readOut": 6,
     "queueLength": 26,
     "ckptRunning": 0
    },
    {
     "t": 5.13,
     "readTotal": 7,
     "readOut": 7,
     "queueLength": 25,
     "ckptRunning": 0
    },
    {
     "t": 5.65,
     "readTotal": 7,
     "readOut": 7,
     "queueLength": 25,
     "ckptRunning": 0
    },
    {
     "t": 6.15,
     "readTotal": 7,
     "readOut": 7,
     "queueLength": 25,
     "ckptRunning": 0
    },
    {
     "t": 6.67,
     "readTotal": 7,
     "readOut": 7,
     "queueLength": 25,
     "ckptRunning": 0
    },
    {
     "t": 7.18,
     "readTotal": 7,
     "readOut": 7,
     "queueLength": 25,
     "ckptRunning": 0
    },
    {
     "t": 7.69,
     "readTotal": 8,
     "readOut": 8,
     "queueLength": 24,
     "ckptRunning": 0
    },
    {
     "t": 8.2,
     "readTotal": 8,
     "readOut": 8,
     "queueLength": 24,
     "ckptRunning": 0
    },
    {
     "t": 8.72,
     "readTotal": 8,
     "readOut": 8,
     "queueLength": 19,
     "ckptRunning": 0
    },
    {
     "t": 9.24,
     "readTotal": 8,
     "readOut": 8,
     "queueLength": 24,
     "ckptRunning": 0
    },
    {
     "t": 9.75,
     "readTotal": 8,
     "readOut": 8,
     "queueLength": 24,
     "ckptRunning": 0
    },
    {
     "t": 10.26,
     "readTotal": 8,
     "readOut": 8,
     "queueLength": 24,
     "ckptRunning": 0
    },
    {
     "t": 10.77,
     "readTotal": 8,
     "readOut": 8,
     "queueLength": 24,
     "ckptRunning": 0
    },
    {
     "t": 11.28,
     "readTotal": 9,
     "readOut": 9,
     "queueLength": 23,
     "ckptRunning": 0
    },
    {
     "t": 11.79,
     "readTotal": 9,
     "readOut": 9,
     "queueLength": 23,
     "ckptRunning": 0
    },
    {
     "t": 12.31,
     "readTotal": 9,
     "readOut": 9,
     "queueLength": 23,
     "ckptRunning": 0
    },
    {
     "t": 12.81,
     "readTotal": 10,
     "readOut": 10,
     "queueLength": 22,
     "ckptRunning": 0
    },
    {
     "t": 13.33,
     "readTotal": 10,
     "readOut": 10,
     "queueLength": 22,
     "ckptRunning": 0
    },
    {
     "t": 13.84,
     "readTotal": 10,
     "readOut": 10,
     "queueLength": 22,
     "ckptRunning": 0
    },
    {
     "t": 14.35,
     "readTotal": 10,
     "readOut": 10,
     "queueLength": 22,
     "ckptRunning": 0
    },
    {
     "t": 14.86,
     "readTotal": 10,
     "readOut": 10,
     "queueLength": 22,
     "ckptRunning": 0
    },
    {
     "t": 15.38,
     "readTotal": 11,
     "readOut": 11,
     "queueLength": 21,
     "ckptRunning": 0
    },
    {
     "t": 15.89,
     "readTotal": 11,
     "readOut": 11,
     "queueLength": 21,
     "ckptRunning": 0
    },
    {
     "t": 16.4,
     "readTotal": 11,
     "readOut": 11,
     "queueLength": 21,
     "ckptRunning": 0
    },
    {
     "t": 16.92,
     "readTotal": 11,
     "readOut": 10,
     "queueLength": 18,
     "ckptRunning": 0
    },
    {
     "t": 17.43,
     "readTotal": 11,
     "readOut": 11,
     "queueLength": 21,
     "ckptRunning": 0
    },
    {
     "t": 17.95,
     "readTotal": 11,
     "readOut": 11,
     "queueLength": 21,
     "ckptRunning": 0
    },
    {
     "t": 18.46,
     "readTotal": 12,
     "readOut": 12,
     "queueLength": 20,
     "ckptRunning": 0
    },
    {
     "t": 18.97,
     "readTotal": 12,
     "readOut": 12,
     "queueLength": 20,
     "ckptRunning": 0
    },
    {
     "t": 19.49,
     "readTotal": 12,
     "readOut": 12,
     "queueLength": 20,
     "ckptRunning": 0
    },
    {
     "t": 20.0,
     "readTotal": 13,
     "readOut": 13,
     "queueLength": 19,
     "ckptRunning": 0
    },
    {
     "t": 20.52,
     "readTotal": 13,
     "readOut": 13,
     "queueLength": 13,
     "ckptRunning": 0
    },
    {
     "t": 21.05,
     "readTotal": 13,
     "readOut": 13,
     "queueLength": 19,
     "ckptRunning": 0
    },
    {
     "t": 21.56,
     "readTotal": 14,
     "readOut": 14,
     "queueLength": 18,
     "ckptRunning": 0
    },
    {
     "t": 22.07,
     "readTotal": 14,
     "readOut": 14,
     "queueLength": 18,
     "ckptRunning": 0
    },
    {
     "t": 22.58,
     "readTotal": 15,
     "readOut": 15,
     "queueLength": 17,
     "ckptRunning": 0
    },
    {
     "t": 23.1,
     "readTotal": 15,
     "readOut": 15,
     "queueLength": 17,
     "ckptRunning": 0
    },
    {
     "t": 23.61,
     "readTotal": 15,
     "readOut": 15,
     "queueLength": 17,
     "ckptRunning": 0
    },
    {
     "t": 24.13,
     "readTotal": 16,
     "readOut": 16,
     "queueLength": 16,
     "ckptRunning": 0
    },
    {
     "t": 24.66,
     "readTotal": 16,
     "readOut": 16,
     "queueLength": 16,
     "ckptRunning": 0
    },
    {
     "t": 25.17,
     "readTotal": 17,
     "readOut": 17,
     "queueLength": 15,
     "ckptRunning": 0
    },
    {
     "t": 25.68,
     "readTotal": 17,
     "readOut": 17,
     "queueLength": 15,
     "ckptRunning": 0
    },
    {
     "t": 26.2,
     "readTotal": 18,
     "readOut": 18,
     "queueLength": 14,
     "ckptRunning": 0
    },
    {
     "t": 26.7,
     "readTotal": 18,
     "readOut": 18,
     "queueLength": 14,
     "ckptRunning": 0
    },
    {
     "t": 27.22,
     "readTotal": 19,
     "readOut": 19,
     "queueLength": 12,
     "ckptRunning": 0
    },
    {
     "t": 27.73,
     "readTotal": 19,
     "readOut": 19,
     "queueLength": 13,
     "ckptRunning": 0
    },
    {
     "t": 28.24,
     "readTotal": 20,
     "readOut": 20,
     "queueLength": 12,
     "ckptRunning": 0
    },
    {
     "t": 28.76,
     "readTotal": 20,
     "readOut": 20,
     "queueLength": 12,
     "ckptRunning": 0
    },
    {
     "t": 29.27,
     "readTotal": 21,
     "readOut": 21,
     "queueLength": 11,
     "ckptRunning": 0
    },
    {
     "t": 29.78,
     "readTotal": 21,
     "readOut": 21,
     "queueLength": 11,
     "ckptRunning": 0
    },
    {
     "t": 30.29,
     "readTotal": 21,
     "readOut": 21,
     "queueLength": 11,
     "ckptRunning": 0
    },
    {
     "t": 30.81,
     "readTotal": 22,
     "readOut": 22,
     "queueLength": 10,
     "ckptRunning": 0
    },
    {
     "t": 31.32,
     "readTotal": 22,
     "readOut": 22,
     "queueLength": 4,
     "ckptRunning": 0
    },
    {
     "t": 31.83,
     "readTotal": 23,
     "readOut": 23,
     "queueLength": 9,
     "ckptRunning": 0
    },
    {
     "t": 32.34,
     "readTotal": 24,
     "readOut": 24,
     "queueLength": 8,
     "ckptRunning": 0
    },
    {
     "t": 32.85,
     "readTotal": 22,
     "readOut": 22,
     "queueLength": 10,
     "ckptRunning": 0
    },
    {
     "t": 33.37,
     "readTotal": 26,
     "readOut": 26,
     "queueLength": 6,
     "ckptRunning": 0
    },
    {
     "t": 33.88,
     "readTotal": 24,
     "readOut": 24,
     "queueLength": 8,
     "ckptRunning": 0
    },
    {
     "t": 34.39,
     "readTotal": 27,
     "readOut": 27,
     "queueLength": 5,
     "ckptRunning": 0
    },
    {
     "t": 34.9,
     "readTotal": 27,
     "readOut": 27,
     "queueLength": 5,
     "ckptRunning": 0
    },
    {
     "t": 35.41,
     "readTotal": 28,
     "readOut": 28,
     "queueLength": 6,
     "ckptRunning": 0
    },
    {
     "t": 35.92,
     "readTotal": 28,
     "readOut": 28,
     "queueLength": 4,
     "ckptRunning": 0
    },
    {
     "t": 36.43,
     "readTotal": 29,
     "readOut": 29,
     "queueLength": 3,
     "ckptRunning": 0
    },
    {
     "t": 36.95,
     "readTotal": 27,
     "readOut": 27,
     "queueLength": 5,
     "ckptRunning": 0
    },
    {
     "t": 37.46,
     "readTotal": 31,
     "readOut": 31,
     "queueLength": 1,
     "ckptRunning": 0
    },
    {
     "t": 37.97,
     "readTotal": 30,
     "readOut": 30,
     "queueLength": 1,
     "ckptRunning": 0
    },
    {
     "t": 38.49,
     "readTotal": 33,
     "readOut": 32,
     "queueLength": 0,
     "ckptRunning": 0
    },
    {
     "t": 39.0,
     "readTotal": 32,
     "readOut": 32,
     "queueLength": 0,
     "ckptRunning": 1
    },
    {
     "t": 39.51,
     "readTotal": 29,
     "readOut": 29,
     "queueLength": 3,
     "ckptRunning": 1
    },
    {
     "t": 40.04,
     "readTotal": 36,
     "readOut": 32,
     "queueLength": 0,
     "ckptRunning": 1
    },
    {
     "t": 40.55,
     "readTotal": 33,
     "readOut": 32,
     "queueLength": 0,
     "ckptRunning": 1
    },
    {
     "t": 41.06,
     "readTotal": 33,
     "readOut": 33,
     "queueLength": 0,
     "ckptRunning": 1
    },
    {
     "t": 41.57,
     "readTotal": 33,
     "readOut": 32,
     "queueLength": 0,
     "ckptRunning": 1
    },
    {
     "t": 42.08,
     "readTotal": 29,
     "readOut": 29,
     "queueLength": 3,
     "ckptRunning": 1
    },
    {
     "t": 42.6,
     "readTotal": 32,
     "readOut": 32,
     "queueLength": 0,
     "ckptRunning": 1
    },
    {
     "t": 43.11,
     "readTotal": 35,
     "readOut": 32,
     "queueLength": 0,
     "ckptRunning": 1
    },
    {
     "t": 43.63,
     "readTotal": 29,
     "readOut": 29,
     "queueLength": 3,
     "ckptRunning": 1
    },
    {
     "t": 44.14,
     "readTotal": 33,
     "readOut": 32,
     "queueLength": 0,
     "ckptRunning": 0
    },
    {
     "t": 44.65,
     "readTotal": 33,
     "readOut": 33,
     "queueLength": 0,
     "ckptRunning": 0
    },
    {
     "t": 45.16,
     "readTotal": 33,
     "readOut": 32,
     "queueLength": 0,
     "ckptRunning": 0
    },
    {
     "t": 45.67,
     "readTotal": 29,
     "readOut": 29,
     "queueLength": 3,
     "ckptRunning": 0
    },
    {
     "t": 46.19,
     "readTotal": 32,
     "readOut": 32,
     "queueLength": 0,
     "ckptRunning": 0
    },
    {
     "t": 46.7,
     "readTotal": 36,
     "readOut": 32,
     "queueLength": 0,
     "ckptRunning": 0
    },
    {
     "t": 47.22,
     "readTotal": 32,
     "readOut": 28,
     "queueLength": 0,
     "ckptRunning": 0
    },
    {
     "t": 47.73,
     "readTotal": 33,
     "readOut": 32,
     "queueLength": 0,
     "ckptRunning": 0
    },
    {
     "t": 48.25,
     "readTotal": 35,
     "readOut": 32,
     "queueLength": 0,
     "ckptRunning": 0
    },
    {
     "t": 48.76,
     "readTotal": 32,
     "readOut": 32,
     "queueLength": 0,
     "ckptRunning": 0
    },
    {
     "t": 49.27,
     "readTotal": 36,
     "readOut": 32,
     "queueLength": 0,
     "ckptRunning": 0
    },
    {
     "t": 49.79,
     "readTotal": 32,
     "readOut": 32,
     "queueLength": 0,
     "ckptRunning": 0
    },
    {
     "t": 50.3,
     "readTotal": 36,
     "readOut": 32,
     "queueLength": 0,
     "ckptRunning": 0
    },
    {
     "t": 50.81,
     "readTotal": 33,
     "readOut": 32,
     "queueLength": 0,
     "ckptRunning": 0
    },
    {
     "t": 51.33,
     "readTotal": 32,
     "readOut": 32,
     "queueLength": 0,
     "ckptRunning": 0
    },
    {
     "t": 51.84,
     "readTotal": 33,
     "readOut": 33,
     "queueLength": 0,
     "ckptRunning": 0
    },
    {
     "t": 52.36,
     "readTotal": 33,
     "readOut": 32,
     "queueLength": 0,
     "ckptRunning": 0
    },
    {
     "t": 52.87,
     "readTotal": 36,
     "readOut": 32,
     "queueLength": 0,
     "ckptRunning": 0
    },
    {
     "t": 53.38,
     "readTotal": 32,
     "readOut": 32,
     "queueLength": 0,
     "ckptRunning": 0
    },
    {
     "t": 53.89,
     "readTotal": 36,
     "readOut": 32,
     "queueLength": 0,
     "ckptRunning": 0
    },
    {
     "t": 54.41,
     "readTotal": 32,
     "readOut": 32,
     "queueLength": 0,
     "ckptRunning": 0
    },
    {
     "t": 54.92,
     "readTotal": 35,
     "readOut": 31,
     "queueLength": 0,
     "ckptRunning": 0
    },
    {
     "t": 55.44,
     "readTotal": 36,
     "readOut": 32,
     "queueLength": 0,
     "ckptRunning": 0
    },
    {
     "t": 55.95,
     "readTotal": 33,
     "readOut": 32,
     "queueLength": 0,
     "ckptRunning": 0
    },
    {
     "t": 56.46,
     "readTotal": 33,
     "readOut": 33,
     "queueLength": 0,
     "ckptRunning": 0
    },
    {
     "t": 56.97,
     "readTotal": 32,
     "readOut": 32,
     "queueLength": 0,
     "ckptRunning": 0
    },
    {
     "t": 57.49,
     "readTotal": 33,
     "readOut": 33,
     "queueLength": 0,
     "ckptRunning": 0
    },
    {
     "t": 58.0,
     "readTotal": 33,
     "readOut": 32,
     "queueLength": 0,
     "ckptRunning": 0
    },
    {
     "t": 58.51,
     "readTotal": 36,
     "readOut": 32,
     "queueLength": 0,
     "ckptRunning": 0
    },
    {
     "t": 59.02,
     "readTotal": 32,
     "readOut": 32,
     "queueLength": 0,
     "ckptRunning": 0
    },
    {
     "t": 59.53,
     "readTotal": 32,
     "readOut": 32,
     "queueLength": 0,
     "ckptRunning": 0
    },
    {
     "t": 60.05,
     "readTotal": 35,
     "readOut": 32,
     "queueLength": 0,
     "ckptRunning": 0
    },
    {
     "t": 60.56,
     "readTotal": 32,
     "readOut": 32,
     "queueLength": 0,
     "ckptRunning": 0
    },
    {
     "t": 61.07,
     "readTotal": 35,
     "readOut": 32,
     "queueLength": 0,
     "ckptRunning": 0
    },
    {
     "t": 61.58,
     "readTotal": 32,
     "readOut": 32,
     "queueLength": 0,
     "ckptRunning": 0
    },
    {
     "t": 62.09,
     "readTotal": 33,
     "readOut": 33,
     "queueLength": 0,
     "ckptRunning": 0
    },
    {
     "t": 62.61,
     "readTotal": 32,
     "readOut": 32,
     "queueLength": 0,
     "ckptRunning": 0
    },
    {
     "t": 63.12,
     "readTotal": 33,
     "readOut": 33,
     "queueLength": 1,
     "ckptRunning": 0
    },
    {
     "t": 63.64,
     "readTotal": 36,
     "readOut": 32,
     "queueLength": 0,
     "ckptRunning": 0
    },
    {
     "t": 64.15,
     "readTotal": 33,
     "readOut": 32,
     "queueLength": 0,
     "ckptRunning": 0
    },
    {
     "t": 64.67,
     "readTotal": 35,
     "readOut": 32,
     "queueLength": 0,
     "ckptRunning": 0
    },
    {
     "t": 65.18,
     "readTotal": 33,
     "readOut": 32,
     "queueLength": 0,
     "ckptRunning": 0
    },
    {
     "t": 65.69,
     "readTotal": 35,
     "readOut": 32,
     "queueLength": 0,
     "ckptRunning": 0
    },
    {
     "t": 66.2,
     "readTotal": 33,
     "readOut": 32,
     "queueLength": 0,
     "ckptRunning": 0
    },
    {
     "t": 66.72,
     "readTotal": 35,
     "readOut": 25,
     "queueLength": 0,
     "ckptRunning": 0
    },
    {
     "t": 67.23,
     "readTotal": 36,
     "readOut": 32,
     "queueLength": 0,
     "ckptRunning": 0
    },
    {
     "t": 67.75,
     "readTotal": 33,
     "readOut": 32,
     "queueLength": 0,
     "ckptRunning": 0
    },
    {
     "t": 68.25,
     "readTotal": 36,
     "readOut": 32,
     "queueLength": 0,
     "ckptRunning": 0
    },
    {
     "t": 68.77,
     "readTotal": 32,
     "readOut": 32,
     "queueLength": 0,
     "ckptRunning": 0
    },
    {
     "t": 69.28,
     "readTotal": 30,
     "readOut": 30,
     "queueLength": 2,
     "ckptRunning": 0
    },
    {
     "t": 69.79,
     "readTotal": 33,
     "readOut": 32,
     "queueLength": 0,
     "ckptRunning": 0
    },
    {
     "t": 70.32,
     "readTotal": 36,
     "readOut": 28,
     "queueLength": 0,
     "ckptRunning": 0
    },
    {
     "t": 70.84,
     "readTotal": 33,
     "readOut": 33,
     "queueLength": 0,
     "ckptRunning": 0
    },
    {
     "t": 71.36,
     "readTotal": 32,
     "readOut": 32,
     "queueLength": 0,
     "ckptRunning": 0
    },
    {
     "t": 71.87,
     "readTotal": 33,
     "readOut": 33,
     "queueLength": 0,
     "ckptRunning": 0
    },
    {
     "t": 72.37,
     "readTotal": 33,
     "readOut": 32,
     "queueLength": 0,
     "ckptRunning": 0
    },
    {
     "t": 72.88,
     "readTotal": 35,
     "readOut": 32,
     "queueLength": 0,
     "ckptRunning": 0
    },
    {
     "t": 73.4,
     "readTotal": 32,
     "readOut": 32,
     "queueLength": 0,
     "ckptRunning": 0
    },
    {
     "t": 73.91,
     "readTotal": 33,
     "readOut": 33,
     "queueLength": 0,
     "ckptRunning": 0
    },
    {
     "t": 74.42,
     "readTotal": 32,
     "readOut": 32,
     "queueLength": 0,
     "ckptRunning": 0
    },
    {
     "t": 74.93,
     "readTotal": 32,
     "readOut": 32,
     "queueLength": 0,
     "ckptRunning": 0
    },
    {
     "t": 75.44,
     "readTotal": 36,
     "readOut": 32,
     "queueLength": 0,
     "ckptRunning": 0
    },
    {
     "t": 75.96,
     "readTotal": 32,
     "readOut": 32,
     "queueLength": 0,
     "ckptRunning": 0
    },
    {
     "t": 76.47,
     "readTotal": 36,
     "readOut": 32,
     "queueLength": 0,
     "ckptRunning": 0
    },
    {
     "t": 76.98,
     "readTotal": 33,
     "readOut": 32,
     "queueLength": 0,
     "ckptRunning": 0
    },
    {
     "t": 77.49,
     "readTotal": 35,
     "readOut": 32,
     "queueLength": 0,
     "ckptRunning": 0
    },
    {
     "t": 78.0,
     "readTotal": 32,
     "readOut": 32,
     "queueLength": 0,
     "ckptRunning": 0
    },
    {
     "t": 78.52,
     "readTotal": 36,
     "readOut": 26,
     "queueLength": 0,
     "ckptRunning": 0
    },
    {
     "t": 79.03,
     "readTotal": 36,
     "readOut": 32,
     "queueLength": 0,
     "ckptRunning": 0
    },
    {
     "t": 79.54,
     "readTotal": 32,
     "readOut": 32,
     "queueLength": 0,
     "ckptRunning": 0
    },
    {
     "t": 80.06,
     "readTotal": 33,
     "readOut": 33,
     "queueLength": 0,
     "ckptRunning": 0
    },
    {
     "t": 80.57,
     "readTotal": 33,
     "readOut": 32,
     "queueLength": 0,
     "ckptRunning": 0
    },
    {
     "t": 81.08,
     "readTotal": 35,
     "readOut": 32,
     "queueLength": 0,
     "ckptRunning": 0
    },
    {
     "t": 81.6,
     "readTotal": 32,
     "readOut": 32,
     "queueLength": 0,
     "ckptRunning": 0
    },
    {
     "t": 82.11,
     "readTotal": 36,
     "readOut": 32,
     "queueLength": 0,
     "ckptRunning": 0
    },
    {
     "t": 82.62,
     "readTotal": 32,
     "readOut": 32,
     "queueLength": 0,
     "ckptRunning": 0
    },
    {
     "t": 83.13,
     "readTotal": 33,
     "readOut": 32,
     "queueLength": 0,
     "ckptRunning": 0
    },
    {
     "t": 83.65,
     "readTotal": 33,
     "readOut": 33,
     "queueLength": 0,
     "ckptRunning": 0
    },
    {
     "t": 84.16,
     "readTotal": 33,
     "readOut": 32,
     "queueLength": 0,
     "ckptRunning": 0
    },
    {
     "t": 84.67,
     "readTotal": 35,
     "readOut": 32,
     "queueLength": 0,
     "ckptRunning": 0
    },
    {
     "t": 85.18,
     "readTotal": 32,
     "readOut": 32,
     "queueLength": 0,
     "ckptRunning": 0
    },
    {
     "t": 85.7,
     "readTotal": 36,
     "readOut": 32,
     "queueLength": 0,
     "ckptRunning": 0
    },
    {
     "t": 86.2,
     "readTotal": 33,
     "readOut": 32,
     "queueLength": 0,
     "ckptRunning": 0
    },
    {
     "t": 86.72,
     "readTotal": 37,
     "readOut": 27,
     "queueLength": 0,
     "ckptRunning": 0
    },
    {
     "t": 87.24,
     "readTotal": 34,
     "readOut": 34,
     "queueLength": 0,
     "ckptRunning": 0
    },
    {
     "t": 87.75,
     "readTotal": 34,
     "readOut": 32,
     "queueLength": 0,
     "ckptRunning": 0
    },
    {
     "t": 88.26,
     "readTotal": 32,
     "readOut": 32,
     "queueLength": 0,
     "ckptRunning": 0
    },
    {
     "t": 88.77,
     "readTotal": 34,
     "readOut": 32,
     "queueLength": 0,
     "ckptRunning": 0
    },
    {
     "t": 89.28,
     "readTotal": 36,
     "readOut": 32,
     "queueLength": 0,
     "ckptRunning": 0
    },
    {
     "t": 89.79,
     "readTotal": 34,
     "readOut": 32,
     "queueLength": 0,
     "ckptRunning": 0
    },
    {
     "t": 90.3,
     "readTotal": 34,
     "readOut": 34,
     "queueLength": 0,
     "ckptRunning": 0
    },
    {
     "t": 90.82,
     "readTotal": 33,
     "readOut": 32,
     "queueLength": 0,
     "ckptRunning": 0
    },
    {
     "t": 91.34,
     "readTotal": 33,
     "readOut": 32,
     "queueLength": 0,
     "ckptRunning": 0
    },
    {
     "t": 91.85,
     "readTotal": 35,
     "readOut": 32,
     "queueLength": 0,
     "ckptRunning": 0
    },
    {
     "t": 92.36,
     "readTotal": 33,
     "readOut": 32,
     "queueLength": 0,
     "ckptRunning": 0
    },
    {
     "t": 92.88,
     "readTotal": 35,
     "readOut": 32,
     "queueLength": 0,
     "ckptRunning": 0
    },
    {
     "t": 93.39,
     "readTotal": 32,
     "readOut": 32,
     "queueLength": 0,
     "ckptRunning": 0
    },
    {
     "t": 93.91,
     "readTotal": 35,
     "readOut": 32,
     "queueLength": 0,
     "ckptRunning": 0
    },
    {
     "t": 94.42,
     "readTotal": 32,
     "readOut": 32,
     "queueLength": 0,
     "ckptRunning": 0
    },
    {
     "t": 94.94,
     "readTotal": 33,
     "readOut": 32,
     "queueLength": 0,
     "ckptRunning": 0
    },
    {
     "t": 95.45,
     "readTotal": 33,
     "readOut": 33,
     "queueLength": 0,
     "ckptRunning": 0
    },
    {
     "t": 95.97,
     "readTotal": 32,
     "readOut": 32,
     "queueLength": 0,
     "ckptRunning": 0
    },
    {
     "t": 96.48,
     "readTotal": 33,
     "readOut": 33,
     "queueLength": 0,
     "ckptRunning": 0
    },
    {
     "t": 96.99,
     "readTotal": 32,
     "readOut": 32,
     "queueLength": 0,
     "ckptRunning": 0
    },
    {
     "t": 97.5,
     "readTotal": 35,
     "readOut": 32,
     "queueLength": 0,
     "ckptRunning": 0
    },
    {
     "t": 98.02,
     "readTotal": 33,
     "readOut": 32,
     "queueLength": 0,
     "ckptRunning": 0
    },
    {
     "t": 98.54,
     "readTotal": 32,
     "readOut": 32,
     "queueLength": 0,
     "ckptRunning": 0
    },
    {
     "t": 99.05,
     "readTotal": 35,
     "readOut": 32,
     "queueLength": 0,
     "ckptRunning": 0
    },
    {
     "t": 99.56,
     "readTotal": 32,
     "readOut": 32,
     "queueLength": 0,
     "ckptRunning": 0
    },
    {
     "t": 100.07,
     "readTotal": 35,
     "readOut": 32,
     "queueLength": 0,
     "ckptRunning": 0
    },
    {
     "t": 100.58,
     "readTotal": 32,
     "readOut": 32,
     "queueLength": 0,
     "ckptRunning": 0
    },
    {
     "t": 101.09,
     "readTotal": 35,
     "readOut": 32,
     "queueLength": 0,
     "ckptRunning": 0
    },
    {
     "t": 101.61,
     "readTotal": 32,
     "readOut": 32,
     "queueLength": 0,
     "ckptRunning": 0
    },
    {
     "t": 102.12,
     "readTotal": 30,
     "readOut": 28,
     "queueLength": 0,
     "ckptRunning": 0
    },
    {
     "t": 102.64,
     "readTotal": 30,
     "readOut": 30,
     "queueLength": 2,
     "ckptRunning": 0
    },
    {
     "t": 103.15,
     "readTotal": 33,
     "readOut": 32,
     "queueLength": 0,
     "ckptRunning": 0
    },
    {
     "t": 103.66,
     "readTotal": 33,
     "readOut": 33,
     "queueLength": 0,
     "ckptRunning": 0
    },
    {
     "t": 104.17,
     "readTotal": 33,
     "readOut": 32,
     "queueLength": 0,
     "ckptRunning": 1
    },
    {
     "t": 104.69,
     "readTotal": 33,
     "readOut": 33,
     "queueLength": 0,
     "ckptRunning": 1
    },
    {
     "t": 105.19,
     "readTotal": 33,
     "readOut": 32,
     "queueLength": 0,
     "ckptRunning": 0
    },
    {
     "t": 105.71,
     "readTotal": 36,
     "readOut": 32,
     "queueLength": 0,
     "ckptRunning": 0
    },
    {
     "t": 106.23,
     "readTotal": 33,
     "readOut": 28,
     "queueLength": 0,
     "ckptRunning": 0
    },
    {
     "t": 106.74,
     "readTotal": 32,
     "readOut": 32,
     "queueLength": 0,
     "ckptRunning": 0
    },
    {
     "t": 107.25,
     "readTotal": 36,
     "readOut": 32,
     "queueLength": 0,
     "ckptRunning": 0
    },
    {
     "t": 107.76,
     "readTotal": 33,
     "readOut": 32,
     "queueLength": 0,
     "ckptRunning": 0
    },
    {
     "t": 108.28,
     "readTotal": 33,
     "readOut": 33,
     "queueLength": 0,
     "ckptRunning": 0
    },
    {
     "t": 108.79,
     "readTotal": 32,
     "readOut": 32,
     "queueLength": 0,
     "ckptRunning": 0
    },
    {
     "t": 109.3,
     "readTotal": 36,
     "readOut": 32,
     "queueLength": 0,
     "ckptRunning": 0
    },
    {
     "t": 109.82,
     "readTotal": 32,
     "readOut": 32,
     "queueLength": 0,
     "ckptRunning": 0
    },
    {
     "t": 110.33,
     "readTotal": 30,
     "readOut": 30,
     "queueLength": 2,
     "ckptRunning": 0
    },
    {
     "t": 110.84,
     "readTotal": 36,
     "readOut": 32,
     "queueLength": 0,
     "ckptRunning": 0
    },
    {
     "t": 111.35,
     "readTotal": 33,
     "readOut": 32,
     "queueLength": 0,
     "ckptRunning": 0
    },
    {
     "t": 111.86,
     "readTotal": 36,
     "readOut": 32,
     "queueLength": 0,
     "ckptRunning": 0
    },
    {
     "t": 112.38,
     "readTotal": 32,
     "readOut": 32,
     "queueLength": 0,
     "ckptRunning": 0
    },
    {
     "t": 112.89,
     "readTotal": 36,
     "readOut": 32,
     "queueLength": 0,
     "ckptRunning": 0
    },
    {
     "t": 113.4,
     "readTotal": 32,
     "readOut": 32,
     "queueLength": 0,
     "ckptRunning": 0
    },
    {
     "t": 113.92,
     "readTotal": 30,
     "readOut": 25,
     "queueLength": 0,
     "ckptRunning": 0
    },
    {
     "t": 114.43,
     "readTotal": 32,
     "readOut": 32,
     "queueLength": 0,
     "ckptRunning": 0
    },
    {
     "t": 114.94,
     "readTotal": 33,
     "readOut": 32,
     "queueLength": 0,
     "ckptRunning": 0
    },
    {
     "t": 115.46,
     "readTotal": 33,
     "readOut": 33,
     "queueLength": 0,
     "ckptRunning": 0
    },
    {
     "t": 115.97,
     "readTotal": 32,
     "readOut": 32,
     "queueLength": 0,
     "ckptRunning": 0
    },
    {
     "t": 116.48,
     "readTotal": 35,
     "readOut": 32,
     "queueLength": 0,
     "ckptRunning": 0
    },
    {
     "t": 117.0,
     "readTotal": 33,
     "readOut": 32,
     "queueLength": 0,
     "ckptRunning": 0
    },
    {
     "t": 117.51,
     "readTotal": 36,
     "readOut": 32,
     "queueLength": 0,
     "ckptRunning": 0
    },
    {
     "t": 118.02,
     "readTotal": 33,
     "readOut": 32,
     "queueLength": 0,
     "ckptRunning": 0
    },
    {
     "t": 118.53,
     "readTotal": 32,
     "readOut": 32,
     "queueLength": 0,
     "ckptRunning": 0
    },
    {
     "t": 119.05,
     "readTotal": 36,
     "readOut": 32,
     "queueLength": 0,
     "ckptRunning": 0
    },
    {
     "t": 119.55,
     "readTotal": 32,
     "readOut": 32,
     "queueLength": 0,
     "ckptRunning": 0
    },
    {
     "t": 120.06,
     "readTotal": 36,
     "readOut": 32,
     "queueLength": 0,
     "ckptRunning": 0
    },
    {
     "t": 120.57,
     "readTotal": 33,
     "readOut": 32,
     "queueLength": 0,
     "ckptRunning": 0
    },
    {
     "t": 121.09,
     "readTotal": 35,
     "readOut": 32,
     "queueLength": 0,
     "ckptRunning": 0
    },
    {
     "t": 121.6,
     "readTotal": 33,
     "readOut": 32,
     "queueLength": 0,
     "ckptRunning": 0
    },
    {
     "t": 122.11,
     "readTotal": 34,
     "readOut": 34,
     "queueLength": 0,
     "ckptRunning": 0
    },
    {
     "t": 122.63,
     "readTotal": 34,
     "readOut": 32,
     "queueLength": 0,
     "ckptRunning": 0
    },
    {
     "t": 123.14,
     "readTotal": 34,
     "readOut": 32,
     "queueLength": 0,
     "ckptRunning": 0
    },
    {
     "t": 123.66,
     "readTotal": 34,
     "readOut": 34,
     "queueLength": 0,
     "ckptRunning": 0
    },
    {
     "t": 124.17,
     "readTotal": 34,
     "readOut": 32,
     "queueLength": 0,
     "ckptRunning": 0
    },
    {
     "t": 124.68,
     "readTotal": 36,
     "readOut": 32,
     "queueLength": 0,
     "ckptRunning": 0
    },
    {
     "t": 125.19,
     "readTotal": 33,
     "readOut": 32,
     "queueLength": 0,
     "ckptRunning": 0
    },
    {
     "t": 125.71,
     "readTotal": 35,
     "readOut": 32,
     "queueLength": 0,
     "ckptRunning": 0
    },
    {
     "t": 126.22,
     "readTotal": 32,
     "readOut": 29,
     "queueLength": 0,
     "ckptRunning": 0
    },
    {
     "t": 126.74,
     "readTotal": 32,
     "readOut": 32,
     "queueLength": 0,
     "ckptRunning": 0
    },
    {
     "t": 127.25,
     "readTotal": 33,
     "readOut": 33,
     "queueLength": 0,
     "ckptRunning": 0
    },
    {
     "t": 127.77,
     "readTotal": 33,
     "readOut": 32,
     "queueLength": 0,
     "ckptRunning": 0
    },
    {
     "t": 128.28,
     "readTotal": 36,
     "readOut": 32,
     "queueLength": 0,
     "ckptRunning": 0
    },
    {
     "t": 128.79,
     "readTotal": 32,
     "readOut": 32,
     "queueLength": 0,
     "ckptRunning": 0
    },
    {
     "t": 129.3,
     "readTotal": 35,
     "readOut": 32,
     "queueLength": 0,
     "ckptRunning": 0
    },
    {
     "t": 129.82,
     "readTotal": 33,
     "readOut": 28,
     "queueLength": 0,
     "ckptRunning": 0
    },
    {
     "t": 130.33,
     "readTotal": 35,
     "readOut": 32,
     "queueLength": 0,
     "ckptRunning": 0
    },
    {
     "t": 130.84,
     "readTotal": 35,
     "readOut": 32,
     "queueLength": 0,
     "ckptRunning": 0
    },
    {
     "t": 131.36,
     "readTotal": 33,
     "readOut": 32,
     "queueLength": 0,
     "ckptRunning": 0
    },
    {
     "t": 131.87,
     "readTotal": 35,
     "readOut": 32,
     "queueLength": 0,
     "ckptRunning": 0
    },
    {
     "t": 132.38,
     "readTotal": 33,
     "readOut": 32,
     "queueLength": 0,
     "ckptRunning": 0
    },
    {
     "t": 132.9,
     "readTotal": 33,
     "readOut": 33,
     "queueLength": 0,
     "ckptRunning": 0
    },
    {
     "t": 133.41,
     "readTotal": 32,
     "readOut": 32,
     "queueLength": 0,
     "ckptRunning": 0
    },
    {
     "t": 133.93,
     "readTotal": 36,
     "readOut": 32,
     "queueLength": 0,
     "ckptRunning": 0
    },
    {
     "t": 134.44,
     "readTotal": 36,
     "readOut": 32,
     "queueLength": 0,
     "ckptRunning": 0
    },
    {
     "t": 134.96,
     "readTotal": 33,
     "readOut": 32,
     "queueLength": 0,
     "ckptRunning": 0
    },
    {
     "t": 135.47,
     "readTotal": 35,
     "readOut": 32,
     "queueLength": 0,
     "ckptRunning": 0
    },
    {
     "t": 135.98,
     "readTotal": 32,
     "readOut": 32,
     "queueLength": 0,
     "ckptRunning": 0
    },
    {
     "t": 136.5,
     "readTotal": 36,
     "readOut": 32,
     "queueLength": 0,
     "ckptRunning": 0
    },
    {
     "t": 137.01,
     "readTotal": 33,
     "readOut": 32,
     "queueLength": 0,
     "ckptRunning": 0
    },
    {
     "t": 137.52,
     "readTotal": 36,
     "readOut": 32,
     "queueLength": 0,
     "ckptRunning": 0
    },
    {
     "t": 138.03,
     "readTotal": 33,
     "readOut": 32,
     "queueLength": 0,
     "ckptRunning": 0
    },
    {
     "t": 138.56,
     "readTotal": 32,
     "readOut": 32,
     "queueLength": 0,
     "ckptRunning": 0
    },
    {
     "t": 139.07,
     "readTotal": 36,
     "readOut": 32,
     "queueLength": 0,
     "ckptRunning": 0
    },
    {
     "t": 139.59,
     "readTotal": 33,
     "readOut": 32,
     "queueLength": 0,
     "ckptRunning": 0
    },
    {
     "t": 140.1,
     "readTotal": 33,
     "readOut": 33,
     "queueLength": 0,
     "ckptRunning": 0
    },
    {
     "t": 140.61,
     "readTotal": 33,
     "readOut": 32,
     "queueLength": 0,
     "ckptRunning": 0
    },
    {
     "t": 141.13,
     "readTotal": 35,
     "readOut": 32,
     "queueLength": 0,
     "ckptRunning": 0
    },
    {
     "t": 141.65,
     "readTotal": 33,
     "readOut": 33,
     "queueLength": 0,
     "ckptRunning": 0
    },
    {
     "t": 142.16,
     "readTotal": 32,
     "readOut": 32,
     "queueLength": 0,
     "ckptRunning": 0
    },
    {
     "t": 142.67,
     "readTotal": 36,
     "readOut": 32,
     "queueLength": 0,
     "ckptRunning": 0
    },
    {
     "t": 143.18,
     "readTotal": 33,
     "readOut": 32,
     "queueLength": 0,
     "ckptRunning": 0
    },
    {
     "t": 143.7,
     "readTotal": 33,
     "readOut": 33,
     "queueLength": 0,
     "ckptRunning": 0
    },
    {
     "t": 144.21,
     "readTotal": 33,
     "readOut": 32,
     "queueLength": 0,
     "ckptRunning": 0
    },
    {
     "t": 144.72,
     "readTotal": 36,
     "readOut": 32,
     "queueLength": 0,
     "ckptRunning": 0
    },
    {
     "t": 145.24,
     "readTotal": 33,
     "readOut": 33,
     "queueLength": 0,
     "ckptRunning": 0
    },
    {
     "t": 145.74,
     "readTotal": 33,
     "readOut": 32,
     "queueLength": 0,
     "ckptRunning": 0
    },
    {
     "t": 146.26,
     "readTotal": 33,
     "readOut": 33,
     "queueLength": 0,
     "ckptRunning": 0
    },
    {
     "t": 146.77,
     "readTotal": 32,
     "readOut": 32,
     "queueLength": 0,
     "ckptRunning": 0
    },
    {
     "t": 147.28,
     "readTotal": 36,
     "readOut": 32,
     "queueLength": 0,
     "ckptRunning": 0
    },
    {
     "t": 147.8,
     "readTotal": 33,
     "readOut": 32,
     "queueLength": 0,
     "ckptRunning": 0
    },
    {
     "t": 148.31,
     "readTotal": 36,
     "readOut": 32,
     "queueLength": 0,
     "ckptRunning": 0
    },
    {
     "t": 148.83,
     "readTotal": 33,
     "readOut": 31,
     "queueLength": 0,
     "ckptRunning": 0
    },
    {
     "t": 149.34,
     "readTotal": 32,
     "readOut": 32,
     "queueLength": 0,
     "ckptRunning": 0
    },
    {
     "t": 149.85,
     "readTotal": 33,
     "readOut": 33,
     "queueLength": 0,
     "ckptRunning": 0
    },
    {
     "t": 150.37,
     "readTotal": 33,
     "readOut": 32,
     "queueLength": 0,
     "ckptRunning": 0
    },
    {
     "t": 150.88,
     "readTotal": 37,
     "readOut": 32,
     "queueLength": 0,
     "ckptRunning": 0
    },
    {
     "t": 151.39,
     "readTotal": 34,
     "readOut": 32,
     "queueLength": 0,
     "ckptRunning": 0
    },
    {
     "t": 151.91,
     "readTotal": 33,
     "readOut": 33,
     "queueLength": 0,
     "ckptRunning": 0
    },
    {
     "t": 152.42,
     "readTotal": 32,
     "readOut": 27,
     "queueLength": 0,
     "ckptRunning": 0
    },
    {
     "t": 152.94,
     "readTotal": 33,
     "readOut": 32,
     "queueLength": 0,
     "ckptRunning": 0
    },
    {
     "t": 153.45,
     "readTotal": 30,
     "readOut": 30,
     "queueLength": 2,
     "ckptRunning": 0
    },
    {
     "t": 153.96,
     "readTotal": 32,
     "readOut": 32,
     "queueLength": 0,
     "ckptRunning": 0
    },
    {
     "t": 154.47,
     "readTotal": 36,
     "readOut": 32,
     "queueLength": 0,
     "ckptRunning": 0
    },
    {
     "t": 154.99,
     "readTotal": 33,
     "readOut": 32,
     "queueLength": 0,
     "ckptRunning": 0
    },
    {
     "t": 155.5,
     "readTotal": 33,
     "readOut": 33,
     "queueLength": 0,
     "ckptRunning": 0
    },
    {
     "t": 156.02,
     "readTotal": 32,
     "readOut": 31,
     "queueLength": 0,
     "ckptRunning": 0
    },
    {
     "t": 156.53,
     "readTotal": 36,
     "readOut": 26,
     "queueLength": 0,
     "ckptRunning": 0
    },
    {
     "t": 157.04,
     "readTotal": 35,
     "readOut": 32,
     "queueLength": 0,
     "ckptRunning": 0
    },
    {
     "t": 157.55,
     "readTotal": 33,
     "readOut": 32,
     "queueLength": 0,
     "ckptRunning": 0
    },
    {
     "t": 158.07,
     "readTotal": 37,
     "readOut": 32,
     "queueLength": 0,
     "ckptRunning": 0
    },
    {
     "t": 158.58,
     "readTotal": 34,
     "readOut": 32,
     "queueLength": 0,
     "ckptRunning": 0
    },
    {
     "t": 159.09,
     "readTotal": 33,
     "readOut": 33,
     "queueLength": 0,
     "ckptRunning": 0
    },
    {
     "t": 159.6,
     "readTotal": 32,
     "readOut": 32,
     "queueLength": 0,
     "ckptRunning": 0
    },
    {
     "t": 160.11,
     "readTotal": 36,
     "readOut": 32,
     "queueLength": 0,
     "ckptRunning": 0
    },
    {
     "t": 160.63,
     "readTotal": 33,
     "readOut": 32,
     "queueLength": 0,
     "ckptRunning": 0
    },
    {
     "t": 161.15,
     "readTotal": 32,
     "readOut": 32,
     "queueLength": 0,
     "ckptRunning": 0
    },
    {
     "t": 161.67,
     "readTotal": 35,
     "readOut": 32,
     "queueLength": 0,
     "ckptRunning": 0
    },
    {
     "t": 162.18,
     "readTotal": 33,
     "readOut": 32,
     "queueLength": 0,
     "ckptRunning": 0
    },
    {
     "t": 162.7,
     "readTotal": 33,
     "readOut": 33,
     "queueLength": 0,
     "ckptRunning": 0
    },
    {
     "t": 163.21,
     "readTotal": 32,
     "readOut": 32,
     "queueLength": 0,
     "ckptRunning": 0
    },
    {
     "t": 163.73,
     "readTotal": 35,
     "readOut": 32,
     "queueLength": 0,
     "ckptRunning": 0
    },
    {
     "t": 164.24,
     "readTotal": 35,
     "readOut": 32,
     "queueLength": 0,
     "ckptRunning": 0
    },
    {
     "t": 164.75,
     "readTotal": 33,
     "readOut": 32,
     "queueLength": 0,
     "ckptRunning": 0
    },
    {
     "t": 165.27,
     "readTotal": 36,
     "readOut": 32,
     "queueLength": 0,
     "ckptRunning": 1
    },
    {
     "t": 165.78,
     "readTotal": 32,
     "readOut": 32,
     "queueLength": 0,
     "ckptRunning": 1
    },
    {
     "t": 166.29,
     "readTotal": 36,
     "readOut": 32,
     "queueLength": 0,
     "ckptRunning": 0
    },
    {
     "t": 166.8,
     "readTotal": 32,
     "readOut": 32,
     "queueLength": 0,
     "ckptRunning": 0
    },
    {
     "t": 167.32,
     "readTotal": 36,
     "readOut": 32,
     "queueLength": 0,
     "ckptRunning": 0
    },
    {
     "t": 167.84,
     "readTotal": 33,
     "readOut": 33,
     "queueLength": 0,
     "ckptRunning": 0
    },
    {
     "t": 168.35,
     "readTotal": 32,
     "readOut": 32,
     "queueLength": 0,
     "ckptRunning": 0
    },
    {
     "t": 168.86,
     "readTotal": 35,
     "readOut": 32,
     "queueLength": 0,
     "ckptRunning": 0
    },
    {
     "t": 169.38,
     "readTotal": 33,
     "readOut": 32,
     "queueLength": 0,
     "ckptRunning": 0
    },
    {
     "t": 169.89,
     "readTotal": 33,
     "readOut": 33,
     "queueLength": 0,
     "ckptRunning": 0
    },
    {
     "t": 170.4,
     "readTotal": 33,
     "readOut": 32,
     "queueLength": 0,
     "ckptRunning": 0
    },
    {
     "t": 170.91,
     "readTotal": 36,
     "readOut": 32,
     "queueLength": 0,
     "ckptRunning": 0
    },
    {
     "t": 171.43,
     "readTotal": 33,
     "readOut": 32,
     "queueLength": 0,
     "ckptRunning": 0
    },
    {
     "t": 171.94,
     "readTotal": 33,
     "readOut": 32,
     "queueLength": 0,
     "ckptRunning": 0
    },
    {
     "t": 172.45,
     "readTotal": 35,
     "readOut": 32,
     "queueLength": 0,
     "ckptRunning": 0
    },
    {
     "t": 172.97,
     "readTotal": 33,
     "readOut": 32,
     "queueLength": 0,
     "ckptRunning": 0
    },
    {
     "t": 173.48,
     "readTotal": 33,
     "readOut": 33,
     "queueLength": 0,
     "ckptRunning": 0
    },
    {
     "t": 173.99,
     "readTotal": 32,
     "readOut": 32,
     "queueLength": 0,
     "ckptRunning": 0
    },
    {
     "t": 174.5,
     "readTotal": 33,
     "readOut": 33,
     "queueLength": 0,
     "ckptRunning": 0
    },
    {
     "t": 175.02,
     "readTotal": 33,
     "readOut": 26,
     "queueLength": 0,
     "ckptRunning": 0
    },
    {
     "t": 175.53,
     "readTotal": 33,
     "readOut": 32,
     "queueLength": 0,
     "ckptRunning": 0
    },
    {
     "t": 176.04,
     "readTotal": 33,
     "readOut": 33,
     "queueLength": 0,
     "ckptRunning": 0
    },
    {
     "t": 176.55,
     "readTotal": 32,
     "readOut": 32,
     "queueLength": 0,
     "ckptRunning": 0
    },
    {
     "t": 177.06,
     "readTotal": 36,
     "readOut": 32,
     "queueLength": 0,
     "ckptRunning": 0
    },
    {
     "t": 177.58,
     "readTotal": 33,
     "readOut": 32,
     "queueLength": 0,
     "ckptRunning": 0
    },
    {
     "t": 178.09,
     "readTotal": 35,
     "readOut": 32,
     "queueLength": 0,
     "ckptRunning": 0
    },
    {
     "t": 178.6,
     "readTotal": 33,
     "readOut": 32,
     "queueLength": 0,
     "ckptRunning": 0
    },
    {
     "t": 179.12,
     "readTotal": 33,
     "readOut": 33,
     "queueLength": 0,
     "ckptRunning": 0
    },
    {
     "t": 179.64,
     "readTotal": 35,
     "readOut": 32,
     "queueLength": 0,
     "ckptRunning": 0
    },
    {
     "t": 180.15,
     "readTotal": 33,
     "readOut": 32,
     "queueLength": 0,
     "ckptRunning": 0
    },
    {
     "t": 180.66,
     "readTotal": 33,
     "readOut": 33,
     "queueLength": 0,
     "ckptRunning": 0
    },
    {
     "t": 181.17,
     "readTotal": 33,
     "readOut": 32,
     "queueLength": 0,
     "ckptRunning": 0
    },
    {
     "t": 181.69,
     "readTotal": 36,
     "readOut": 32,
     "queueLength": 0,
     "ckptRunning": 0
    },
    {
     "t": 182.2,
     "readTotal": 33,
     "readOut": 32,
     "queueLength": 0,
     "ckptRunning": 0
    },
    {
     "t": 182.71,
     "readTotal": 35,
     "readOut": 32,
     "queueLength": 0,
     "ckptRunning": 0
    },
    {
     "t": 183.22,
     "readTotal": 32,
     "readOut": 28,
     "queueLength": 0,
     "ckptRunning": 0
    },
    {
     "t": 183.75,
     "readTotal": 33,
     "readOut": 32,
     "queueLength": 0,
     "ckptRunning": 0
    },
    {
     "t": 184.26,
     "readTotal": 33,
     "readOut": 33,
     "queueLength": 0,
     "ckptRunning": 0
    },
    {
     "t": 184.77,
     "readTotal": 32,
     "readOut": 32,
     "queueLength": 0,
     "ckptRunning": 0
    },
    {
     "t": 185.28,
     "readTotal": 36,
     "readOut": 32,
     "queueLength": 0,
     "ckptRunning": 0
    },
    {
     "t": 185.79,
     "readTotal": 33,
     "readOut": 32,
     "queueLength": 0,
     "ckptRunning": 0
    },
    {
     "t": 186.3,
     "readTotal": 35,
     "readOut": 32,
     "queueLength": 0,
     "ckptRunning": 0
    },
    {
     "t": 186.81,
     "readTotal": 33,
     "readOut": 32,
     "queueLength": 0,
     "ckptRunning": 0
    },
    {
     "t": 187.33,
     "readTotal": 35,
     "readOut": 32,
     "queueLength": 0,
     "ckptRunning": 0
    },
    {
     "t": 187.84,
     "readTotal": 36,
     "readOut": 32,
     "queueLength": 0,
     "ckptRunning": 0
    },
    {
     "t": 188.36,
     "readTotal": 33,
     "readOut": 32,
     "queueLength": 0,
     "ckptRunning": 0
    },
    {
     "t": 188.87,
     "readTotal": 35,
     "readOut": 32,
     "queueLength": 0,
     "ckptRunning": 0
    },
    {
     "t": 189.38,
     "readTotal": 32,
     "readOut": 32,
     "queueLength": 0,
     "ckptRunning": 0
    },
    {
     "t": 189.89,
     "readTotal": 36,
     "readOut": 32,
     "queueLength": 0,
     "ckptRunning": 0
    },
    {
     "t": 190.41,
     "readTotal": 33,
     "readOut": 32,
     "queueLength": 0,
     "ckptRunning": 0
    },
    {
     "t": 190.91,
     "readTotal": 34,
     "readOut": 34,
     "queueLength": 0,
     "ckptRunning": 0
    },
    {
     "t": 191.43,
     "readTotal": 33,
     "readOut": 32,
     "queueLength": 0,
     "ckptRunning": 0
    },
    {
     "t": 191.94,
     "readTotal": 33,
     "readOut": 32,
     "queueLength": 0,
     "ckptRunning": 0
    },
    {
     "t": 192.45,
     "readTotal": 33,
     "readOut": 33,
     "queueLength": 0,
     "ckptRunning": 0
    },
    {
     "t": 192.97,
     "readTotal": 33,
     "readOut": 32,
     "queueLength": 0,
     "ckptRunning": 0
    },
    {
     "t": 193.48,
     "readTotal": 36,
     "readOut": 32,
     "queueLength": 0,
     "ckptRunning": 0
    },
    {
     "t": 194.0,
     "readTotal": 32,
     "readOut": 32,
     "queueLength": 0,
     "ckptRunning": 0
    },
    {
     "t": 194.51,
     "readTotal": 35,
     "readOut": 32,
     "queueLength": 0,
     "ckptRunning": 0
    },
    {
     "t": 195.03,
     "readTotal": 32,
     "readOut": 32,
     "queueLength": 0,
     "ckptRunning": 0
    },
    {
     "t": 195.54,
     "readTotal": 34,
     "readOut": 32,
     "queueLength": 0,
     "ckptRunning": 0
    },
    {
     "t": 196.05,
     "readTotal": 34,
     "readOut": 34,
     "queueLength": 0,
     "ckptRunning": 0
    },
    {
     "t": 196.57,
     "readTotal": 33,
     "readOut": 32,
     "queueLength": 0,
     "ckptRunning": 0
    },
    {
     "t": 197.08,
     "readTotal": 36,
     "readOut": 32,
     "queueLength": 0,
     "ckptRunning": 0
    },
    {
     "t": 197.59,
     "readTotal": 32,
     "readOut": 32,
     "queueLength": 0,
     "ckptRunning": 0
    },
    {
     "t": 198.1,
     "readTotal": 35,
     "readOut": 32,
     "queueLength": 0,
     "ckptRunning": 0
    },
    {
     "t": 198.62,
     "readTotal": 32,
     "readOut": 32,
     "queueLength": 0,
     "ckptRunning": 0
    },
    {
     "t": 199.13,
     "readTotal": 35,
     "readOut": 32,
     "queueLength": 0,
     "ckptRunning": 0
    },
    {
     "t": 199.64,
     "readTotal": 33,
     "readOut": 33,
     "queueLength": 0,
     "ckptRunning": 0
    },
    {
     "t": 200.16,
     "readTotal": 33,
     "readOut": 32,
     "queueLength": 0,
     "ckptRunning": 0
    },
    {
     "t": 200.67,
     "readTotal": 36,
     "readOut": 32,
     "queueLength": 0,
     "ckptRunning": 0
    },
    {
     "t": 201.18,
     "readTotal": 33,
     "readOut": 32,
     "queueLength": 0,
     "ckptRunning": 0
    },
    {
     "t": 201.69,
     "readTotal": 33,
     "readOut": 33,
     "queueLength": 0,
     "ckptRunning": 0
    },
    {
     "t": 202.21,
     "readTotal": 33,
     "readOut": 32,
     "queueLength": 0,
     "ckptRunning": 0
    },
    {
     "t": 202.73,
     "readTotal": 36,
     "readOut": 27,
     "queueLength": 0,
     "ckptRunning": 0
    },
    {
     "t": 203.24,
     "readTotal": 33,
     "readOut": 33,
     "queueLength": 0,
     "ckptRunning": 0
    },
    {
     "t": 203.76,
     "readTotal": 33,
     "readOut": 32,
     "queueLength": 0,
     "ckptRunning": 0
    },
    {
     "t": 204.27,
     "readTotal": 33,
     "readOut": 33,
     "queueLength": 0,
     "ckptRunning": 0
    },
    {
     "t": 204.78,
     "readTotal": 33,
     "readOut": 32,
     "queueLength": 0,
     "ckptRunning": 0
    },
    {
     "t": 205.3,
     "readTotal": 37,
     "readOut": 32,
     "queueLength": 0,
     "ckptRunning": 0
    },
    {
     "t": 205.81,
     "readTotal": 33,
     "readOut": 29,
     "queueLength": 0,
     "ckptRunning": 0
    },
    {
     "t": 206.33,
     "readTotal": 31,
     "readOut": 31,
     "queueLength": 1,
     "ckptRunning": 0
    },
    {
     "t": 206.85,
     "readTotal": 37,
     "readOut": 32,
     "queueLength": 0,
     "ckptRunning": 0
    },
    {
     "t": 207.36,
     "readTotal": 33,
     "readOut": 32,
     "queueLength": 0,
     "ckptRunning": 0
    },
    {
     "t": 207.87,
     "readTotal": 33,
     "readOut": 33,
     "queueLength": 0,
     "ckptRunning": 0
    },
    {
     "t": 208.39,
     "readTotal": 32,
     "readOut": 32,
     "queueLength": 0,
     "ckptRunning": 0
    },
    {
     "t": 208.9,
     "readTotal": 35,
     "readOut": 32,
     "queueLength": 0,
     "ckptRunning": 0
    },
    {
     "t": 209.41,
     "readTotal": 33,
     "readOut": 32,
     "queueLength": 0,
     "ckptRunning": 0
    },
    {
     "t": 209.93,
     "readTotal": 37,
     "readOut": 32,
     "queueLength": 0,
     "ckptRunning": 0
    },
    {
     "t": 210.44,
     "readTotal": 33,
     "readOut": 33,
     "queueLength": 0,
     "ckptRunning": 0
    },
    {
     "t": 210.95,
     "readTotal": 33,
     "readOut": 32,
     "queueLength": 0,
     "ckptRunning": 0
    },
    {
     "t": 211.47,
     "readTotal": 36,
     "readOut": 32,
     "queueLength": 0,
     "ckptRunning": 0
    },
    {
     "t": 211.98,
     "readTotal": 33,
     "readOut": 32,
     "queueLength": 0,
     "ckptRunning": 0
    },
    {
     "t": 212.49,
     "readTotal": 35,
     "readOut": 32,
     "queueLength": 0,
     "ckptRunning": 0
    },
    {
     "t": 213.01,
     "readTotal": 32,
     "readOut": 32,
     "queueLength": 0,
     "ckptRunning": 0
    },
    {
     "t": 213.52,
     "readTotal": 35,
     "readOut": 27,
     "queueLength": 0,
     "ckptRunning": 0
    },
    {
     "t": 214.04,
     "readTotal": 33,
     "readOut": 33,
     "queueLength": 0,
     "ckptRunning": 0
    },
    {
     "t": 214.54,
     "readTotal": 33,
     "readOut": 32,
     "queueLength": 0,
     "ckptRunning": 0
    },
    {
     "t": 215.06,
     "readTotal": 33,
     "readOut": 33,
     "queueLength": 1,
     "ckptRunning": 0
    },
    {
     "t": 215.57,
     "readTotal": 33,
     "readOut": 32,
     "queueLength": 0,
     "ckptRunning": 0
    },
    {
     "t": 216.09,
     "readTotal": 35,
     "readOut": 32,
     "queueLength": 0,
     "ckptRunning": 0
    },
    {
     "t": 216.6,
     "readTotal": 33,
     "readOut": 32,
     "queueLength": 0,
     "ckptRunning": 0
    },
    {
     "t": 217.12,
     "readTotal": 35,
     "readOut": 31,
     "queueLength": 0,
     "ckptRunning": 0
    },
    {
     "t": 217.64,
     "readTotal": 36,
     "readOut": 32,
     "queueLength": 0,
     "ckptRunning": 0
    },
    {
     "t": 218.15,
     "readTotal": 33,
     "readOut": 31,
     "queueLength": 0,
     "ckptRunning": 0
    },
    {
     "t": 218.66,
     "readTotal": 33,
     "readOut": 33,
     "queueLength": 0,
     "ckptRunning": 0
    },
    {
     "t": 219.17,
     "readTotal": 32,
     "readOut": 32,
     "queueLength": 0,
     "ckptRunning": 0
    },
    {
     "t": 219.68,
     "readTotal": 35,
     "readOut": 32,
     "queueLength": 0,
     "ckptRunning": 0
    },
    {
     "t": 220.2,
     "readTotal": 33,
     "readOut": 32,
     "queueLength": 0,
     "ckptRunning": 0
    },
    {
     "t": 220.71,
     "readTotal": 33,
     "readOut": 33,
     "queueLength": 0,
     "ckptRunning": 0
    },
    {
     "t": 221.22,
     "readTotal": 32,
     "readOut": 27,
     "queueLength": 0,
     "ckptRunning": 0
    },
    {
     "t": 221.74,
     "readTotal": 33,
     "readOut": 32,
     "queueLength": 0,
     "ckptRunning": 0
    },
    {
     "t": 222.25,
     "readTotal": 36,
     "readOut": 32,
     "queueLength": 0,
     "ckptRunning": 0
    },
    {
     "t": 222.77,
     "readTotal": 32,
     "readOut": 32,
     "queueLength": 0,
     "ckptRunning": 0
    },
    {
     "t": 223.28,
     "readTotal": 36,
     "readOut": 32,
     "queueLength": 0,
     "ckptRunning": 0
    },
    {
     "t": 223.79,
     "readTotal": 33,
     "readOut": 32,
     "queueLength": 0,
     "ckptRunning": 0
    },
    {
     "t": 224.3,
     "readTotal": 33,
     "readOut": 33,
     "queueLength": 0,
     "ckptRunning": 0
    },
    {
     "t": 224.81,
     "readTotal": 33,
     "readOut": 26,
     "queueLength": 0,
     "ckptRunning": 0
    },
    {
     "t": 225.33,
     "readTotal": 35,
     "readOut": 32,
     "queueLength": 0,
     "ckptRunning": 0
    },
    {
     "t": 225.85,
     "readTotal": 36,
     "readOut": 32,
     "queueLength": 0,
     "ckptRunning": 0
    },
    {
     "t": 226.36,
     "readTotal": 33,
     "readOut": 32,
     "queueLength": 0,
     "ckptRunning": 1
    },
    {
     "t": 226.87,
     "readTotal": 33,
     "readOut": 33,
     "queueLength": 0,
     "ckptRunning": 1
    },
    {
     "t": 227.38,
     "readTotal": 33,
     "readOut": 32,
     "queueLength": 0,
     "ckptRunning": 0
    },
    {
     "t": 227.9,
     "readTotal": 35,
     "readOut": 32,
     "queueLength": 0,
     "ckptRunning": 0
    },
    {
     "t": 228.42,
     "readTotal": 32,
     "readOut": 29,
     "queueLength": 0,
     "ckptRunning": 0
    },
    {
     "t": 228.93,
     "readTotal": 36,
     "readOut": 32,
     "queueLength": 0,
     "ckptRunning": 0
    },
    {
     "t": 229.46,
     "readTotal": 36,
     "readOut": 32,
     "queueLength": 0,
     "ckptRunning": 0
    },
    {
     "t": 229.97,
     "readTotal": 32,
     "readOut": 32,
     "queueLength": 0,
     "ckptRunning": 0
    },
    {
     "t": 230.49,
     "readTotal": 36,
     "readOut": 32,
     "queueLength": 0,
     "ckptRunning": 0
    },
    {
     "t": 231.0,
     "readTotal": 33,
     "readOut": 32,
     "queueLength": 0,
     "ckptRunning": 0
    },
    {
     "t": 231.52,
     "readTotal": 33,
     "readOut": 33,
     "queueLength": 0,
     "ckptRunning": 0
    },
    {
     "t": 232.03,
     "readTotal": 32,
     "readOut": 32,
     "queueLength": 0,
     "ckptRunning": 0
    },
    {
     "t": 232.55,
     "readTotal": 32,
     "readOut": 32,
     "queueLength": 0,
     "ckptRunning": 0
    },
    {
     "t": 233.06,
     "readTotal": 33,
     "readOut": 33,
     "queueLength": 0,
     "ckptRunning": 0
    },
    {
     "t": 233.57,
     "readTotal": 32,
     "readOut": 32,
     "queueLength": 0,
     "ckptRunning": 0
    },
    {
     "t": 234.09,
     "readTotal": 35,
     "readOut": 32,
     "queueLength": 0,
     "ckptRunning": 0
    },
    {
     "t": 234.6,
     "readTotal": 32,
     "readOut": 32,
     "queueLength": 0,
     "ckptRunning": 0
    },
    {
     "t": 235.11,
     "readTotal": 36,
     "readOut": 32,
     "queueLength": 0,
     "ckptRunning": 0
    },
    {
     "t": 235.63,
     "readTotal": 32,
     "readOut": 32,
     "queueLength": 0,
     "ckptRunning": 0
    },
    {
     "t": 236.14,
     "readTotal": 33,
     "readOut": 32,
     "queueLength": 0,
     "ckptRunning": 0
    },
    {
     "t": 236.65,
     "readTotal": 33,
     "readOut": 33,
     "queueLength": 0,
     "ckptRunning": 0
    },
    {
     "t": 237.16,
     "readTotal": 33,
     "readOut": 32,
     "queueLength": 0,
     "ckptRunning": 0
    },
    {
     "t": 237.67,
     "readTotal": 35,
     "readOut": 32,
     "queueLength": 0,
     "ckptRunning": 0
    },
    {
     "t": 238.19,
     "readTotal": 32,
     "readOut": 32,
     "queueLength": 0,
     "ckptRunning": 0
    },
    {
     "t": 238.7,
     "readTotal": 33,
     "readOut": 33,
     "queueLength": 0,
     "ckptRunning": 0
    },
    {
     "t": 239.21,
     "readTotal": 33,
     "readOut": 32,
     "queueLength": 0,
     "ckptRunning": 0
    },
    {
     "t": 239.73,
     "readTotal": 35,
     "readOut": 32,
     "queueLength": 0,
     "ckptRunning": 0
    },
    {
     "t": 240.24,
     "readTotal": 36,
     "readOut": 32,
     "queueLength": 0,
     "ckptRunning": 0
    },
    {
     "t": 240.75,
     "readTotal": 32,
     "readOut": 32,
     "queueLength": 0,
     "ckptRunning": 0
    },
    {
     "t": 241.26,
     "readTotal": 33,
     "readOut": 33,
     "queueLength": 0,
     "ckptRunning": 0
    },
    {
     "t": 241.78,
     "readTotal": 33,
     "readOut": 32,
     "queueLength": 0,
     "ckptRunning": 0
    },
    {
     "t": 242.29,
     "readTotal": 36,
     "readOut": 32,
     "queueLength": 0,
     "ckptRunning": 0
    },
    {
     "t": 242.8,
     "readTotal": 33,
     "readOut": 32,
     "queueLength": 0,
     "ckptRunning": 0
    },
    {
     "t": 243.32,
     "readTotal": 29,
     "readOut": 25,
     "queueLength": 0,
     "ckptRunning": 0
    },
    {
     "t": 243.84,
     "readTotal": 35,
     "readOut": 32,
     "queueLength": 0,
     "ckptRunning": 0
    },
    {
     "t": 244.35,
     "readTotal": 33,
     "readOut": 32,
     "queueLength": 0,
     "ckptRunning": 0
    },
    {
     "t": 244.87,
     "readTotal": 33,
     "readOut": 33,
     "queueLength": 0,
     "ckptRunning": 0
    },
    {
     "t": 245.38,
     "readTotal": 32,
     "readOut": 32,
     "queueLength": 0,
     "ckptRunning": 0
    },
    {
     "t": 245.89,
     "readTotal": 35,
     "readOut": 32,
     "queueLength": 0,
     "ckptRunning": 0
    },
    {
     "t": 246.4,
     "readTotal": 32,
     "readOut": 32,
     "queueLength": 0,
     "ckptRunning": 0
    },
    {
     "t": 246.91,
     "readTotal": 36,
     "readOut": 32,
     "queueLength": 0,
     "ckptRunning": 0
    },
    {
     "t": 247.43,
     "readTotal": 33,
     "readOut": 32,
     "queueLength": 0,
     "ckptRunning": 0
    },
    {
     "t": 247.94,
     "readTotal": 33,
     "readOut": 32,
     "queueLength": 0,
     "ckptRunning": 0
    },
    {
     "t": 248.45,
     "readTotal": 36,
     "readOut": 32,
     "queueLength": 0,
     "ckptRunning": 0
    },
    {
     "t": 248.96,
     "readTotal": 33,
     "readOut": 32,
     "queueLength": 0,
     "ckptRunning": 0
    },
    {
     "t": 249.47,
     "readTotal": 33,
     "readOut": 33,
     "queueLength": 0,
     "ckptRunning": 0
    },
    {
     "t": 249.99,
     "readTotal": 33,
     "readOut": 32,
     "queueLength": 0,
     "ckptRunning": 0
    },
    {
     "t": 250.5,
     "readTotal": 37,
     "readOut": 32,
     "queueLength": 0,
     "ckptRunning": 0
    },
    {
     "t": 251.01,
     "readTotal": 33,
     "readOut": 29,
     "queueLength": 0,
     "ckptRunning": 0
    },
    {
     "t": 251.53,
     "readTotal": 30,
     "readOut": 30,
     "queueLength": 2,
     "ckptRunning": 0
    },
    {
     "t": 252.06,
     "readTotal": 36,
     "readOut": 32,
     "queueLength": 0,
     "ckptRunning": 0
    },
    {
     "t": 252.57,
     "readTotal": 32,
     "readOut": 32,
     "queueLength": 0,
     "ckptRunning": 0
    },
    {
     "t": 253.08,
     "readTotal": 33,
     "readOut": 33,
     "queueLength": 0,
     "ckptRunning": 0
    },
    {
     "t": 253.59,
     "readTotal": 33,
     "readOut": 32,
     "queueLength": 0,
     "ckptRunning": 0
    },
    {
     "t": 254.11,
     "readTotal": 33,
     "readOut": 33,
     "queueLength": 0,
     "ckptRunning": 0
    },
    {
     "t": 254.62,
     "readTotal": 33,
     "readOut": 31,
     "queueLength": 0,
     "ckptRunning": 0
    },
    {
     "t": 255.13,
     "readTotal": 36,
     "readOut": 32,
     "queueLength": 0,
     "ckptRunning": 0
    },
    {
     "t": 255.64,
     "readTotal": 33,
     "readOut": 33,
     "queueLength": 0,
     "ckptRunning": 0
    },
    {
     "t": 256.16,
     "readTotal": 33,
     "readOut": 32,
     "queueLength": 0,
     "ckptRunning": 0
    },
    {
     "t": 256.67,
     "readTotal": 36,
     "readOut": 32,
     "queueLength": 0,
     "ckptRunning": 0
    },
    {
     "t": 257.18,
     "readTotal": 33,
     "readOut": 32,
     "queueLength": 0,
     "ckptRunning": 0
    },
    {
     "t": 257.7,
     "readTotal": 35,
     "readOut": 32,
     "queueLength": 0,
     "ckptRunning": 0
    },
    {
     "t": 258.21,
     "readTotal": 32,
     "readOut": 32,
     "queueLength": 0,
     "ckptRunning": 0
    },
    {
     "t": 258.72,
     "readTotal": 33,
     "readOut": 33,
     "queueLength": 0,
     "ckptRunning": 0
    },
    {
     "t": 259.24,
     "readTotal": 35,
     "readOut": 32,
     "queueLength": 0,
     "ckptRunning": 0
    },
    {
     "t": 259.75,
     "readTotal": 32,
     "readOut": 32,
     "queueLength": 0,
     "ckptRunning": 0
    },
    {
     "t": 260.27,
     "readTotal": 35,
     "readOut": 32,
     "queueLength": 0,
     "ckptRunning": 0
    },
    {
     "t": 260.77,
     "readTotal": 32,
     "readOut": 32,
     "queueLength": 0,
     "ckptRunning": 0
    },
    {
     "t": 261.29,
     "readTotal": 36,
     "readOut": 32,
     "queueLength": 0,
     "ckptRunning": 0
    },
    {
     "t": 261.8,
     "readTotal": 33,
     "readOut": 32,
     "queueLength": 0,
     "ckptRunning": 0
    },
    {
     "t": 262.31,
     "readTotal": 36,
     "readOut": 32,
     "queueLength": 0,
     "ckptRunning": 0
    },
    {
     "t": 262.83,
     "readTotal": 33,
     "readOut": 31,
     "queueLength": 0,
     "ckptRunning": 0
    },
    {
     "t": 263.34,
     "readTotal": 33,
     "readOut": 32,
     "queueLength": 0,
     "ckptRunning": 0
    },
    {
     "t": 263.85,
     "readTotal": 33,
     "readOut": 33,
     "queueLength": 0,
     "ckptRunning": 0
    },
    {
     "t": 264.36,
     "readTotal": 32,
     "readOut": 32,
     "queueLength": 0,
     "ckptRunning": 0
    },
    {
     "t": 264.87,
     "readTotal": 36,
     "readOut": 32,
     "queueLength": 0,
     "ckptRunning": 0
    },
    {
     "t": 265.38,
     "readTotal": 33,
     "readOut": 32,
     "queueLength": 0,
     "ckptRunning": 0
    },
    {
     "t": 265.89,
     "readTotal": 33,
     "readOut": 33,
     "queueLength": 0,
     "ckptRunning": 0
    },
    {
     "t": 266.41,
     "readTotal": 33,
     "readOut": 32,
     "queueLength": 0,
     "ckptRunning": 0
    },
    {
     "t": 266.92,
     "readTotal": 36,
     "readOut": 32,
     "queueLength": 0,
     "ckptRunning": 0
    },
    {
     "t": 267.44,
     "readTotal": 35,
     "readOut": 32,
     "queueLength": 0,
     "ckptRunning": 0
    },
    {
     "t": 267.95,
     "readTotal": 33,
     "readOut": 32,
     "queueLength": 0,
     "ckptRunning": 0
    },
    {
     "t": 268.46,
     "readTotal": 33,
     "readOut": 33,
     "queueLength": 0,
     "ckptRunning": 0
    },
    {
     "t": 268.97,
     "readTotal": 33,
     "readOut": 32,
     "queueLength": 0,
     "ckptRunning": 0
    },
    {
     "t": 269.48,
     "readTotal": 36,
     "readOut": 32,
     "queueLength": 0,
     "ckptRunning": 0
    },
    {
     "t": 269.99,
     "readTotal": 33,
     "readOut": 32,
     "queueLength": 0,
     "ckptRunning": 0
    },
    {
     "t": 270.51,
     "readTotal": 35,
     "readOut": 32,
     "queueLength": 0,
     "ckptRunning": 0
    },
    {
     "t": 271.02,
     "readTotal": 32,
     "readOut": 32,
     "queueLength": 0,
     "ckptRunning": 0
    },
    {
     "t": 271.53,
     "readTotal": 35,
     "readOut": 32,
     "queueLength": 0,
     "ckptRunning": 0
    },
    {
     "t": 272.05,
     "readTotal": 36,
     "readOut": 32,
     "queueLength": 0,
     "ckptRunning": 0
    },
    {
     "t": 272.56,
     "readTotal": 32,
     "readOut": 32,
     "queueLength": 0,
     "ckptRunning": 0
    },
    {
     "t": 273.07,
     "readTotal": 36,
     "readOut": 32,
     "queueLength": 0,
     "ckptRunning": 0
    },
    {
     "t": 273.59,
     "readTotal": 33,
     "readOut": 32,
     "queueLength": 0,
     "ckptRunning": 0
    },
    {
     "t": 274.09,
     "readTotal": 36,
     "readOut": 32,
     "queueLength": 0,
     "ckptRunning": 0
    },
    {
     "t": 274.61,
     "readTotal": 32,
     "readOut": 32,
     "queueLength": 0,
     "ckptRunning": 0
    },
    {
     "t": 275.14,
     "readTotal": 33,
     "readOut": 32,
     "queueLength": 0,
     "ckptRunning": 0
    },
    {
     "t": 275.65,
     "readTotal": 36,
     "readOut": 32,
     "queueLength": 0,
     "ckptRunning": 0
    },
    {
     "t": 276.16,
     "readTotal": 33,
     "readOut": 32,
     "queueLength": 0,
     "ckptRunning": 0
    },
    {
     "t": 276.68,
     "readTotal": 33,
     "readOut": 33,
     "queueLength": 0,
     "ckptRunning": 0
    },
    {
     "t": 277.19,
     "readTotal": 32,
     "readOut": 32,
     "queueLength": 0,
     "ckptRunning": 0
    },
    {
     "t": 277.7,
     "readTotal": 36,
     "readOut": 32,
     "queueLength": 0,
     "ckptRunning": 0
    },
    {
     "t": 278.21,
     "readTotal": 33,
     "readOut": 32,
     "queueLength": 0,
     "ckptRunning": 0
    },
    {
     "t": 278.74,
     "readTotal": 32,
     "readOut": 32,
     "queueLength": 0,
     "ckptRunning": 0
    },
    {
     "t": 279.24,
     "readTotal": 33,
     "readOut": 33,
     "queueLength": 0,
     "ckptRunning": 0
    },
    {
     "t": 279.75,
     "readTotal": 33,
     "readOut": 32,
     "queueLength": 0,
     "ckptRunning": 0
    },
    {
     "t": 280.27,
     "readTotal": 36,
     "readOut": 32,
     "queueLength": 0,
     "ckptRunning": 0
    },
    {
     "t": 280.78,
     "readTotal": 33,
     "readOut": 32,
     "queueLength": 0,
     "ckptRunning": 0
    },
    {
     "t": 281.29,
     "readTotal": 33,
     "readOut": 33,
     "queueLength": 0,
     "ckptRunning": 0
    },
    {
     "t": 281.81,
     "readTotal": 33,
     "readOut": 32,
     "queueLength": 0,
     "ckptRunning": 0
    },
    {
     "t": 282.32,
     "readTotal": 35,
     "readOut": 31,
     "queueLength": 0,
     "ckptRunning": 0
    },
    {
     "t": 282.83,
     "readTotal": 32,
     "readOut": 30,
     "queueLength": 0,
     "ckptRunning": 0
    },
    {
     "t": 283.35,
     "readTotal": 32,
     "readOut": 32,
     "queueLength": 0,
     "ckptRunning": 0
    },
    {
     "t": 283.86,
     "readTotal": 36,
     "readOut": 32,
     "queueLength": 0,
     "ckptRunning": 0
    },
    {
     "t": 284.38,
     "readTotal": 32,
     "readOut": 32,
     "queueLength": 0,
     "ckptRunning": 0
    },
    {
     "t": 284.89,
     "readTotal": 36,
     "readOut": 32,
     "queueLength": 0,
     "ckptRunning": 0
    },
    {
     "t": 285.4,
     "readTotal": 33,
     "readOut": 32,
     "queueLength": 0,
     "ckptRunning": 0
    },
    {
     "t": 285.92,
     "readTotal": 33,
     "readOut": 33,
     "queueLength": 0,
     "ckptRunning": 0
    },
    {
     "t": 286.43,
     "readTotal": 33,
     "readOut": 32,
     "queueLength": 0,
     "ckptRunning": 0
    },
    {
     "t": 286.94,
     "readTotal": 34,
     "readOut": 32,
     "queueLength": 0,
     "ckptRunning": 1
    },
    {
     "t": 287.45,
     "readTotal": 34,
     "readOut": 34,
     "queueLength": 0,
     "ckptRunning": 1
    },
    {
     "t": 287.97,
     "readTotal": 34,
     "readOut": 32,
     "queueLength": 0,
     "ckptRunning": 1
    },
    {
     "t": 288.48,
     "readTotal": 38,
     "readOut": 32,
     "queueLength": 0,
     "ckptRunning": 0
    },
    {
     "t": 288.99,
     "readTotal": 34,
     "readOut": 32,
     "queueLength": 0,
     "ckptRunning": 0
    },
    {
     "t": 289.51,
     "readTotal": 33,
     "readOut": 33,
     "queueLength": 0,
     "ckptRunning": 0
    },
    {
     "t": 290.02,
     "readTotal": 32,
     "readOut": 27,
     "queueLength": 0,
     "ckptRunning": 0
    },
    {
     "t": 290.54,
     "readTotal": 32,
     "readOut": 32,
     "queueLength": 0,
     "ckptRunning": 0
    },
    {
     "t": 291.05,
     "readTotal": 36,
     "readOut": 32,
     "queueLength": 0,
     "ckptRunning": 0
    },
    {
     "t": 291.56,
     "readTotal": 32,
     "readOut": 32,
     "queueLength": 0,
     "ckptRunning": 0
    },
    {
     "t": 292.08,
     "readTotal": 36,
     "readOut": 32,
     "queueLength": 0,
     "ckptRunning": 0
    },
    {
     "t": 292.59,
     "readTotal": 32,
     "readOut": 32,
     "queueLength": 0,
     "ckptRunning": 0
    },
    {
     "t": 293.1,
     "readTotal": 36,
     "readOut": 32,
     "queueLength": 0,
     "ckptRunning": 0
    },
    {
     "t": 293.6,
     "readTotal": 33,
     "readOut": 32,
     "queueLength": 0,
     "ckptRunning": 0
    },
    {
     "t": 294.12,
     "readTotal": 29,
     "readOut": 29,
     "queueLength": 3,
     "ckptRunning": 0
    },
    {
     "t": 294.64,
     "readTotal": 35,
     "readOut": 32,
     "queueLength": 0,
     "ckptRunning": 0
    },
    {
     "t": 295.15,
     "readTotal": 32,
     "readOut": 32,
     "queueLength": 0,
     "ckptRunning": 0
    },
    {
     "t": 295.66,
     "readTotal": 36,
     "readOut": 32,
     "queueLength": 0,
     "ckptRunning": 0
    },
    {
     "t": 296.17,
     "readTotal": 33,
     "readOut": 32,
     "queueLength": 0,
     "ckptRunning": 0
    },
    {
     "t": 296.68,
     "readTotal": 36,
     "readOut": 32,
     "queueLength": 0,
     "ckptRunning": 0
    },
    {
     "t": 297.2,
     "readTotal": 32,
     "readOut": 32,
     "queueLength": 0,
     "ckptRunning": 0
    },
    {
     "t": 297.73,
     "readTotal": 36,
     "readOut": 32,
     "queueLength": 0,
     "ckptRunning": 0
    },
    {
     "t": 298.24,
     "readTotal": 33,
     "readOut": 33,
     "queueLength": 0,
     "ckptRunning": 0
    },
    {
     "t": 298.75,
     "readTotal": 32,
     "readOut": 32,
     "queueLength": 0,
     "ckptRunning": 0
    },
    {
     "t": 299.27,
     "readTotal": 35,
     "readOut": 32,
     "queueLength": 0,
     "ckptRunning": 0
    },
    {
     "t": 299.78,
     "readTotal": 32,
     "readOut": 32,
     "queueLength": 0,
     "ckptRunning": 0
    },
    {
     "t": 300.29,
     "readTotal": 30,
     "readOut": 9,
     "queueLength": 0,
     "ckptRunning": 0
    }
   ],
   "convergence": {
    "verdict": "CONVERGED_DEMAND_CAPPED",
    "lateMean": 33.62,
    "priorMean": 33.72,
    "relDelta": 0.0028,
    "windowSeconds": 90.0,
    "tolerance": 0.05,
    "demandCapped": true
   },
   "samplerErrors": 0,
   "samplerFirstError": null,
   "checkpointsObserved": 5,
   "ckptSecondsObserved": 11,
   "ckptOpsDuring": 1138,
   "ckptOpsOutside": 29112,
   "ckptP50During": 398.36,
   "ckptP50Outside": 397.01,
   "ckptP99During": 794.42,
   "ckptP99Outside": 803.85
  }
 ],
 "cooldown": null,
 "at": "2026-08-21T15:08:27+0000"
}
