device      /dev/sdf  ->  8388608 B/s, 150 IOPS (this container only)
cache       0.25 GB wiredTiger, 640m container (fixed at every ratio)
workload    ratios=[0.5,0.8,1.0,1.2,1.5,2,4,8,50,100]  concurrency=1  25s/leg
=== ratio 0.5x  (fresh mongod, direct_io attempt) ===
WARNING: Running pip as the 'root' user can result in broken permissions and conflicting behaviour with the system package manager, possibly rendering your system unusable. It is recommended to use a virtual environment instead: https://pip.pypa.io/warnings/venv. Use the --root-user-action option if you know what you are doing and want to suppress this warning.

[notice] A new release of pip is available: 25.0.1 -> 26.2.1
[notice] To update, run: pip install --upgrade pip
  loading...
sizing for 0.5x oversubscription (tolerance ±10%)...
  pilot 2,000 docs -> 756 B/doc; maxCache=268 MB; loading to 177,536 docs (175,536 more)...
  inserted 102,000...
  loaded. dataSize=134 MB  storageSize=130 MB  cache=268 MB  oversubscription=0.50x (target 0.5x)
  probing (device read bytes before=65536)...
probing MongoDB 7.0.40 at 0.5x (concurrency=1, 25.0s)...
    3314.2 ops/s  lat      0.3 ms  pages/op 0.001  queued 0.000s
  device read bytes delta=7888896
=== ratio 0.8x  (fresh mongod, direct_io attempt) ===
WARNING: Running pip as the 'root' user can result in broken permissions and conflicting behaviour with the system package manager, possibly rendering your system unusable. It is recommended to use a virtual environment instead: https://pip.pypa.io/warnings/venv. Use the --root-user-action option if you know what you are doing and want to suppress this warning.

[notice] A new release of pip is available: 25.0.1 -> 26.2.1
[notice] To update, run: pip install --upgrade pip
  loading...
sizing for 0.8x oversubscription (tolerance ±10%)...
  pilot 2,000 docs -> 756 B/doc; maxCache=268 MB; loading to 284,058 docs (282,058 more)...
  inserted 102,000...
  inserted 202,000...
  loaded. dataSize=215 MB  storageSize=212 MB  cache=268 MB  oversubscription=0.80x (target 0.8x)
  probing (device read bytes before=212992)...
probing MongoDB 7.0.40 at 0.8x (concurrency=1, 25.0s)...
    2396.0 ops/s  lat     0.41 ms  pages/op 0.102  queued 0.000s
  device read bytes delta=710455296
=== ratio 1.0x  (fresh mongod, direct_io attempt) ===
WARNING: Running pip as the 'root' user can result in broken permissions and conflicting behaviour with the system package manager, possibly rendering your system unusable. It is recommended to use a virtual environment instead: https://pip.pypa.io/warnings/venv. Use the --root-user-action option if you know what you are doing and want to suppress this warning.

[notice] A new release of pip is available: 25.0.1 -> 26.2.1
[notice] To update, run: pip install --upgrade pip
  loading...
sizing for 1.0x oversubscription (tolerance ±10%)...
  pilot 2,000 docs -> 756 B/doc; maxCache=268 MB; loading to 355,073 docs (353,073 more)...
  inserted 102,000...
  inserted 202,000...
  inserted 302,000...
  loaded. dataSize=268 MB  storageSize=272 MB  cache=268 MB  oversubscription=1.00x (target 1.0x)
  probing (device read bytes before=454656)...
probing MongoDB 7.0.40 at 1.0x (concurrency=1, 25.0s)...
    2051.1 ops/s  lat     0.49 ms  pages/op 0.2808  queued 0.000s
  device read bytes delta=1500180480
=== ratio 1.2x  (fresh mongod, direct_io attempt) ===
WARNING: Running pip as the 'root' user can result in broken permissions and conflicting behaviour with the system package manager, possibly rendering your system unusable. It is recommended to use a virtual environment instead: https://pip.pypa.io/warnings/venv. Use the --root-user-action option if you know what you are doing and want to suppress this warning.

[notice] A new release of pip is available: 25.0.1 -> 26.2.1
[notice] To update, run: pip install --upgrade pip
  loading...
sizing for 1.2x oversubscription (tolerance ±10%)...
  pilot 2,000 docs -> 756 B/doc; maxCache=268 MB; loading to 426,088 docs (424,088 more)...
  inserted 102,000...
  inserted 202,000...
  inserted 302,000...
  inserted 402,000...
  loaded. dataSize=322 MB  storageSize=318 MB  cache=268 MB  oversubscription=1.20x (target 1.2x)
  probing (device read bytes before=442368)...
probing MongoDB 7.0.40 at 1.2x (concurrency=1, 25.0s)...
    1672.5 ops/s  lat      0.6 ms  pages/op 0.4182  queued 0.000s
  device read bytes delta=1891610624
=== ratio 1.5x  (fresh mongod, direct_io attempt) ===
WARNING: Running pip as the 'root' user can result in broken permissions and conflicting behaviour with the system package manager, possibly rendering your system unusable. It is recommended to use a virtual environment instead: https://pip.pypa.io/warnings/venv. Use the --root-user-action option if you know what you are doing and want to suppress this warning.

[notice] A new release of pip is available: 25.0.1 -> 26.2.1
[notice] To update, run: pip install --upgrade pip
  loading...
sizing for 1.5x oversubscription (tolerance ±10%)...
  pilot 2,000 docs -> 756 B/doc; maxCache=268 MB; loading to 532,610 docs (530,610 more)...
  inserted 102,000...
  inserted 202,000...
  inserted 302,000...
  inserted 402,000...
  inserted 502,000...
  loaded. dataSize=403 MB  storageSize=400 MB  cache=268 MB  oversubscription=1.50x (target 1.5x)
  probing (device read bytes before=630784)...
probing MongoDB 7.0.40 at 1.5x (concurrency=1, 25.0s)...
    1304.1 ops/s  lat     0.76 ms  pages/op 0.5553  queued 0.000s
  device read bytes delta=1878437888
=== ratio 2x  (fresh mongod, direct_io attempt) ===
WARNING: Running pip as the 'root' user can result in broken permissions and conflicting behaviour with the system package manager, possibly rendering your system unusable. It is recommended to use a virtual environment instead: https://pip.pypa.io/warnings/venv. Use the --root-user-action option if you know what you are doing and want to suppress this warning.

[notice] A new release of pip is available: 25.0.1 -> 26.2.1
[notice] To update, run: pip install --upgrade pip
  loading...
sizing for 2.0x oversubscription (tolerance ±10%)...
  pilot 2,000 docs -> 756 B/doc; maxCache=268 MB; loading to 710,146 docs (708,146 more)...
  inserted 102,000...
  inserted 202,000...
  inserted 302,000...
  inserted 402,000...
  inserted 502,000...
  inserted 602,000...
  inserted 702,000...
  loaded. dataSize=537 MB  storageSize=541 MB  cache=268 MB  oversubscription=2.00x (target 2.0x)
  probing (device read bytes before=917504)...
probing MongoDB 7.0.40 at 2.0x (concurrency=1, 25.0s)...
    1300.2 ops/s  lat     0.77 ms  pages/op 0.7213  queued 0.000s
  device read bytes delta=0
GUARD FAILED at 2.0x: device_bytes_too_low: got 0, need >= 76831129 (10% of 768311296 pages×page_size) — host page cache likely served the miss
=== ratio 4x  (fresh mongod, direct_io attempt) ===
WARNING: Running pip as the 'root' user can result in broken permissions and conflicting behaviour with the system package manager, possibly rendering your system unusable. It is recommended to use a virtual environment instead: https://pip.pypa.io/warnings/venv. Use the --root-user-action option if you know what you are doing and want to suppress this warning.

[notice] A new release of pip is available: 25.0.1 -> 26.2.1
[notice] To update, run: pip install --upgrade pip
  loading...
sizing for 4.0x oversubscription (tolerance ±10%)...
  pilot 2,000 docs -> 756 B/doc; maxCache=268 MB; loading to 1,420,293 docs (1,418,293 more)...
  inserted 102,000...
  inserted 202,000...
  inserted 302,000...
  inserted 402,000...
  inserted 502,000...
  inserted 602,000...
  inserted 702,000...
  inserted 802,000...
  inserted 902,000...
  inserted 1,002,000...
  inserted 1,102,000...
  inserted 1,202,000...
  inserted 1,302,000...
  inserted 1,402,000...
  loaded. dataSize=1074 MB  storageSize=1091 MB  cache=268 MB  oversubscription=4.00x (target 4.0x)
  probing (device read bytes before=1609728)...
probing MongoDB 7.0.40 at 4.0x (concurrency=1, 25.0s)...
     879.1 ops/s  lat     1.13 ms  pages/op 1.0237  queued 0.000s
  device read bytes delta=2072252416
=== ratio 8x  (fresh mongod, direct_io attempt) ===
WARNING: Running pip as the 'root' user can result in broken permissions and conflicting behaviour with the system package manager, possibly rendering your system unusable. It is recommended to use a virtual environment instead: https://pip.pypa.io/warnings/venv. Use the --root-user-action option if you know what you are doing and want to suppress this warning.

[notice] A new release of pip is available: 25.0.1 -> 26.2.1
[notice] To update, run: pip install --upgrade pip
  loading...
sizing for 8.0x oversubscription (tolerance ±10%)...
  pilot 2,000 docs -> 756 B/doc; maxCache=268 MB; loading to 2,840,586 docs (2,838,586 more)...
  inserted 102,000...
  inserted 202,000...
  inserted 302,000...
  inserted 402,000...
  inserted 502,000...
  inserted 602,000...
  inserted 702,000...
  inserted 802,000...
  inserted 902,000...
  inserted 1,002,000...
  inserted 1,102,000...
  inserted 1,202,000...
  inserted 1,302,000...
  inserted 1,402,000...
  inserted 1,502,000...
  inserted 1,602,000...
  inserted 1,702,000...
  inserted 1,802,000...
  inserted 1,902,000...
  inserted 2,002,000...
  inserted 2,102,000...
  inserted 2,202,000...
  inserted 2,302,000...
  inserted 2,402,000...
  inserted 2,502,000...
  inserted 2,602,000...
  inserted 2,702,000...
  inserted 2,802,000...
  loaded. dataSize=2147 MB  storageSize=2184 MB  cache=268 MB  oversubscription=8.00x (target 8.0x)
  probing (device read bytes before=3768320)...
probing MongoDB 7.0.40 at 8.0x (concurrency=1, 25.0s)...
     941.3 ops/s  lat     1.06 ms  pages/op 1.2946  queued 0.000s
  device read bytes delta=0
GUARD FAILED at 8.0x: device_bytes_too_low: got 0, need >= 99834265 (10% of 998342656 pages×page_size) — host page cache likely served the miss
=== ratio 50x  (fresh mongod, direct_io attempt) ===
WARNING: Running pip as the 'root' user can result in broken permissions and conflicting behaviour with the system package manager, possibly rendering your system unusable. It is recommended to use a virtual environment instead: https://pip.pypa.io/warnings/venv. Use the --root-user-action option if you know what you are doing and want to suppress this warning.

[notice] A new release of pip is available: 25.0.1 -> 26.2.1
[notice] To update, run: pip install --upgrade pip
  loading...
sizing for 50.0x oversubscription (tolerance ±10%)...
  pilot 2,000 docs -> 756 B/doc; maxCache=268 MB; loading to 17,753,667 docs (17,751,667 more)...
  inserted 102,000...
  inserted 202,000...
  inserted 302,000...
  inserted 402,000...
  inserted 502,000...
  inserted 602,000...
  inserted 702,000...
  inserted 802,000...
  inserted 902,000...
  inserted 1,002,000...
  inserted 1,102,000...
  inserted 1,202,000...
  inserted 1,302,000...
  inserted 1,402,000...
  inserted 1,502,000...
  inserted 1,602,000...
  inserted 1,702,000...
  inserted 1,802,000...
  inserted 1,902,000...
  inserted 2,002,000...
  inserted 2,102,000...
  inserted 2,202,000...
  inserted 2,302,000...
  inserted 2,402,000...
  inserted 2,502,000...
  inserted 2,602,000...
  inserted 2,702,000...
  inserted 2,802,000...
  inserted 2,902,000...
  inserted 3,002,000...
  inserted 3,102,000...
  inserted 3,202,000...
  inserted 3,302,000...
  inserted 3,402,000...
  inserted 3,502,000...
  inserted 3,602,000...
  inserted 3,702,000...
  inserted 3,802,000...
  inserted 3,902,000...
  inserted 4,002,000...
  inserted 4,102,000...
  inserted 4,202,000...
  inserted 4,302,000...
  inserted 4,402,000...
  inserted 4,502,000...
  inserted 4,602,000...
  inserted 4,702,000...
  inserted 4,802,000...
  inserted 4,902,000...
  inserted 5,002,000...
  inserted 5,102,000...
  inserted 5,202,000...
  inserted 5,302,000...
  inserted 5,402,000...
  inserted 5,502,000...
  inserted 5,602,000...
  inserted 5,702,000...
  inserted 5,802,000...
  inserted 5,902,000...
  inserted 6,002,000...
  inserted 6,102,000...
  inserted 6,202,000...
  inserted 6,302,000...
  inserted 6,402,000...
  inserted 6,502,000...
  inserted 6,602,000...
  inserted 6,702,000...
  inserted 6,802,000...
  inserted 6,902,000...
  inserted 7,002,000...
  inserted 7,102,000...
  inserted 7,202,000...
  inserted 7,302,000...
  inserted 7,402,000...
  inserted 7,502,000...
  inserted 7,602,000...
  inserted 7,702,000...
  inserted 7,802,000...
  inserted 7,902,000...
  inserted 8,002,000...
  inserted 8,102,000...
  inserted 8,202,000...
  inserted 8,302,000...
  inserted 8,402,000...
  inserted 8,502,000...
  inserted 8,602,000...
  inserted 8,702,000...
  inserted 8,802,000...
  inserted 8,902,000...
  inserted 9,002,000...
  inserted 9,102,000...
  inserted 9,202,000...
  inserted 9,302,000...
  inserted 9,402,000...
  inserted 9,502,000...
  inserted 9,602,000...
  inserted 9,702,000...
  inserted 9,802,000...
  inserted 9,902,000...
  inserted 10,002,000...
  inserted 10,102,000...
  inserted 10,202,000...
  inserted 10,302,000...
  inserted 10,402,000...
  inserted 10,502,000...
  inserted 10,602,000...
  inserted 10,702,000...
  inserted 10,802,000...
  inserted 10,902,000...
  inserted 11,002,000...
  inserted 11,102,000...
  inserted 11,202,000...
  inserted 11,302,000...
  inserted 11,402,000...
  inserted 11,502,000...
  inserted 11,602,000...
  inserted 11,702,000...
  inserted 11,802,000...
  inserted 11,902,000...
  inserted 12,002,000...
  inserted 12,102,000...
  inserted 12,202,000...
  inserted 12,302,000...
  inserted 12,402,000...
  inserted 12,502,000...
  inserted 12,602,000...
  inserted 12,702,000...
  inserted 12,802,000...
  inserted 12,902,000...
  inserted 13,002,000...
  inserted 13,102,000...
  inserted 13,202,000...
  inserted 13,302,000...
  inserted 13,402,000...
  inserted 13,502,000...
  inserted 13,602,000...
  inserted 13,702,000...
  inserted 13,802,000...
  inserted 13,902,000...
  inserted 14,002,000...
  inserted 14,102,000...
  inserted 14,202,000...
  inserted 14,302,000...
  inserted 14,402,000...
  inserted 14,502,000...
  inserted 14,602,000...
  inserted 14,702,000...
  inserted 14,802,000...
  inserted 14,902,000...
  inserted 15,002,000...
  inserted 15,102,000...
  inserted 15,202,000...
  inserted 15,302,000...
  inserted 15,402,000...
  inserted 15,502,000...
  inserted 15,602,000...
  inserted 15,702,000...
  inserted 15,802,000...
  inserted 15,902,000...
  inserted 16,002,000...
  inserted 16,102,000...
  inserted 16,202,000...
  inserted 16,302,000...
  inserted 16,402,000...
  inserted 16,502,000...
  inserted 16,602,000...
  inserted 16,702,000...
  inserted 16,802,000...
  inserted 16,902,000...
  inserted 17,002,000...
  inserted 17,102,000...
  inserted 17,202,000...
  inserted 17,302,000...
  inserted 17,402,000...
  inserted 17,502,000...
  inserted 17,602,000...
  inserted 17,702,000...
  loaded. dataSize=13422 MB  storageSize=13663 MB  cache=268 MB  oversubscription=50.00x (target 50.0x)
  probing (device read bytes before=23449600)...
probing MongoDB 7.0.40 at 50.0x (concurrency=1, 25.0s)...
     777.8 ops/s  lat     1.28 ms  pages/op 1.9099  queued 0.000s
  device read bytes delta=1973944320
=== ratio 100x  (fresh mongod, direct_io attempt) ===
WARNING: Running pip as the 'root' user can result in broken permissions and conflicting behaviour with the system package manager, possibly rendering your system unusable. It is recommended to use a virtual environment instead: https://pip.pypa.io/warnings/venv. Use the --root-user-action option if you know what you are doing and want to suppress this warning.

[notice] A new release of pip is available: 25.0.1 -> 26.2.1
[notice] To update, run: pip install --upgrade pip
  loading...
sizing for 100.0x oversubscription (tolerance ±10%)...
  pilot 2,000 docs -> 756 B/doc; maxCache=268 MB; loading to 35,507,335 docs (35,505,335 more)...
  inserted 102,000...
  inserted 202,000...
  inserted 302,000...
  inserted 402,000...
  inserted 502,000...
  inserted 602,000...
  inserted 702,000...
  inserted 802,000...
  inserted 902,000...
  inserted 1,002,000...
  inserted 1,102,000...
  inserted 1,202,000...
  inserted 1,302,000...
  inserted 1,402,000...
  inserted 1,502,000...
  inserted 1,602,000...
  inserted 1,702,000...
  inserted 1,802,000...
  inserted 1,902,000...
  inserted 2,002,000...
  inserted 2,102,000...
  inserted 2,202,000...
  inserted 2,302,000...
  inserted 2,402,000...
  inserted 2,502,000...
  inserted 2,602,000...
  inserted 2,702,000...
  inserted 2,802,000...
  inserted 2,902,000...
  inserted 3,002,000...
  inserted 3,102,000...
  inserted 3,202,000...
  inserted 3,302,000...
  inserted 3,402,000...
  inserted 3,502,000...
  inserted 3,602,000...
  inserted 3,702,000...
  inserted 3,802,000...
  inserted 3,902,000...
  inserted 4,002,000...
  inserted 4,102,000...
  inserted 4,202,000...
  inserted 4,302,000...
  inserted 4,402,000...
  inserted 4,502,000...
  inserted 4,602,000...
  inserted 4,702,000...
  inserted 4,802,000...
  inserted 4,902,000...
  inserted 5,002,000...
  inserted 5,102,000...
  inserted 5,202,000...
  inserted 5,302,000...
  inserted 5,402,000...
  inserted 5,502,000...
  inserted 5,602,000...
  inserted 5,702,000...
  inserted 5,802,000...
  inserted 5,902,000...
  inserted 6,002,000...
  inserted 6,102,000...
  inserted 6,202,000...
  inserted 6,302,000...
  inserted 6,402,000...
  inserted 6,502,000...
  inserted 6,602,000...
  inserted 6,702,000...
  inserted 6,802,000...
  inserted 6,902,000...
  inserted 7,002,000...
  inserted 7,102,000...
  inserted 7,202,000...
  inserted 7,302,000...
  inserted 7,402,000...
  inserted 7,502,000...
  inserted 7,602,000...
  inserted 7,702,000...
  inserted 7,802,000...
  inserted 7,902,000...
  inserted 8,002,000...
  inserted 8,102,000...
  inserted 8,202,000...
  inserted 8,302,000...
  inserted 8,402,000...
  inserted 8,502,000...
  inserted 8,602,000...
  inserted 8,702,000...
  inserted 8,802,000...
  inserted 8,902,000...
  inserted 9,002,000...
  inserted 9,102,000...
  inserted 9,202,000...
  inserted 9,302,000...
  inserted 9,402,000...
  inserted 9,502,000...
  inserted 9,602,000...
  inserted 9,702,000...
  inserted 9,802,000...
  inserted 9,902,000...
  inserted 10,002,000...
  inserted 10,102,000...
  inserted 10,202,000...
  inserted 10,302,000...
  inserted 10,402,000...
  inserted 10,502,000...
  inserted 10,602,000...
  inserted 10,702,000...
  inserted 10,802,000...
  inserted 10,902,000...
  inserted 11,002,000...
  inserted 11,102,000...
  inserted 11,202,000...
  inserted 11,302,000...
  inserted 11,402,000...
  inserted 11,502,000...
  inserted 11,602,000...
  inserted 11,702,000...
  inserted 11,802,000...
  inserted 11,902,000...
  inserted 12,002,000...
  inserted 12,102,000...
  inserted 12,202,000...
  inserted 12,302,000...
  inserted 12,402,000...
  inserted 12,502,000...
  inserted 12,602,000...
  inserted 12,702,000...
  inserted 12,802,000...
  inserted 12,902,000...
  inserted 13,002,000...
  inserted 13,102,000...
  inserted 13,202,000...
  inserted 13,302,000...
  inserted 13,402,000...
  inserted 13,502,000...
  inserted 13,602,000...
  inserted 13,702,000...
  inserted 13,802,000...
  inserted 13,902,000...
  inserted 14,002,000...
  inserted 14,102,000...
  inserted 14,202,000...
  inserted 14,302,000...
  inserted 14,402,000...
  inserted 14,502,000...
  inserted 14,602,000...
  inserted 14,702,000...
  inserted 14,802,000...
  inserted 14,902,000...
  inserted 15,002,000...
  inserted 15,102,000...
  inserted 15,202,000...
  inserted 15,302,000...
  inserted 15,402,000...
  inserted 15,502,000...
  inserted 15,602,000...
  inserted 15,702,000...
  inserted 15,802,000...
  inserted 15,902,000...
  inserted 16,002,000...
  inserted 16,102,000...
  inserted 16,202,000...
  inserted 16,302,000...
  inserted 16,402,000...
  inserted 16,502,000...
  inserted 16,602,000...
  inserted 16,702,000...
  inserted 16,802,000...
  inserted 16,902,000...
  inserted 17,002,000...
  inserted 17,102,000...
  inserted 17,202,000...
  inserted 17,302,000...
  inserted 17,402,000...
  inserted 17,502,000...
  inserted 17,602,000...
  inserted 17,702,000...
  inserted 17,802,000...
  inserted 17,902,000...
  inserted 18,002,000...
  inserted 18,102,000...
  inserted 18,202,000...
  inserted 18,302,000...
  inserted 18,402,000...
  inserted 18,502,000...
  inserted 18,602,000...
  inserted 18,702,000...
  inserted 18,802,000...
  inserted 18,902,000...
  inserted 19,002,000...
  inserted 19,102,000...
  inserted 19,202,000...
  inserted 19,302,000...
  inserted 19,402,000...
  inserted 19,502,000...
  inserted 19,602,000...
  inserted 19,702,000...
  inserted 19,802,000...
  inserted 19,902,000...
  inserted 20,002,000...
  inserted 20,102,000...
  inserted 20,202,000...
  inserted 20,302,000...
  inserted 20,402,000...
  inserted 20,502,000...
  inserted 20,602,000...
  inserted 20,702,000...
  inserted 20,802,000...
  inserted 20,902,000...
  inserted 21,002,000...
  inserted 21,102,000...
  inserted 21,202,000...
  inserted 21,302,000...
  inserted 21,402,000...
  inserted 21,502,000...
  inserted 21,602,000...
  inserted 21,702,000...
  inserted 21,802,000...
  inserted 21,902,000...
  inserted 22,002,000...
  inserted 22,102,000...
  inserted 22,202,000...
  inserted 22,302,000...
  inserted 22,402,000...
  inserted 22,502,000...
  inserted 22,602,000...
  inserted 22,702,000...
  inserted 22,802,000...
  inserted 22,902,000...
  inserted 23,002,000...
  inserted 23,102,000...
  inserted 23,202,000...
  inserted 23,302,000...
  inserted 23,402,000...
  inserted 23,502,000...
  inserted 23,602,000...
  inserted 23,702,000...
  inserted 23,802,000...
  inserted 23,902,000...
  inserted 24,002,000...
  inserted 24,102,000...
  inserted 24,202,000...
  inserted 24,302,000...
  inserted 24,402,000...
  inserted 24,502,000...
Traceback (most recent call last):
  File "/usr/local/lib/python3.12/site-packages/pymongo/synchronous/pool.py", line 456, in receive_message
    return receive_message(self, request_id, self.max_message_size)
           ^^^^^^^^^^^^^^^^^^^^^^^^^^^^^^^^^^^^^^^^^^^^^^^^^^^^^^^^
  File "/usr/local/lib/python3.12/site-packages/pymongo/network_layer.py", line 759, in receive_message
    length, _, response_to, op_code = _UNPACK_HEADER(receive_data(conn, 16, deadline))
                                                     ^^^^^^^^^^^^^^^^^^^^^^^^^^^^^^^^
  File "/usr/local/lib/python3.12/site-packages/pymongo/network_layer.py", line 379, in receive_data
    raise OSError("connection closed")
OSError: connection closed

The above exception was the direct cause of the following exception:

Traceback (most recent call last):
  File "/tmp/cache_cliff_probe.py", line 371, in <module>
    raise SystemExit(main())
                     ^^^^^^
  File "/tmp/cache_cliff_probe.py", line 317, in main
    sizing = load()
             ^^^^^^
  File "/tmp/cache_cliff_probe.py", line 159, in load
    _insert_range(PILOT_DOCS, remaining)
  File "/tmp/cache_cliff_probe.py", line 114, in _insert_range
    db.docs.insert_many(batch, ordered=False)
  File "/usr/local/lib/python3.12/site-packages/pymongo/_csot.py", line 125, in csot_wrapper
    return func(self, *args, **kwargs)
           ^^^^^^^^^^^^^^^^^^^^^^^^^^^
  File "/usr/local/lib/python3.12/site-packages/pymongo/synchronous/collection.py", line 974, in insert_many
    blk.execute(write_concern, session, _Op.INSERT)
  File "/usr/local/lib/python3.12/site-packages/pymongo/synchronous/bulk.py", line 751, in execute
    return self.execute_command(generator, write_concern, session, operation)
           ^^^^^^^^^^^^^^^^^^^^^^^^^^^^^^^^^^^^^^^^^^^^^^^^^^^^^^^^^^^^^^^^^^
  File "/usr/local/lib/python3.12/site-packages/pymongo/synchronous/bulk.py", line 604, in execute_command
    _ = client._retryable_write(
        ^^^^^^^^^^^^^^^^^^^^^^^^
  File "/usr/local/lib/python3.12/site-packages/pymongo/synchronous/mongo_client.py", line 2113, in _retryable_write
    return self._retry_with_session(retryable, func, s, bulk, operation, operation_id)
           ^^^^^^^^^^^^^^^^^^^^^^^^^^^^^^^^^^^^^^^^^^^^^^^^^^^^^^^^^^^^^^^^^^^^^^^^^^^
  File "/usr/local/lib/python3.12/site-packages/pymongo/synchronous/mongo_client.py", line 1986, in _retry_with_session
    return self._retry_internal(
           ^^^^^^^^^^^^^^^^^^^^^
  File "/usr/local/lib/python3.12/site-packages/pymongo/_csot.py", line 125, in csot_wrapper
    return func(self, *args, **kwargs)
           ^^^^^^^^^^^^^^^^^^^^^^^^^^^
  File "/usr/local/lib/python3.12/site-packages/pymongo/synchronous/mongo_client.py", line 2038, in _retry_internal
    ).run()
      ^^^^^
  File "/usr/local/lib/python3.12/site-packages/pymongo/synchronous/mongo_client.py", line 2811, in run
    res = self._read() if self._is_read else self._write()
                                             ^^^^^^^^^^^^^
  File "/usr/local/lib/python3.12/site-packages/pymongo/synchronous/mongo_client.py", line 3014, in _write
    return self._func(self._session, conn, self._retryable)  # type: ignore
           ^^^^^^^^^^^^^^^^^^^^^^^^^^^^^^^^^^^^^^^^^^^^^^^^
  File "/usr/local/lib/python3.12/site-packages/pymongo/synchronous/bulk.py", line 593, in retryable_bulk
    self._execute_command(
  File "/usr/local/lib/python3.12/site-packages/pymongo/synchronous/bulk.py", line 538, in _execute_command
    result, to_send = self._execute_batch(bwc, cmd, ops, client)
                      ^^^^^^^^^^^^^^^^^^^^^^^^^^^^^^^^^^^^^^^^^^
  File "/usr/local/lib/python3.12/site-packages/pymongo/synchronous/bulk.py", line 462, in _execute_batch
    result = self.write_command(bwc, cmd, request_id, msg, to_send, client)  # type: ignore[arg-type]
             ^^^^^^^^^^^^^^^^^^^^^^^^^^^^^^^^^^^^^^^^^^^^^^^^^^^^^^^^^^^^^^
  File "/usr/local/lib/python3.12/site-packages/pymongo/synchronous/helpers.py", line 53, in inner
    return func(*args, **kwargs)
           ^^^^^^^^^^^^^^^^^^^^^
  File "/usr/local/lib/python3.12/site-packages/pymongo/synchronous/bulk.py", line 274, in write_command
    reply = bwc.conn.write_command(request_id, msg, bwc.codec)  # type: ignore[misc]
            ^^^^^^^^^^^^^^^^^^^^^^^^^^^^^^^^^^^^^^^^^^^^^^^^^^
  File "/usr/local/lib/python3.12/site-packages/pymongo/synchronous/pool.py", line 491, in write_command
    reply = self.receive_message(request_id)
            ^^^^^^^^^^^^^^^^^^^^^^^^^^^^^^^^
  File "/usr/local/lib/python3.12/site-packages/pymongo/synchronous/pool.py", line 459, in receive_message
    self._raise_connection_failure(error)
  File "/usr/local/lib/python3.12/site-packages/pymongo/synchronous/pool.py", line 633, in _raise_connection_failure
    _raise_connection_failure(self.address, error, timeout_details=details)
  File "/usr/local/lib/python3.12/site-packages/pymongo/pool_shared.py", line 148, in _raise_connection_failure
    raise AutoReconnect(msg) from error
pymongo.errors.AutoReconnect: xycalc-cache-cliff-2049-1787291122-r100:27017: connection closed (configured timeouts: connectTimeoutMS: 20000.0ms)
  probing (device read bytes before=0)...
Traceback (most recent call last):
  File "/tmp/cache_cliff_probe.py", line 371, in <module>
    raise SystemExit(main())
                     ^^^^^^
  File "/tmp/cache_cliff_probe.py", line 312, in main
    version = admin.command("buildInfo")["version"]
              ^^^^^^^^^^^^^^^^^^^^^^^^^^
  File "/usr/local/lib/python3.12/site-packages/pymongo/_csot.py", line 125, in csot_wrapper
    return func(self, *args, **kwargs)
           ^^^^^^^^^^^^^^^^^^^^^^^^^^^
  File "/usr/local/lib/python3.12/site-packages/pymongo/synchronous/database.py", line 953, in command
    return self._client._retryable_read(
           ^^^^^^^^^^^^^^^^^^^^^^^^^^^^^
  File "/usr/local/lib/python3.12/site-packages/pymongo/synchronous/mongo_client.py", line 2076, in _retryable_read
    return self._retry_internal(
           ^^^^^^^^^^^^^^^^^^^^^
  File "/usr/local/lib/python3.12/site-packages/pymongo/_csot.py", line 125, in csot_wrapper
    return func(self, *args, **kwargs)
           ^^^^^^^^^^^^^^^^^^^^^^^^^^^
  File "/usr/local/lib/python3.12/site-packages/pymongo/synchronous/mongo_client.py", line 2038, in _retry_internal
    ).run()
      ^^^^^
  File "/usr/local/lib/python3.12/site-packages/pymongo/synchronous/mongo_client.py", line 2811, in run
    res = self._read() if self._is_read else self._write()
          ^^^^^^^^^^^^
  File "/usr/local/lib/python3.12/site-packages/pymongo/synchronous/mongo_client.py", line 3027, in _read
    self._server = self._get_server()
                   ^^^^^^^^^^^^^^^^^^
  File "/usr/local/lib/python3.12/site-packages/pymongo/synchronous/mongo_client.py", line 2975, in _get_server
    return self._client._select_server(
           ^^^^^^^^^^^^^^^^^^^^^^^^^^^^
  File "/usr/local/lib/python3.12/site-packages/pymongo/synchronous/mongo_client.py", line 1851, in _select_server
    server = topology.select_server(
             ^^^^^^^^^^^^^^^^^^^^^^^
  File "/usr/local/lib/python3.12/site-packages/pymongo/synchronous/topology.py", line 428, in select_server
    server = self._select_server(
             ^^^^^^^^^^^^^^^^^^^^
  File "/usr/local/lib/python3.12/site-packages/pymongo/synchronous/topology.py", line 402, in _select_server
    servers = self.select_servers(
              ^^^^^^^^^^^^^^^^^^^^
  File "/usr/local/lib/python3.12/site-packages/pymongo/synchronous/topology.py", line 298, in select_servers
    server_descriptions = self._select_servers_loop(
                          ^^^^^^^^^^^^^^^^^^^^^^^^^^
  File "/usr/local/lib/python3.12/site-packages/pymongo/synchronous/topology.py", line 359, in _select_servers_loop
    raise ServerSelectionTimeoutError(
pymongo.errors.ServerSelectionTimeoutError: xycalc-cache-cliff-2049-1787291122-r100:27017: timed out (configured timeouts: socketTimeoutMS: 20000.0ms, connectTimeoutMS: 20000.0ms), Timeout: 30.0s, Topology Description: <TopologyDescription id: 6a87f9a8e06015864251acd5, topology_type: Unknown, servers: [<ServerDescription ('xycalc-cache-cliff-2049-1787291122-r100', 27017) server_type: Unknown, rtt: None, error=NetworkTimeout('xycalc-cache-cliff-2049-1787291122-r100:27017: timed out (configured timeouts: socketTimeoutMS: 20000.0ms, connectTimeoutMS: 20000.0ms)')>]>
  device read bytes delta=0
sh: 1: cannot create /tmp/load.json: Read-only file system
sh: 1: cannot create /tmp/probe.json: Read-only file system
Traceback (most recent call last):
  File "<stdin>", line 9, in <module>
  File "<stdin>", line 4, in after_marker
FileNotFoundError: [Errno 2] No such file or directory: '/tmp/load.json'
WARNING: 2 leg(s) failed the device-byte guard.
         Do not import those legs into the corpus.
