device      /dev/sdf  ->  8388608 B/s, 150 IOPS (this container only)
cache       0.25 GB wiredTiger, 640m container (fixed at every ratio)
workload    ratios=[1.0,2.0]  concurrency=1  6s/leg
=== ratio 1.0x  (fresh mongod, direct_io attempt) ===
WARNING: Running pip as the 'root' user can result in broken permissions and conflicting behaviour with the system package manager, possibly rendering your system unusable. It is recommended to use a virtual environment instead: https://pip.pypa.io/warnings/venv. Use the --root-user-action option if you know what you are doing and want to suppress this warning.

[notice] A new release of pip is available: 25.0.1 -> 26.2.1
[notice] To update, run: pip install --upgrade pip
  loading...
sizing for 1.0x oversubscription (tolerance ±10%)...
  pilot 2,000 docs -> 756 B/doc; maxCache=268 MB; loading to 355,073 docs (353,073 more)...
  inserted 102,000...
  inserted 202,000...
  inserted 302,000...
  loaded. dataSize=268 MB  storageSize=269 MB  cache=268 MB  oversubscription=1.00x (target 1.0x)
  probing (device read bytes before=794624)...
probing MongoDB 7.0.40 at 1.0x (concurrency=1, 6.0s)...
    2019.1 ops/s  lat     0.49 ms  pages/op 0.2807  queued 0.000s
  device read bytes delta=387215360
=== ratio 2.0x  (fresh mongod, direct_io attempt) ===
WARNING: Running pip as the 'root' user can result in broken permissions and conflicting behaviour with the system package manager, possibly rendering your system unusable. It is recommended to use a virtual environment instead: https://pip.pypa.io/warnings/venv. Use the --root-user-action option if you know what you are doing and want to suppress this warning.

[notice] A new release of pip is available: 25.0.1 -> 26.2.1
[notice] To update, run: pip install --upgrade pip
  loading...
sizing for 2.0x oversubscription (tolerance ±10%)...
  pilot 2,000 docs -> 756 B/doc; maxCache=268 MB; loading to 710,146 docs (708,146 more)...
  inserted 102,000...
  inserted 202,000...
  inserted 302,000...
  inserted 402,000...
  inserted 502,000...
  inserted 602,000...
  inserted 702,000...
  loaded. dataSize=537 MB  storageSize=539 MB  cache=268 MB  oversubscription=2.00x (target 2.0x)
  probing (device read bytes before=1179648)...
probing MongoDB 7.0.40 at 2.0x (concurrency=1, 6.0s)...
    1230.8 ops/s  lat     0.81 ms  pages/op 0.809  queued 0.000s
  device read bytes delta=569344000
