===== smoke Fri 08/21/2026  1:41:19.18 ===== 
DONE
ocker / path sanity ===
Client:
 Version:           29.7.2
 API version:       1.55
 Go version:        go1.26.5
 Git commit:        a7dcaa6
 Built:             Wed Aug  5 18:31:33 2026
 OS/Arch:           windows/amd64
 Context:           desktop-linux

Server: Docker Desktop 4.87.0 (236836)
 Engine:
  Version:          29.7.2
  API version:      1.55 (minimum version 1.40)
  Go version:       go1.26.5
  Git commit:       6a43e3d
  Built:            Wed Aug  5 18:28:36 2026
  OS/Arch:          linux/amd64
  Experimental:     false
 containerd:
  Version:          v2.2.5
  GitCommit:        e53c7c1516c3b2bff98eb76f1f4117477e6f4e66
 runc:
  Version:          1.3.6
  GitCommit:        v1.3.6-0-g491b69ba
 docker-init:
  Version:          0.19.0
  GitCommit:        de40ad0
C:\Users\Owner\dev\xycalc\tools\bench\cache_cliff_probe.py
=== smoke ===
=== smoke result ===
2166 /mnt/c/Users/Owner/xycalc-results/cache-cliff-smoke.json
  loaded. dataSize=537 MB  storageSize=539 MB  cache=268 MB  oversubscription=2.00x (target 2.0x)
  probing (device read bytes before=1179648)...
probing MongoDB 7.0.40 at 2.0x (concurrency=1, 6.0s)...
    1230.8 ops/s  lat     0.81 ms  pages/op 0.809  queued 0.000s
  device read bytes delta=569344000
Traceback (most recent call last):
  File "<string>", line 1, in <module>
    import json; d=json.load(open('/mnt/c/Users/Owner/xycalc-results/cache-cliff-smoke.json')); print('legs', len(d.get('legs',[])), 'failedGuards', d.get('failedDeviceGuards'))
                   ~~~~~~~~~^^^^^^^^^^^^^^^^^^^^^^^^^^^^^^^^^^^^^^^^^^^^^^^^^^^^^^^^^^^^^^^^^^
  File "/usr/lib/python3.14/json/__init__.py", line 298, in load
    return loads(fp.read(),
        cls=cls, object_hook=object_hook,
        parse_float=parse_float, parse_int=parse_int,
        parse_constant=parse_constant, object_pairs_hook=object_pairs_hook, **kw)
  File "/usr/lib/python3.14/json/__init__.py", line 352, in loads
    return _default_decoder.decode(s)
           ~~~~~~~~~~~~~~~~~~~~~~~^^^
  File "/usr/lib/python3.14/json/decoder.py", line 345, in decode
    obj, end = self.raw_decode(s, idx=_w(s, 0).end())
               ~~~~~~~~~~~~~~~^^^^^^^^^^^^^^^^^^^^^^^
  File "/usr/lib/python3.14/json/decoder.py", line 363, in raw_decode
    raise JSONDecodeError("Expecting value", s, err.value) from None
json.decoder.JSONDecodeError: Expecting value: line 1 column 1 (char 0)
wsl_exit=0 
